<html>
<body>
<pre>
<h1>µVision Build Log</h1>
<h2>Tool Versions:</h2>
IDE-Version: µVision V5.26.2.0
Copyright (C) 2018 ARM Ltd and ARM Germany GmbH. All rights reserved.
License Information: Dan Batan, Cornell Student, LIC=----
 
Tool Versions:
Toolchain:       MDK-Lite  Version: 5.26.2.0
Toolchain Path:  C:\Keil_v5\ARM\ARMCC\Bin
C Compiler:      Armcc.exe V5.06 update 6 (build 750)
Assembler:       Armasm.exe V5.06 update 6 (build 750)
Linker/Locator:  ArmLink.exe V5.06 update 6 (build 750)
Library Manager: ArmAr.exe V5.06 update 6 (build 750)
Hex Converter:   FromElf.exe V5.06 update 6 (build 750)
CPU DLL:         SARMCM3.DLL V5.26.2.0
Dialog DLL:      DCM.DLL V1.17.2.0
Target DLL:      CMSIS_AGDI.dll V1.30.6.0
Dialog DLL:      TCM.DLL V1.36.1.0
 
<h2>Project:</h2>
C:\Users\Dan\Documents\Spring 2019\3140\RockFall\RockFall2.uvprojx
Project File Date:  05/15/2019

<h2>Output:</h2>
*** Using Compiler 'V5.06 update 6 (build 750)', folder: 'C:\Keil_v5\ARM\ARMCC\Bin'
Build target 'Target 1'
compiling rockFall.cpp...
gameObject.h(43): warning:  #1300-D: getType inherits implicit virtual
    ObstacleType getType();
gameObject.h(44): warning:  #1300-D: draw inherits implicit virtual
    void draw(GameBoard &b);
gameObject.h(45): warning:  #1300-D: update inherits implicit virtual
    void update(float dt);
gameObject.h(55): warning:  #1300-D: getType inherits implicit virtual
    ObstacleType getType();
gameObject.h(56): warning:  #1300-D: draw inherits implicit virtual
    void draw(GameBoard &b);
gameObject.h(57): warning:  #1300-D: update inherits implicit virtual
    void update(float dt);
gameObject.h(60): warning:  #1-D: last line of file ends without a newline
  };
rockFall.h(27): warning:  #1300-D: render inherits implicit virtual
    void render();
rockFall.h(28): warning:  #1300-D: update inherits implicit virtual
    void update(float dt);
rockFall.h(29): warning:  #1300-D: preUpdate inherits implicit virtual
    void preUpdate();
rockFall.h(30): warning:  #1300-D: draw inherits implicit virtual
    void draw(GameBoard &board);
rockFall.h(52): warning:  #1-D: last line of file ends without a newline
  };
rockFall.cpp(53): warning:  #1-D: last line of file ends without a newline
  }
rockFall.cpp: 13 warnings, 0 errors
compiling main.cpp...
main.cpp(94): warning:  #111-D: statement is unreachable
  	return 0;
main.cpp: 1 warning, 0 errors
linking...
Program Size: Code=14556 RO-data=2536 RW-data=44 ZI-data=2256  
".\Objects\RockFall2.axf" - 0 Error(s), 14 Warning(s).

<h2>Software Packages used:</h2>

Package Vendor: ARM
                http://www.keil.com/pack/ARM.CMSIS.5.4.0.pack
                ARM.CMSIS.5.4.0
                CMSIS (Cortex Microcontroller Software Interface Standard)
   * Component: I2C Version: 2.3.0
   * Component: CORE Version: 5.1.2

Package Vendor: NXP
                http://mcuxpresso.nxp.com/cmsis_pack/repo/NXP.MK64F12_DFP.11.0.0.pack
                NXP.MK64F12_DFP.11.0.0
                Device Family Pack for MK64F12

Package Vendor: Keil
                http://www.keil.com/pack/Keil.Kinetis_SDK_DFP.2.3.0.pack
                Keil.Kinetis_SDK_DFP.2.3.0
                NXP Kinetis SDK v1.2.0 including MK64FN1M0VLL12 CMSIS Device Support and Drivers
   * Component: KSDK Configuration Version: 
   * Component: Accelerometer Version: 1.2
   * Component: I2C Version: 1.3
   * Component: FRDM-K64F Version: 1.2.0
   * Component: GPIO Version: 1.2.0
   * Component: RTC Version: 1.2.0
   * Component: eDMA Version: 1.2.0
   * Component: DMAMUX Version: 1.2.0
   * Component: GPIO Version: 1.2.0
   * Component: I2C Version: 1.2.0
   * Component: LPTMR Version: 1.2.0
   * Component: MCG Version: 1.2.0
   * Component: OSC Version: 1.2.0
   * Component: PORT Version: 1.2.0
   * Component: RTC Version: 1.2.0
   * Component: SIM Version: 1.2.0
   * Component: UART Version: 1.2.0
   * Component: eDMA Version: 1.2.0
   * Component: OSA Variant: Bare Metal Version: 1.2.0
   * Component: Clock Version: 1.2.0
   * Component: Interrupt Version: 1.2.0
   * Component: Debug Console Version: 1.2.0
   * Component: Startup Version: 2.8

Package Vendor: Keil
                http://www.keil.com/pack/Keil.MDK-Middleware.7.8.0.pack
                Keil.MDK-Middleware.7.8.0
                Middleware for Keil MDK-Professional and MDK-Plus
   * Component: Accelerometer Version: 1.0.0

<h2>Collection of Component include folders:</h2>
  .\RTE\Device\MK64FN1M0VLL12
  .\RTE\_Target_1
  C:\Keil_v5\ARM\PACK\ARM\CMSIS\5.4.0\CMSIS\Core\Include
  C:\Keil_v5\ARM\PACK\ARM\CMSIS\5.4.0\CMSIS\Driver\Include
  C:\Keil_v5\ARM\PACK\Keil\Kinetis_SDK_DFP\2.3.0\examples\frdmk64f
  C:\Keil_v5\ARM\PACK\Keil\Kinetis_SDK_DFP\2.3.0\platform\devices
  C:\Keil_v5\ARM\PACK\Keil\Kinetis_SDK_DFP\2.3.0\platform\drivers\inc
  C:\Keil_v5\ARM\PACK\Keil\Kinetis_SDK_DFP\2.3.0\platform\hal\inc
  C:\Keil_v5\ARM\PACK\Keil\Kinetis_SDK_DFP\2.3.0\platform\osa\inc
  C:\Keil_v5\ARM\PACK\Keil\Kinetis_SDK_DFP\2.3.0\platform\system\inc
  C:\Keil_v5\ARM\PACK\Keil\Kinetis_SDK_DFP\2.3.0\platform\utilities\inc
  C:\Keil_v5\ARM\PACK\Keil\MDK-Middleware\7.8.0\Board
  C:\Keil_v5\ARM\PACK\NXP\MK64F12_DFP\11.0.0

<h2>Collection of Component Files used:</h2>

   * Component: ::Board Support:Accelerometer:1.0.0 (API)
      Include file:  Board\Board_Accelerometer.h

   * Component: ::CMSIS Driver:I2C:2.3.0 (API)
      Include file:  CMSIS\Driver\Include\Driver_I2C.h

   * Component: ::Device:KSDK Configuration (API)

   * Component: ARM::CMSIS:CORE:5.1.2

   * Component: Keil.FRDM-K64F::Board Support:Accelerometer:1.2
      Source file:   addon_mdk\Boards\NXP\FRDM-K64F\Common\FXOS8700.c

   * Component: Keil::CMSIS Driver:I2C:1.3
      Source file:   addon_cmsis\Driver\MK64F\I2C_MK64F.c

   * Component: Keil::Device:KSDK Configuration:FRDM-K64F:1.2.0
      Source file:   examples\frdmk64f\hardware_init.c
      Source file:   examples\frdmk64f\board.c
      Source file:   examples\frdmk64f\gpio_pins.c
      Source file:   examples\frdmk64f\pin_mux.c
      Include file:  examples\frdmk64f\board.h

   * Component: Keil::Device:KSDK Driver:GPIO:1.2.0
      Include file:  platform\drivers\inc\fsl_gpio_driver.h
      Source file:   platform\drivers\src\gpio\fsl_gpio_driver.c
      Source file:   platform\drivers\src\gpio\fsl_gpio_irq.c
      Source file:   platform\drivers\src\gpio\fsl_gpio_lpm_callback.c
      Source file:   platform\drivers\src\gpio\fsl_gpio_common.c

   * Component: Keil::Device:KSDK Driver:RTC:1.2.0
      Include file:  platform\drivers\inc\fsl_rtc_driver.h
      Source file:   platform\drivers\src\rtc\fsl_rtc_irq.c
      Source file:   platform\drivers\src\rtc\fsl_rtc_common.c
      Source file:   platform\drivers\src\rtc\fsl_rtc_lpm_callback.c
      Source file:   platform\drivers\src\rtc\fsl_rtc_driver.c

   * Component: Keil::Device:KSDK Driver:eDMA:1.2.0
      Include file:  platform\drivers\inc\fsl_edma_driver.h
      Source file:   platform\drivers\src\edma\fsl_edma_driver.c
      Source file:   platform\drivers\src\edma\fsl_edma_common.c
      Source file:   platform\drivers\src\edma\fsl_edma_irq.c
      Source file:   platform\drivers\src\edma\fsl_edma_lpm_callback.c

   * Component: Keil::Device:KSDK HAL:DMAMUX:1.2.0
      Include file:  platform\hal\inc\fsl_dmamux_hal.h
      Source file:   platform\hal\src\dmamux\fsl_dmamux_hal.c

   * Component: Keil::Device:KSDK HAL:GPIO:1.2.0
      Source file:   platform\hal\src\gpio\fsl_gpio_hal.c
      Include file:  platform\hal\inc\fsl_gpio_hal.h

   * Component: Keil::Device:KSDK HAL:I2C:1.2.0
      Source file:   platform\hal\src\i2c\fsl_i2c_hal.c
      Include file:  platform\hal\inc\fsl_i2c_hal.h

   * Component: Keil::Device:KSDK HAL:LPTMR:1.2.0
      Include file:  platform\hal\inc\fsl_lptmr_hal.h
      Source file:   platform\hal\src\lptmr\fsl_lptmr_hal.c

   * Component: Keil::Device:KSDK HAL:MCG:1.2.0
      Source file:   platform\hal\src\mcg\fsl_mcg_hal_modes.c
      Source file:   platform\hal\src\mcg\fsl_mcg_hal.c
      Include file:  platform\hal\inc\fsl_mcg_hal.h
      Include file:  platform\hal\inc\fsl_mcg_hal_modes.h

   * Component: Keil::Device:KSDK HAL:OSC:1.2.0
      Source file:   platform\hal\src\osc\fsl_osc_hal.c
      Include file:  platform\hal\inc\fsl_osc_hal.h

   * Component: Keil::Device:KSDK HAL:PORT:1.2.0
      Include file:  platform\hal\inc\fsl_port_hal.h
      Source file:   platform\hal\src\port\fsl_port_hal.c

   * Component: Keil::Device:KSDK HAL:RTC:1.2.0
      Source file:   platform\hal\src\rtc\fsl_rtc_hal.c
      Include file:  platform\hal\inc\fsl_rtc_hal.h

   * Component: Keil::Device:KSDK HAL:SIM:1.2.0
      Include file:  platform\hal\inc\fsl_sim_hal.h
      Source file:   platform\hal\src\sim\MK64F12\fsl_sim_hal_MK64F12.c

   * Component: Keil::Device:KSDK HAL:UART:1.2.0
      Include file:  platform\hal\inc\fsl_uart_hal.h
      Source file:   platform\hal\src\uart\fsl_uart_hal.c

   * Component: Keil::Device:KSDK HAL:eDMA:1.2.0
      Source file:   platform\hal\src\edma\fsl_edma_hal.c
      Include file:  platform\hal\inc\fsl_edma_hal.h

   * Component: Keil::Device:KSDK OSA:OSA:Bare Metal:1.2.0
      Include file:  platform\osa\inc\fsl_os_abstraction.h
      Source file:   platform\osa\src\fsl_os_abstraction_bm.c

   * Component: Keil::Device:KSDK System:Clock:1.2.0
      Include file:  platform\system\inc\fsl_clock_manager.h
      Source file:   platform\system\src\clock\fsl_clock_manager_common.c
      Source file:   platform\system\src\clock\fsl_clock_manager.c
      Source file:   platform\system\src\clock\MK64F12\fsl_clock_MK64F12.c

   * Component: Keil::Device:KSDK System:Interrupt:1.2.0
      Source file:   platform\system\src\interrupt\fsl_interrupt_manager.c
      Include file:  platform\system\inc\fsl_interrupt_manager.h

   * Component: Keil::Device:KSDK Utility:Debug Console:1.2.0
      Source file:   platform\utilities\src\print_scan.c
      Source file:   platform\utilities\src\fsl_debug_console.c
      Include file:  platform\utilities\inc\fsl_debug_console.h

   * Component: Keil::Device:Startup:2.8
      Source file:   platform\devices\MK64F12\startup\arm\startup_MK64F12.s
      Include file:  platform\devices\MK64F12\startup\system_MK64F12.h
      Source file:   platform\devices\startup.c
      Source file:   platform\devices\MK64F12\startup\system_MK64F12.c
      Include file:  addon_cmsis\Driver\MK64F\Config\RTE_Device.h
Build Time Elapsed:  00:00:14
</pre>
</body>
</html>
