Component: ARM Compiler 5.06 update 6 (build 750) Tool: armlink [4d35ed]

==============================================================================

Section Cross References

    ledtesty.o(i._Z10board_initv) refers to ledtesty.o(.data) for topDriver
    ledtesty.o(i._Z11clearBufferv) refers to ledtesty.o(.bss) for topBuff
    ledtesty.o(i._Z13board_displayv) refers to ledtesty.o(.data) for topDriver
    ledtesty.o(i._Z13board_displayv) refers to ledtesty.o(.bss) for topBuff
    ledtesty.o(i._Z8i2c_initv) refers to ledtesty.o(.data) for topDriver
    ledtesty.o(i.main) refers to hardware_init.o(i.hardware_init) for hardware_init
    ledtesty.o(i.main) refers to ledtesty.o(i._Z8i2c_initv) for i2c_init()
    ledtesty.o(i.main) refers to ledtesty.o(i._Z10board_initv) for board_init()
    ledtesty.o(i.main) refers to ledtesty.o(i._Z11clearBufferv) for clearBuffer()
    ledtesty.o(i.main) refers to ledtesty.o(i._Z13board_displayv) for board_display()
    ledtesty.o(i.main) refers to ledtesty.o(.bss) for topBuff
    ledtesty.o(.ARM.exidx) refers to ledtesty.o(i._Z8i2c_initv) for i._Z8i2c_initv
    ledtesty.o(.ARM.exidx) refers to ledtesty.o(i._Z10board_initv) for i._Z10board_initv
    ledtesty.o(.ARM.exidx) refers to ledtesty.o(i._Z13board_displayv) for i._Z13board_displayv
    ledtesty.o(.ARM.exidx) refers to ledtesty.o(i._Z11clearBufferv) for i._Z11clearBufferv
    ledtesty.o(.ARM.exidx) refers to ledtesty.o(i.main) for i.main
    ledtesty.o(.data) refers to i2c_mk64f.o(.constdata) for Driver_I2C0
    fxos8700.o(i.Accelerometer_GetState) refers to fxos8700.o(.data) for Status
    fxos8700.o(i.Accelerometer_GetState) refers to i2c_mk64f.o(.constdata) for Driver_I2C0
    fxos8700.o(i.Accelerometer_Initialize) refers to fxos8700.o(i.Initialize) for Initialize
    fxos8700.o(i.Accelerometer_Initialize) refers to fxos8700.o(.data) for Status
    fxos8700.o(i.Accelerometer_Uninitialize) refers to fxos8700.o(.data) for Status
    fxos8700.o(i.Initialize) refers to fxos8700.o(i.Register_Read) for Register_Read
    fxos8700.o(i.Initialize) refers to fxos8700.o(i.Register_Write) for Register_Write
    fxos8700.o(i.Initialize) refers to fxos8700.o(.data) for Status
    fxos8700.o(i.Initialize) refers to i2c_mk64f.o(.constdata) for Driver_I2C0
    fxos8700.o(i.Magnetometer_GetState) refers to fxos8700.o(.data) for Status
    fxos8700.o(i.Magnetometer_GetState) refers to i2c_mk64f.o(.constdata) for Driver_I2C0
    fxos8700.o(i.Magnetometer_Initialize) refers to fxos8700.o(i.Initialize) for Initialize
    fxos8700.o(i.Magnetometer_Initialize) refers to fxos8700.o(.data) for Status
    fxos8700.o(i.Magnetometer_Uninitialize) refers to fxos8700.o(.data) for Status
    fxos8700.o(i.Register_Read) refers to i2c_mk64f.o(.constdata) for Driver_I2C0
    fxos8700.o(i.Register_Write) refers to i2c_mk64f.o(.constdata) for Driver_I2C0
    i2c_mk64f.o(i.EDMA_DRV_PrepareDescriptorTransfer) refers to fsl_edma_hal.o(i.EDMA_HAL_STCDSetBasicTransfer) for EDMA_HAL_STCDSetBasicTransfer
    i2c_mk64f.o(i.EDMA_DRV_PrepareDescriptorTransfer) refers to fsl_edma_common.o(.constdata) for g_edmaBase
    i2c_mk64f.o(i.EDMA_HAL_STCDSetBandwidth) refers to assert.o(.text) for __aeabi_assert
    i2c_mk64f.o(i.EDMA_HAL_STCDSetBandwidth) refers to i2c_mk64f.o(.conststring) for .conststring
    i2c_mk64f.o(i.EDMA_HAL_STCDSetChannelMajorLink) refers to assert.o(.text) for __aeabi_assert
    i2c_mk64f.o(i.EDMA_HAL_STCDSetChannelMajorLink) refers to i2c_mk64f.o(.conststring) for .conststring
    i2c_mk64f.o(i.EDMA_HAL_STCDSetDisableDmaRequestAfterTCDDoneCmd) refers to assert.o(.text) for __aeabi_assert
    i2c_mk64f.o(i.EDMA_HAL_STCDSetDisableDmaRequestAfterTCDDoneCmd) refers to i2c_mk64f.o(.conststring) for .conststring
    i2c_mk64f.o(i.EDMA_HAL_STCDSetHalfCompleteIntCmd) refers to assert.o(.text) for __aeabi_assert
    i2c_mk64f.o(i.EDMA_HAL_STCDSetHalfCompleteIntCmd) refers to i2c_mk64f.o(.conststring) for .conststring
    i2c_mk64f.o(i.EDMA_HAL_STCDSetScatterGatherCmd) refers to assert.o(.text) for __aeabi_assert
    i2c_mk64f.o(i.EDMA_HAL_STCDSetScatterGatherCmd) refers to i2c_mk64f.o(.conststring) for .conststring
    i2c_mk64f.o(i.GPIO_HAL_ClearPinOutput) refers to assert.o(.text) for __aeabi_assert
    i2c_mk64f.o(i.GPIO_HAL_ClearPinOutput) refers to i2c_mk64f.o(.conststring) for .conststring
    i2c_mk64f.o(i.GPIO_HAL_ReadPinInput) refers to assert.o(.text) for __aeabi_assert
    i2c_mk64f.o(i.GPIO_HAL_ReadPinInput) refers to i2c_mk64f.o(.conststring) for .conststring
    i2c_mk64f.o(i.GPIO_HAL_SetPinOutput) refers to assert.o(.text) for __aeabi_assert
    i2c_mk64f.o(i.GPIO_HAL_SetPinOutput) refers to i2c_mk64f.o(.conststring) for .conststring
    i2c_mk64f.o(i.I2C0_Control) refers to i2c_mk64f.o(i.I2C_Control) for I2C_Control
    i2c_mk64f.o(i.I2C0_Control) refers to i2c_mk64f.o(.constdata) for I2C0_Resources
    i2c_mk64f.o(i.I2C0_GetDataCount) refers to i2c_mk64f.o(i.I2C_GetDataCount) for I2C_GetDataCount
[...]
    i.EDMA_HAL_SetDmaRequestCmd              0x00001dac   Section        0  fsl_edma_hal.o(i.EDMA_HAL_SetDmaRequestCmd)
    i.EDMA_HAL_SetErrorIntCmd                0x00001db6   Section        0  fsl_edma_hal.o(i.EDMA_HAL_SetErrorIntCmd)
    i.GPIO_HAL_ClearPinOutput                0x00001dc0   Section        0  i2c_mk64f.o(i.GPIO_HAL_ClearPinOutput)
    GPIO_HAL_ClearPinOutput                  0x00001dc1   Thumb Code    30  i2c_mk64f.o(i.GPIO_HAL_ClearPinOutput)
    i.GPIO_HAL_ReadPinInput                  0x00001df0   Section        0  i2c_mk64f.o(i.GPIO_HAL_ReadPinInput)
    GPIO_HAL_ReadPinInput                    0x00001df1   Thumb Code    34  i2c_mk64f.o(i.GPIO_HAL_ReadPinInput)
    i.GPIO_HAL_SetPinDir                     0x00001e24   Section        0  fsl_gpio_hal.o(i.GPIO_HAL_SetPinDir)
    i.GPIO_HAL_SetPinOutput                  0x00001e68   Section        0  i2c_mk64f.o(i.GPIO_HAL_SetPinOutput)
    GPIO_HAL_SetPinOutput                    0x00001e69   Thumb Code    30  i2c_mk64f.o(i.GPIO_HAL_SetPinOutput)
    i.I2C0_Control                           0x00001e98   Section        0  i2c_mk64f.o(i.I2C0_Control)
    I2C0_Control                             0x00001e99   Thumb Code    18  i2c_mk64f.o(i.I2C0_Control)
    i.I2C0_GetDataCount                      0x00001eb0   Section        0  i2c_mk64f.o(i.I2C0_GetDataCount)
    I2C0_GetDataCount                        0x00001eb1   Thumb Code    10  i2c_mk64f.o(i.I2C0_GetDataCount)
    i.I2C0_GetStatus                         0x00001ec0   Section        0  i2c_mk64f.o(i.I2C0_GetStatus)
    I2C0_GetStatus                           0x00001ec1   Thumb Code    12  i2c_mk64f.o(i.I2C0_GetStatus)
    i.I2C0_IRQHandler                        0x00001ed0   Section        0  i2c_mk64f.o(i.I2C0_IRQHandler)
    i.I2C0_Initialize                        0x00001ee0   Section        0  i2c_mk64f.o(i.I2C0_Initialize)
    I2C0_Initialize                          0x00001ee1   Thumb Code    14  i2c_mk64f.o(i.I2C0_Initialize)
    i.I2C0_MasterReceive                     0x00001ef4   Section        0  i2c_mk64f.o(i.I2C0_MasterReceive)
    I2C0_MasterReceive                       0x00001ef5   Thumb Code    28  i2c_mk64f.o(i.I2C0_MasterReceive)
    i.I2C0_MasterTransmit                    0x00001f14   Section        0  i2c_mk64f.o(i.I2C0_MasterTransmit)
    I2C0_MasterTransmit                      0x00001f15   Thumb Code    28  i2c_mk64f.o(i.I2C0_MasterTransmit)
    i.I2C0_PowerControl                      0x00001f34   Section        0  i2c_mk64f.o(i.I2C0_PowerControl)
    I2C0_PowerControl                        0x00001f35   Thumb Code    14  i2c_mk64f.o(i.I2C0_PowerControl)
    i.I2C0_SlaveReceive                      0x00001f48   Section        0  i2c_mk64f.o(i.I2C0_SlaveReceive)
    I2C0_SlaveReceive                        0x00001f49   Thumb Code    18  i2c_mk64f.o(i.I2C0_SlaveReceive)
    i.I2C0_SlaveTransmit                     0x00001f60   Section        0  i2c_mk64f.o(i.I2C0_SlaveTransmit)
    I2C0_SlaveTransmit                       0x00001f61   Thumb Code    18  i2c_mk64f.o(i.I2C0_SlaveTransmit)
    i.I2C0_Uninitialize                      0x00001f78   Section        0  i2c_mk64f.o(i.I2C0_Uninitialize)
    I2C0_Uninitialize                        0x00001f79   Thumb Code    10  i2c_mk64f.o(i.I2C0_Uninitialize)
    i.I2C1_Control                           0x00001f88   Section        0  i2c_mk64f.o(i.I2C1_Control)
    I2C1_Control                             0x00001f89   Thumb Code    18  i2c_mk64f.o(i.I2C1_Control)
    i.I2C1_GetDataCount                      0x00001fa0   Section        0  i2c_mk64f.o(i.I2C1_GetDataCount)
    I2C1_GetDataCount                        0x00001fa1   Thumb Code    10  i2c_mk64f.o(i.I2C1_GetDataCount)
    i.I2C1_GetStatus                         0x00001fb0   Section        0  i2c_mk64f.o(i.I2C1_GetStatus)
    I2C1_GetStatus                           0x00001fb1   Thumb Code    12  i2c_mk64f.o(i.I2C1_GetStatus)
    i.I2C1_IRQHandler                        0x00001fc0   Section        0  i2c_mk64f.o(i.I2C1_IRQHandler)
    i.I2C1_Initialize                        0x00001fd0   Section        0  i2c_mk64f.o(i.I2C1_Initialize)
    I2C1_Initialize                          0x00001fd1   Thumb Code    14  i2c_mk64f.o(i.I2C1_Initialize)
    i.I2C1_MasterReceive                     0x00001fe4   Section        0  i2c_mk64f.o(i.I2C1_MasterReceive)
    I2C1_MasterReceive                       0x00001fe5   Thumb Code    28  i2c_mk64f.o(i.I2C1_MasterReceive)
    i.I2C1_MasterTransmit                    0x00002004   Section        0  i2c_mk64f.o(i.I2C1_MasterTransmit)
    I2C1_MasterTransmit                      0x00002005   Thumb Code    28  i2c_mk64f.o(i.I2C1_MasterTransmit)
    i.I2C1_PowerControl                      0x00002024   Section        0  i2c_mk64f.o(i.I2C1_PowerControl)
    I2C1_PowerControl                        0x00002025   Thumb Code    14  i2c_mk64f.o(i.I2C1_PowerControl)
    i.I2C1_SlaveReceive                      0x00002038   Section        0  i2c_mk64f.o(i.I2C1_SlaveReceive)
    I2C1_SlaveReceive                        0x00002039   Thumb Code    18  i2c_mk64f.o(i.I2C1_SlaveReceive)
    i.I2C1_SlaveTransmit                     0x00002050   Section        0  i2c_mk64f.o(i.I2C1_SlaveTransmit)
    I2C1_SlaveTransmit                       0x00002051   Thumb Code    18  i2c_mk64f.o(i.I2C1_SlaveTransmit)
    i.I2C1_Uninitialize                      0x00002068   Section        0  i2c_mk64f.o(i.I2C1_Uninitialize)
    I2C1_Uninitialize                        0x00002069   Thumb Code    10  i2c_mk64f.o(i.I2C1_Uninitialize)
    i.I2C2_Control                           0x00002078   Section        0  i2c_mk64f.o(i.I2C2_Control)
    I2C2_Control                             0x00002079   Thumb Code    18  i2c_mk64f.o(i.I2C2_Control)
    i.I2C2_GetDataCount                      0x00002090   Section        0  i2c_mk64f.o(i.I2C2_GetDataCount)
    I2C2_GetDataCount                        0x00002091   Thumb Code    10  i2c_mk64f.o(i.I2C2_GetDataCount)
    i.I2C2_GetStatus                         0x000020a0   Section        0  i2c_mk64f.o(i.I2C2_GetStatus)
    I2C2_GetStatus                           0x000020a1   Thumb Code    12  i2c_mk64f.o(i.I2C2_GetStatus)
    i.I2C2_IRQHandler                        0x000020b0   Section        0  i2c_mk64f.o(i.I2C2_IRQHandler)
    i.I2C2_Initialize                        0x000020c0   Section        0  i2c_mk64f.o(i.I2C2_Initialize)
    I2C2_Initialize                          0x000020c1   Thumb Code    14  i2c_mk64f.o(i.I2C2_Initialize)
    i.I2C2_MasterReceive                     0x000020d4   Section        0  i2c_mk64f.o(i.I2C2_MasterReceive)
    I2C2_MasterReceive                       0x000020d5   Thumb Code    28  i2c_mk64f.o(i.I2C2_MasterReceive)
    i.I2C2_MasterTransmit                    0x000020f4   Section        0  i2c_mk64f.o(i.I2C2_MasterTransmit)
    I2C2_MasterTransmit                      0x000020f5   Thumb Code    28  i2c_mk64f.o(i.I2C2_MasterTransmit)
    i.I2C2_PowerControl                      0x00002114   Section        0  i2c_mk64f.o(i.I2C2_PowerControl)
    I2C2_PowerControl                        0x00002115   Thumb Code    14  i2c_mk64f.o(i.I2C2_PowerControl)
    i.I2C2_SlaveReceive                      0x00002128   Section        0  i2c_mk64f.o(i.I2C2_SlaveReceive)
    I2C2_SlaveReceive                        0x00002129   Thumb Code    18  i2c_mk64f.o(i.I2C2_SlaveReceive)
    i.I2C2_SlaveTransmit                     0x00002140   Section        0  i2c_mk64f.o(i.I2C2_SlaveTransmit)
    I2C2_SlaveTransmit                       0x00002141   Thumb Code    18  i2c_mk64f.o(i.I2C2_SlaveTransmit)
    i.I2C2_Uninitialize                      0x00002158   Section        0  i2c_mk64f.o(i.I2C2_Uninitialize)
    I2C2_Uninitialize                        0x00002159   Thumb Code    10  i2c_mk64f.o(i.I2C2_Uninitialize)
    i.I2CX_GetCapabilities                   0x00002168   Section        0  i2c_mk64f.o(i.I2CX_GetCapabilities)
    I2CX_GetCapabilities                     0x00002169   Thumb Code     6  i2c_mk64f.o(i.I2CX_GetCapabilities)
    i.I2CX_GetVersion                        0x00002174   Section        0  i2c_mk64f.o(i.I2CX_GetVersion)
    I2CX_GetVersion                          0x00002175   Thumb Code    10  i2c_mk64f.o(i.I2CX_GetVersion)
    i.I2C_Control                            0x00002184   Section        0  i2c_mk64f.o(i.I2C_Control)
    I2C_Control                              0x00002185   Thumb Code   480  i2c_mk64f.o(i.I2C_Control)
    i.I2C_GetDataCount                       0x00002378   Section        0  i2c_mk64f.o(i.I2C_GetDataCount)
    I2C_GetDataCount                         0x00002379   Thumb Code    20  i2c_mk64f.o(i.I2C_GetDataCount)
    i.I2C_GetStatus                          0x0000238c   Section        0  i2c_mk64f.o(i.I2C_GetStatus)
    I2C_GetStatus                            0x0000238d   Thumb Code     8  i2c_mk64f.o(i.I2C_GetStatus)
    i.I2C_HAL_ClearInt                       0x00002394   Section        0  i2c_mk64f.o(i.I2C_HAL_ClearInt)
    I2C_HAL_ClearInt                         0x00002395   Thumb Code     6  i2c_mk64f.o(i.I2C_HAL_ClearInt)
    i.I2C_HAL_GetStatusFlag                  0x0000239a   Section        0  i2c_mk64f.o(i.I2C_HAL_GetStatusFlag)
    I2C_HAL_GetStatusFlag                    0x0000239b   Thumb Code    12  i2c_mk64f.o(i.I2C_HAL_GetStatusFlag)
    i.I2C_HAL_GetStatusFlag                  0x000023a6   Section        0  fsl_i2c_hal.o(i.I2C_HAL_GetStatusFlag)
    I2C_HAL_GetStatusFlag                    0x000023a7   Thumb Code    12  fsl_i2c_hal.o(i.I2C_HAL_GetStatusFlag)
    i.I2C_HAL_Init                           0x000023b2   Section        0  fsl_i2c_hal.o(i.I2C_HAL_Init)
    i.I2C_HAL_IsMaster                       0x000023d0   Section        0  i2c_mk64f.o(i.I2C_HAL_IsMaster)
    I2C_HAL_IsMaster                         0x000023d1   Thumb Code    22  i2c_mk64f.o(i.I2C_HAL_IsMaster)
    i.I2C_HAL_ReadByte                       0x000023e6   Section        0  i2c_mk64f.o(i.I2C_HAL_ReadByte)
    I2C_HAL_ReadByte                         0x000023e7   Thumb Code     6  i2c_mk64f.o(i.I2C_HAL_ReadByte)
    i.I2C_HAL_SendAck                        0x000023ec   Section        0  i2c_mk64f.o(i.I2C_HAL_SendAck)
    I2C_HAL_SendAck                          0x000023ed   Thumb Code    14  i2c_mk64f.o(i.I2C_HAL_SendAck)
    i.I2C_HAL_SendNak                        0x000023fa   Section        0  i2c_mk64f.o(i.I2C_HAL_SendNak)
    I2C_HAL_SendNak                          0x000023fb   Thumb Code    14  i2c_mk64f.o(i.I2C_HAL_SendNak)
    i.I2C_HAL_SendStart                      0x00002408   Section        0  fsl_i2c_hal.o(i.I2C_HAL_SendStart)
    i.I2C_HAL_SendStop                       0x0000242c   Section        0  fsl_i2c_hal.o(i.I2C_HAL_SendStop)
    i.I2C_HAL_SetAddress10bit                0x00002498   Section        0  fsl_i2c_hal.o(i.I2C_HAL_SetAddress10bit)
    i.I2C_HAL_SetAddress7bit                 0x000024ba   Section        0  fsl_i2c_hal.o(i.I2C_HAL_SetAddress7bit)
    i.I2C_HAL_SetBaudRate                    0x000024d0   Section        0  fsl_i2c_hal.o(i.I2C_HAL_SetBaudRate)
    i.I2C_HAL_SetDirMode                     0x00002578   Section        0  i2c_mk64f.o(i.I2C_HAL_SetDirMode)
    I2C_HAL_SetDirMode                       0x00002579   Thumb Code    12  i2c_mk64f.o(i.I2C_HAL_SetDirMode)
    i.I2C_HAL_SetDmaCmd                      0x00002584   Section        0  i2c_mk64f.o(i.I2C_HAL_SetDmaCmd)
    I2C_HAL_SetDmaCmd                        0x00002585   Thumb Code    12  i2c_mk64f.o(i.I2C_HAL_SetDmaCmd)
    i.I2C_HAL_SetIntCmd                      0x00002590   Section        0  i2c_mk64f.o(i.I2C_HAL_SetIntCmd)
    I2C_HAL_SetIntCmd                        0x00002591   Thumb Code    12  i2c_mk64f.o(i.I2C_HAL_SetIntCmd)
    i.I2C_HAL_WriteByte                      0x0000259c   Section        0  i2c_mk64f.o(i.I2C_HAL_WriteByte)
    I2C_HAL_WriteByte                        0x0000259d   Thumb Code     4  i2c_mk64f.o(i.I2C_HAL_WriteByte)
    i.I2C_Initialize                         0x000025a0   Section        0  i2c_mk64f.o(i.I2C_Initialize)
    I2C_Initialize                           0x000025a1   Thumb Code   244  i2c_mk64f.o(i.I2C_Initialize)
    i.I2C_MasterReceive                      0x00002698   Section        0  i2c_mk64f.o(i.I2C_MasterReceive)
    I2C_MasterReceive                        0x00002699   Thumb Code   318  i2c_mk64f.o(i.I2C_MasterReceive)
    i.I2C_MasterTransmit                     0x000027d6   Section        0  i2c_mk64f.o(i.I2C_MasterTransmit)
    I2C_MasterTransmit                       0x000027d7   Thumb Code   318  i2c_mk64f.o(i.I2C_MasterTransmit)
    i.I2C_PowerControl                       0x00002914   Section        0  i2c_mk64f.o(i.I2C_PowerControl)
    I2C_PowerControl                         0x00002915   Thumb Code   386  i2c_mk64f.o(i.I2C_PowerControl)
    i.I2C_SlaveReceive                       0x00002aa0   Section        0  i2c_mk64f.o(i.I2C_SlaveReceive)
    I2C_SlaveReceive                         0x00002aa1   Thumb Code    80  i2c_mk64f.o(i.I2C_SlaveReceive)
    i.I2C_SlaveTransmit                      0x00002af0   Section        0  i2c_mk64f.o(i.I2C_SlaveTransmit)
    I2C_SlaveTransmit                        0x00002af1   Thumb Code    80  i2c_mk64f.o(i.I2C_SlaveTransmit)
    i.I2C_Uninitialize                       0x00002b40   Section        0  i2c_mk64f.o(i.I2C_Uninitialize)
    I2C_Uninitialize                         0x00002b41   Thumb Code    10  i2c_mk64f.o(i.I2C_Uninitialize)
    i.I2Cx_DMA_Callback                      0x00002b4c   Section        0  i2c_mk64f.o(i.I2Cx_DMA_Callback)
    I2Cx_DMA_Callback                        0x00002b4d   Thumb Code    90  i2c_mk64f.o(i.I2Cx_DMA_Callback)
    i.I2Cx_IRQHandler                        0x00002bac   Section        0  i2c_mk64f.o(i.I2Cx_IRQHandler)
    I2Cx_IRQHandler                          0x00002bad   Thumb Code  1170  i2c_mk64f.o(i.I2Cx_IRQHandler)
    i.OSC_HAL_SetCapacitor                   0x0000303e   Section        0  fsl_osc_hal.o(i.OSC_HAL_SetCapacitor)
    i.OSC_HAL_SetExternalRefClkCmd           0x0000304a   Section        0  fsl_clock_manager.o(i.OSC_HAL_SetExternalRefClkCmd)
    OSC_HAL_SetExternalRefClkCmd             0x0000304b   Thumb Code    10  fsl_clock_manager.o(i.OSC_HAL_SetExternalRefClkCmd)
    i.OSC_HAL_SetExternalRefClkInStopModeCmd 0x00003054   Section        0  fsl_clock_manager.o(i.OSC_HAL_SetExternalRefClkInStopModeCmd)
    OSC_HAL_SetExternalRefClkInStopModeCmd   0x00003055   Thumb Code    10  fsl_clock_manager.o(i.OSC_HAL_SetExternalRefClkInStopModeCmd)
    i.PORT_HAL_SetMuxMode                    0x00003060   Section        0  i2c_mk64f.o(i.PORT_HAL_SetMuxMode)
    PORT_HAL_SetMuxMode                      0x00003061   Thumb Code    48  i2c_mk64f.o(i.PORT_HAL_SetMuxMode)
    i.PORT_HAL_SetMuxMode                    0x000030a4   Section        0  pin_mux.o(i.PORT_HAL_SetMuxMode)
    PORT_HAL_SetMuxMode                      0x000030a5   Thumb Code    48  pin_mux.o(i.PORT_HAL_SetMuxMode)
    i.PORT_HAL_SetOpenDrainCmd               0x000030e8   Section        0  i2c_mk64f.o(i.PORT_HAL_SetOpenDrainCmd)
    PORT_HAL_SetOpenDrainCmd                 0x000030e9   Thumb Code    38  i2c_mk64f.o(i.PORT_HAL_SetOpenDrainCmd)
    i.PTx_Base                               0x00003120   Section        0  i2c_mk64f.o(i.PTx_Base)
    PTx_Base                                 0x00003121   Thumb Code    72  i2c_mk64f.o(i.PTx_Base)
    i.RTC_HAL_SetOscillatorCmd               0x00003178   Section        0  fsl_clock_manager.o(i.RTC_HAL_SetOscillatorCmd)
    RTC_HAL_SetOscillatorCmd                 0x00003179   Thumb Code    14  fsl_clock_manager.o(i.RTC_HAL_SetOscillatorCmd)
    i.SIM_HAL_EnableClock                    0x00003186   Section        0  fsl_clock_mk64f12.o(i.SIM_HAL_EnableClock)
    SIM_HAL_EnableClock                      0x00003187   Thumb Code    34  fsl_clock_mk64f12.o(i.SIM_HAL_EnableClock)
    i.SystemCoreClockUpdate                  0x000031a8   Section        0  system_mk64f12.o(i.SystemCoreClockUpdate)
    i.SystemInit                             0x0000336c   Section        0  system_mk64f12.o(i.SystemInit)
    i.UART_HAL_Getchar                       0x00003398   Section        0  fsl_uart_hal.o(i.UART_HAL_Getchar)
    i.UART_HAL_Putchar                       0x000033a4   Section        0  fsl_uart_hal.o(i.UART_HAL_Putchar)
    i.UART_HAL_ReceiveDataPolling            0x000033ae   Section        0  fsl_uart_hal.o(i.UART_HAL_ReceiveDataPolling)
    i.UART_HAL_SendDataPolling               0x00003404   Section        0  fsl_uart_hal.o(i.UART_HAL_SendDataPolling)
    i.UART_HAL_SetBaudRate                   0x00003432   Section        0  fsl_uart_hal.o(i.UART_HAL_SetBaudRate)
    i.UART_HAL_SetParityMode                 0x00003476   Section        0  fsl_uart_hal.o(i.UART_HAL_SetParityMode)
    i._Z10board_initv                        0x00003494   Section        0  ledtesty.o(i._Z10board_initv)
    i._Z11clearBufferv                       0x000035a0   Section        0  ledtesty.o(i._Z11clearBufferv)
    i._Z13board_displayv                     0x000035c0   Section        0  ledtesty.o(i._Z13board_displayv)
    i._Z8i2c_initv                           0x00003624   Section        0  ledtesty.o(i._Z8i2c_initv)
    i.configure_uart_pins                    0x00003658   Section        0  pin_mux.o(i.configure_uart_pins)
    i.dbg_uart_init                          0x000036a0   Section        0  board.o(i.dbg_uart_init)
    i.hardware_init                          0x000036b6   Section        0  hardware_init.o(i.hardware_init)
    i.init_data_bss                          0x000036dc   Section        0  startup.o(i.init_data_bss)
    i.main                                   0x00003724   Section        0  ledtesty.o(i.main)
    x$fpl$fpinit                             0x00003748   Section       10  fpinit.o(x$fpl$fpinit)
    $v0                                      0x00003748   Number         0  fpinit.o(x$fpl$fpinit)
    .constdata                               0x00003754   Section      272  i2c_mk64f.o(.constdata)
    DriverVersion                            0x00003754   Data           4  i2c_mk64f.o(.constdata)
    DriverCapabilities                       0x00003758   Data           4  i2c_mk64f.o(.constdata)
    I2C0_Resources                           0x0000375c   Data          40  i2c_mk64f.o(.constdata)
    I2C1_Resources                           0x00003784   Data          40  i2c_mk64f.o(.constdata)
    I2C2_Resources                           0x000037ac   Data          40  i2c_mk64f.o(.constdata)
    .constdata                               0x00003864   Section       72  board.o(.constdata)
    .constdata                               0x000038ac   Section       25  fsl_edma_common.o(.constdata)
    .constdata                               0x000038c8   Section        6  fsl_rtc_common.o(.constdata)
    .constdata                               0x000038ce   Section      200  fsl_i2c_hal.o(.constdata)
    .constdata                               0x00003996   Section       48  fsl_mcg_hal.o(.constdata)
    fllFactorTable                           0x00003996   Data          16  fsl_mcg_hal.o(.constdata)
    freq_kHz                                 0x000039a6   Data          16  fsl_mcg_hal.o(.constdata)
    freqLow_kHz                              0x000039b6   Data          16  fsl_mcg_hal.o(.constdata)
    .constdata                               0x000039c6   Section       25  fsl_clock_mk64f12.o(.constdata)
    portGateTable                            0x000039c6   Data           5  fsl_clock_mk64f12.o(.constdata)
    adcGateTable                             0x000039cb   Data           2  fsl_clock_mk64f12.o(.constdata)
    dacGateTable                             0x000039cd   Data           2  fsl_clock_mk64f12.o(.constdata)
    ftmGateTable                             0x000039cf   Data           4  fsl_clock_mk64f12.o(.constdata)
    spiGateTable                             0x000039d3   Data           3  fsl_clock_mk64f12.o(.constdata)
    i2cGateTable                             0x000039d6   Data           3  fsl_clock_mk64f12.o(.constdata)
    uartGateTable                            0x000039d9   Data           6  fsl_clock_mk64f12.o(.constdata)
    .constdata                               0x000039e0   Section       12  fsl_clock_manager_common.o(.constdata)
    .constdata                               0x000039ec   Section       24  fsl_debug_console.o(.constdata)
    .conststring                             0x00003a04   Section      239  i2c_mk64f.o(.conststring)
    .conststring                             0x00003af4   Section       81  fsl_edma_driver.o(.conststring)
    .conststring                             0x00003b48   Section       84  fsl_edma_hal.o(.conststring)
    .conststring                             0x00003b9c   Section       84  fsl_gpio_hal.o(.conststring)
    .conststring                             0x00003bf0   Section       82  fsl_i2c_hal.o(.conststring)
    .conststring                             0x00003c44   Section      101  fsl_clock_mk64f12.o(.conststring)
    .conststring                             0x00003cac   Section       93  fsl_clock_manager.o(.conststring)
    .data                                    0x20000000   Section       12  ledtesty.o(.data)
    topDriver                                0x20000000   Data           4  ledtesty.o(.data)
    botDriver                                0x20000004   Data           4  ledtesty.o(.data)
    .data                                    0x2000000c   Section        4  fsl_edma_driver.o(.data)
    .data                                    0x20000010   Section       16  fsl_mcg_hal.o(.data)
    .data                                    0x20000020   Section        4  system_mk64f12.o(.data)
    .bss                                     0x20000024   Section       34  ledtesty.o(.bss)
    .bss                                     0x20000048   Section       96  i2c_mk64f.o(.bss)
    I2C0_Ctrl                                0x20000048   Data          32  i2c_mk64f.o(.bss)
    I2C1_Ctrl                                0x20000068   Data          32  i2c_mk64f.o(.bss)
    I2C2_Ctrl                                0x20000088   Data          32  i2c_mk64f.o(.bss)
    .bss                                     0x200000a8   Section       16  fsl_debug_console.o(.bss)
    s_debugConsole                           0x200000a8   Data          16  fsl_debug_console.o(.bss)

    Global Symbols

    Symbol Name                              Value     Ov Type        Size  Object(Section)

    BuildAttributes$$THM_ISAv4$E$P$D$K$B$S$7EM$VFPi3$EXTD16$VFPS$VFMA$PE$A:L22UL41UL21$X:L11$S22US41US21$IEEE1$IW$USESV6$~STKCKD$USESV7$~SHL$OTIME$ROPI$EBA8$UX$STANDARDLIB$REQ8$PRES8$EABIv2 0x00000000   Number         0  anon$$obj.o ABSOLUTE
    Image$$VECTOR_RAM$$Base                  0x00000000   Number         0  anon$$obj.o ABSOLUTE
    Image$$VECTOR_ROM$$Base                  0x00000000   Number         0  anon$$obj.o ABSOLUTE
    __ARM_use_no_argv                        0x00000000   Number         0  ledtesty.o ABSOLUTE
    __Vectors                                0x00000000   Data           4  startup_mk64f12.o(RESET)
    Image$$ZI$$Limit                          - Undefined Weak Reference
    __ARM_exceptions_init                     - Undefined Weak Reference
    __alloca_initialize                       - Undefined Weak Reference
    __arm_preinit_                            - Undefined Weak Reference
    __cpp_initialize__aeabi_                  - Undefined Weak Reference
    __cxa_finalize                            - Undefined Weak Reference
    __rt_locale                               - Undefined Weak Reference
    __sigvec_lookup                           - Undefined Weak Reference
    __user_heap_extent                        - Undefined Weak Reference
    _atexit_init                              - Undefined Weak Reference
    _call_atexit_fns                          - Undefined Weak Reference
    _clock_init                               - Undefined Weak Reference
    _fp_trap_init                             - Undefined Weak Reference
    _fp_trap_shutdown                         - Undefined Weak Reference
    _get_lc_collate                           - Undefined Weak Reference
    _get_lc_ctype                             - Undefined Weak Reference
    _get_lc_monetary                          - Undefined Weak Reference
    _get_lc_numeric                           - Undefined Weak Reference
    _get_lc_time                              - Undefined Weak Reference
    _getenv_init                              - Undefined Weak Reference
    _handle_redirection                       - Undefined Weak Reference
    _initio                                   - Undefined Weak Reference
    _mutex_acquire                            - Undefined Weak Reference
    _mutex_free                               - Undefined Weak Reference
    _mutex_release                            - Undefined Weak Reference
    _rand_init                                - Undefined Weak Reference
    _signal_finish                            - Undefined Weak Reference
    _signal_init                              - Undefined Weak Reference
    _terminateio                              - Undefined Weak Reference
    __Vectors_End                            0x00000400   Data           0  startup_mk64f12.o(RESET)
    __Vectors_Size                           0x00000400   Number         0  startup_mk64f12.o ABSOLUTE
    __main                                   0x00000411   Thumb Code     8  __main.o(!!!main)
    __scatterload                            0x00000419   Thumb Code     0  __scatter.o(!!!scatter)
    __scatterload_rt2                        0x00000419   Thumb Code    44  __scatter.o(!!!scatter)
    __scatterload_rt2_thumb_only             0x00000419   Thumb Code     0  __scatter.o(!!!scatter)
    __scatterload_null                       0x00000427   Thumb Code     0  __scatter.o(!!!scatter)
    __scatterload_copy                       0x0000044d   Thumb Code    26  __scatter_copy.o(!!handler_copy)
    __scatterload_zeroinit                   0x00000469   Thumb Code    28  __scatter_zi.o(!!handler_zi)
    __rt_lib_init                            0x00000485   Thumb Code     0  libinit.o(.ARM.Collect$$libinit$$00000000)
    __rt_lib_init_fp_1                       0x00000487   Thumb Code     0  libinit2.o(.ARM.Collect$$libinit$$00000001)
    __rt_lib_init_alloca_1                   0x0000048b   Thumb Code     0  libinit2.o(.ARM.Collect$$libinit$$0000002E)
    __rt_lib_init_argv_1                     0x0000048b   Thumb Code     0  libinit2.o(.ARM.Collect$$libinit$$0000002C)
    __rt_lib_init_atexit_1                   0x0000048b   Thumb Code     0  libinit2.o(.ARM.Collect$$libinit$$0000001B)
    __rt_lib_init_clock_1                    0x0000048b   Thumb Code     0  libinit2.o(.ARM.Collect$$libinit$$00000021)
    __rt_lib_init_cpp_1                      0x0000048b   Thumb Code     0  libinit2.o(.ARM.Collect$$libinit$$00000032)
    __rt_lib_init_exceptions_1               0x0000048b   Thumb Code     0  libinit2.o(.ARM.Collect$$libinit$$00000030)
    __rt_lib_init_fp_trap_1                  0x0000048b   Thumb Code     0  libinit2.o(.ARM.Collect$$libinit$$0000001F)
    __rt_lib_init_getenv_1                   0x0000048b   Thumb Code     0  libinit2.o(.ARM.Collect$$libinit$$00000023)
    __rt_lib_init_heap_1                     0x0000048b   Thumb Code     0  libinit2.o(.ARM.Collect$$libinit$$0000000A)
    __rt_lib_init_lc_collate_1               0x0000048b   Thumb Code     0  libinit2.o(.ARM.Collect$$libinit$$00000011)
    __rt_lib_init_lc_ctype_1                 0x0000048b   Thumb Code     0  libinit2.o(.ARM.Collect$$libinit$$00000013)
    __rt_lib_init_lc_monetary_1              0x0000048b   Thumb Code     0  libinit2.o(.ARM.Collect$$libinit$$00000015)
    __rt_lib_init_lc_numeric_1               0x0000048b   Thumb Code     0  libinit2.o(.ARM.Collect$$libinit$$00000017)
    __rt_lib_init_lc_time_1                  0x0000048b   Thumb Code     0  libinit2.o(.ARM.Collect$$libinit$$00000019)
    __rt_lib_init_preinit_1                  0x0000048b   Thumb Code     0  libinit2.o(.ARM.Collect$$libinit$$00000004)
    __rt_lib_init_rand_1                     0x0000048b   Thumb Code     0  libinit2.o(.ARM.Collect$$libinit$$0000000E)
    __rt_lib_init_return                     0x0000048b   Thumb Code     0  libinit2.o(.ARM.Collect$$libinit$$00000033)
    __rt_lib_init_signal_1                   0x0000048b   Thumb Code     0  libinit2.o(.ARM.Collect$$libinit$$0000001D)
    __rt_lib_init_stdio_1                    0x0000048b   Thumb Code     0  libinit2.o(.ARM.Collect$$libinit$$00000025)
    __rt_lib_init_user_alloc_1               0x0000048b   Thumb Code     0  libinit2.o(.ARM.Collect$$libinit$$0000000C)
    __rt_lib_shutdown                        0x0000048d   Thumb Code     0  libshutdown.o(.ARM.Collect$$libshutdown$$00000000)
    __rt_lib_shutdown_cpp_1                  0x0000048f   Thumb Code     0  libshutdown2.o(.ARM.Collect$$libshutdown$$00000002)
    __rt_lib_shutdown_fp_trap_1              0x0000048f   Thumb Code     0  libshutdown2.o(.ARM.Collect$$libshutdown$$00000007)
    __rt_lib_shutdown_heap_1                 0x0000048f   Thumb Code     0  libshutdown2.o(.ARM.Collect$$libshutdown$$0000000F)
    __rt_lib_shutdown_return                 0x0000048f   Thumb Code     0  libshutdown2.o(.ARM.Collect$$libshutdown$$00000010)
    __rt_lib_shutdown_signal_1               0x0000048f   Thumb Code     0  libshutdown2.o(.ARM.Collect$$libshutdown$$0000000A)
    __rt_lib_shutdown_stdio_1                0x0000048f   Thumb Code     0  libshutdown2.o(.ARM.Collect$$libshutdown$$00000004)
    __rt_lib_shutdown_user_alloc_1           0x0000048f   Thumb Code     0  libshutdown2.o(.ARM.Collect$$libshutdown$$0000000C)
    __rt_entry                               0x00000491   Thumb Code     0  __rtentry.o(.ARM.Collect$$rtentry$$00000000)
    __rt_entry_presh_1                       0x00000491   Thumb Code     0  __rtentry2.o(.ARM.Collect$$rtentry$$00000002)
    __rt_entry_sh                            0x00000491   Thumb Code     0  __rtentry7.o(.ARM.Collect$$rtentry$$00000007)
    __rt_entry_li                            0x00000495   Thumb Code     0  __rtentry2.o(.ARM.Collect$$rtentry$$0000000A)
    __rt_entry_postsh_1                      0x00000495   Thumb Code     0  __rtentry2.o(.ARM.Collect$$rtentry$$00000009)
    __rt_entry_main                          0x00000499   Thumb Code     0  __rtentry2.o(.ARM.Collect$$rtentry$$0000000D)
    __rt_entry_postli_1                      0x00000499   Thumb Code     0  __rtentry2.o(.ARM.Collect$$rtentry$$0000000C)
    __rt_exit                                0x000004a5   Thumb Code     0  rtexit.o(.ARM.Collect$$rtexit$$00000000)
    __rt_exit_ls                             0x000004a7   Thumb Code     0  rtexit2.o(.ARM.Collect$$rtexit$$00000003)
    __rt_exit_prels_1                        0x000004a7   Thumb Code     0  rtexit2.o(.ARM.Collect$$rtexit$$00000002)
    __rt_exit_exit                           0x000004ab   Thumb Code     0  rtexit2.o(.ARM.Collect$$rtexit$$00000004)
    Reset_Handler                            0x000004b1   Thumb Code    18  startup_mk64f12.o(.text)
    NMI_Handler                              0x000004c3   Thumb Code     2  startup_mk64f12.o(.text)
    HardFault_Handler                        0x000004c5   Thumb Code     2  startup_mk64f12.o(.text)
    MemManage_Handler                        0x000004c7   Thumb Code     2  startup_mk64f12.o(.text)
    BusFault_Handler                         0x000004c9   Thumb Code     2  startup_mk64f12.o(.text)
    UsageFault_Handler                       0x000004cb   Thumb Code     2  startup_mk64f12.o(.text)
    SVC_Handler                              0x000004cd   Thumb Code     2  startup_mk64f12.o(.text)
    DebugMon_Handler                         0x000004cf   Thumb Code     2  startup_mk64f12.o(.text)
    PendSV_Handler                           0x000004d1   Thumb Code     2  startup_mk64f12.o(.text)
    SysTick_Handler                          0x000004d3   Thumb Code     2  startup_mk64f12.o(.text)
    ADC0_IRQHandler                          0x000004d5   Thumb Code     0  startup_mk64f12.o(.text)
    ADC1_IRQHandler                          0x000004d5   Thumb Code     0  startup_mk64f12.o(.text)
    CAN0_Bus_Off_IRQHandler                  0x000004d5   Thumb Code     0  startup_mk64f12.o(.text)
    CAN0_Error_IRQHandler                    0x000004d5   Thumb Code     0  startup_mk64f12.o(.text)
    CAN0_ORed_Message_buffer_IRQHandler      0x000004d5   Thumb Code     0  startup_mk64f12.o(.text)
    CAN0_Rx_Warning_IRQHandler               0x000004d5   Thumb Code     0  startup_mk64f12.o(.text)
    CAN0_Tx_Warning_IRQHandler               0x000004d5   Thumb Code     0  startup_mk64f12.o(.text)
    CAN0_Wake_Up_IRQHandler                  0x000004d5   Thumb Code     0  startup_mk64f12.o(.text)
    CMP0_IRQHandler                          0x000004d5   Thumb Code     0  startup_mk64f12.o(.text)
    CMP1_IRQHandler                          0x000004d5   Thumb Code     0  startup_mk64f12.o(.text)
    CMP2_IRQHandler                          0x000004d5   Thumb Code     0  startup_mk64f12.o(.text)
    CMT_IRQHandler                           0x000004d5   Thumb Code     0  startup_mk64f12.o(.text)
    DAC0_IRQHandler                          0x000004d5   Thumb Code     0  startup_mk64f12.o(.text)
    DAC1_IRQHandler                          0x000004d5   Thumb Code     0  startup_mk64f12.o(.text)
    DMA_Error_IRQHandler                     0x000004d5   Thumb Code     0  startup_mk64f12.o(.text)
    DefaultISR                               0x000004d5   Thumb Code     0  startup_mk64f12.o(.text)
    ENET_1588_Timer_IRQHandler               0x000004d5   Thumb Code     0  startup_mk64f12.o(.text)
    ENET_Error_IRQHandler                    0x000004d5   Thumb Code     0  startup_mk64f12.o(.text)
    ENET_Receive_IRQHandler                  0x000004d5   Thumb Code     0  startup_mk64f12.o(.text)
    ENET_Transmit_IRQHandler                 0x000004d5   Thumb Code     0  startup_mk64f12.o(.text)
    FTFE_IRQHandler                          0x000004d5   Thumb Code     0  startup_mk64f12.o(.text)
    FTM0_IRQHandler                          0x000004d5   Thumb Code     0  startup_mk64f12.o(.text)
    FTM1_IRQHandler                          0x000004d5   Thumb Code     0  startup_mk64f12.o(.text)
    FTM2_IRQHandler                          0x000004d5   Thumb Code     0  startup_mk64f12.o(.text)
    FTM3_IRQHandler                          0x000004d5   Thumb Code     0  startup_mk64f12.o(.text)
    I2S0_Rx_IRQHandler                       0x000004d5   Thumb Code     0  startup_mk64f12.o(.text)
    I2S0_Tx_IRQHandler                       0x000004d5   Thumb Code     0  startup_mk64f12.o(.text)
    LLWU_IRQHandler                          0x000004d5   Thumb Code     0  startup_mk64f12.o(.text)
    LPTMR0_IRQHandler                        0x000004d5   Thumb Code     0  startup_mk64f12.o(.text)
    LVD_LVW_IRQHandler                       0x000004d5   Thumb Code     0  startup_mk64f12.o(.text)
    MCG_IRQHandler                           0x000004d5   Thumb Code     0  startup_mk64f12.o(.text)
    MCM_IRQHandler                           0x000004d5   Thumb Code     0  startup_mk64f12.o(.text)
    PDB0_IRQHandler                          0x000004d5   Thumb Code     0  startup_mk64f12.o(.text)
    PIT0_IRQHandler                          0x000004d5   Thumb Code     0  startup_mk64f12.o(.text)
    PIT1_IRQHandler                          0x000004d5   Thumb Code     0  startup_mk64f12.o(.text)
    PIT2_IRQHandler                          0x000004d5   Thumb Code     0  startup_mk64f12.o(.text)
    PIT3_IRQHandler                          0x000004d5   Thumb Code     0  startup_mk64f12.o(.text)
    PORTA_IRQHandler                         0x000004d5   Thumb Code     0  startup_mk64f12.o(.text)
    PORTB_IRQHandler                         0x000004d5   Thumb Code     0  startup_mk64f12.o(.text)
    PORTC_IRQHandler                         0x000004d5   Thumb Code     0  startup_mk64f12.o(.text)
    PORTD_IRQHandler                         0x000004d5   Thumb Code     0  startup_mk64f12.o(.text)
    PORTE_IRQHandler                         0x000004d5   Thumb Code     0  startup_mk64f12.o(.text)
    RNG_IRQHandler                           0x000004d5   Thumb Code     0  startup_mk64f12.o(.text)
    RTC_IRQHandler                           0x000004d5   Thumb Code     0  startup_mk64f12.o(.text)
    RTC_Seconds_IRQHandler                   0x000004d5   Thumb Code     0  startup_mk64f12.o(.text)
    Read_Collision_IRQHandler                0x000004d5   Thumb Code     0  startup_mk64f12.o(.text)
    Reserved71_IRQHandler                    0x000004d5   Thumb Code     0  startup_mk64f12.o(.text)
    SDHC_IRQHandler                          0x000004d5   Thumb Code     0  startup_mk64f12.o(.text)
    SPI0_IRQHandler                          0x000004d5   Thumb Code     0  startup_mk64f12.o(.text)
    SPI1_IRQHandler                          0x000004d5   Thumb Code     0  startup_mk64f12.o(.text)
    SPI2_IRQHandler                          0x000004d5   Thumb Code     0  startup_mk64f12.o(.text)
    SWI_IRQHandler                           0x000004d5   Thumb Code     0  startup_mk64f12.o(.text)
    UART0_ERR_IRQHandler                     0x000004d5   Thumb Code     0  startup_mk64f12.o(.text)
    UART0_LON_IRQHandler                     0x000004d5   Thumb Code     0  startup_mk64f12.o(.text)
    UART0_RX_TX_IRQHandler                   0x000004d5   Thumb Code     0  startup_mk64f12.o(.text)
    UART1_ERR_IRQHandler                     0x000004d5   Thumb Code     0  startup_mk64f12.o(.text)
    UART1_RX_TX_IRQHandler                   0x000004d5   Thumb Code     0  startup_mk64f12.o(.text)
    UART2_ERR_IRQHandler                     0x000004d5   Thumb Code     0  startup_mk64f12.o(.text)
    UART2_RX_TX_IRQHandler                   0x000004d5   Thumb Code     0  startup_mk64f12.o(.text)
    UART3_ERR_IRQHandler                     0x000004d5   Thumb Code     0  startup_mk64f12.o(.text)
    UART3_RX_TX_IRQHandler                   0x000004d5   Thumb Code     0  startup_mk64f12.o(.text)
    UART4_ERR_IRQHandler                     0x000004d5   Thumb Code     0  startup_mk64f12.o(.text)
    UART4_RX_TX_IRQHandler                   0x000004d5   Thumb Code     0  startup_mk64f12.o(.text)
    UART5_ERR_IRQHandler                     0x000004d5   Thumb Code     0  startup_mk64f12.o(.text)
    UART5_RX_TX_IRQHandler                   0x000004d5   Thumb Code     0  startup_mk64f12.o(.text)
    USB0_IRQHandler                          0x000004d5   Thumb Code     0  startup_mk64f12.o(.text)
    USBDCD_IRQHandler                        0x000004d5   Thumb Code     0  startup_mk64f12.o(.text)
    WDOG_EWM_IRQHandler                      0x000004d5   Thumb Code     0  startup_mk64f12.o(.text)
    __aeabi_assert                           0x000004e9   Thumb Code    86  assert.o(.text)
    __assert                                 0x000004e9   Thumb Code     0  assert.o(.text)
    __aeabi_memcpy4                          0x00000569   Thumb Code     0  rt_memcpy_w.o(.text)
    __aeabi_memcpy8                          0x00000569   Thumb Code     0  rt_memcpy_w.o(.text)
    __rt_memcpy_w                            0x00000569   Thumb Code   100  rt_memcpy_w.o(.text)
    _memcpy_lastbytes_aligned                0x000005b1   Thumb Code     0  rt_memcpy_w.o(.text)
    __aeabi_memclr4                          0x000005cd   Thumb Code     0  rt_memclr_w.o(.text)
    __aeabi_memclr8                          0x000005cd   Thumb Code     0  rt_memclr_w.o(.text)
    __rt_memclr_w                            0x000005cd   Thumb Code    78  rt_memclr_w.o(.text)
    _memset_w                                0x000005d1   Thumb Code     0  rt_memclr_w.o(.text)
    abort                                    0x0000061b   Thumb Code    22  abort.o(.text)
    __assert_puts                            0x00000631   Thumb Code    20  assert_puts.o(.text)
    _ttywrch                                 0x00000645   Thumb Code    14  sys_wrch.o(.text)
    _sys_exit                                0x00000655   Thumb Code     8  sys_exit.o(.text)
    __rt_SIGABRT                             0x00000661   Thumb Code    14  defsig_abrt_outer.o(.text)
    __I$use$semihosting                      0x0000066f   Thumb Code     0  use_no_semi.o(.text)
    __use_no_semihosting_swi                 0x0000066f   Thumb Code     2  use_no_semi.o(.text)
    __semihosting_library_function           0x00000671   Thumb Code     0  indicate_semi.o(.text)
    exit                                     0x00000671   Thumb Code    18  exit.o(.text)
    __sig_exit                               0x00000683   Thumb Code    10  defsig_exit.o(.text)
    __rt_SIGABRT_inner                       0x0000068d   Thumb Code    14  defsig_abrt_inner.o(.text)
    __default_signal_display                 0x000006bd   Thumb Code    50  defsig_general.o(.text)
    BOARD_ClockInit                          0x000006f1   Thumb Code    72  board.o(i.BOARD_ClockInit)
    BOARD_InitOsc0                           0x00000759   Thumb Code    20  board.o(i.BOARD_InitOsc0)
    BOARD_InitRtcOsc                         0x00000771   Thumb Code    20  board.o(i.BOARD_InitRtcOsc)
    CLOCK_HAL_EnablePll0InFllMode            0x00000789   Thumb Code    64  fsl_mcg_hal.o(i.CLOCK_HAL_EnablePll0InFllMode)
    CLOCK_HAL_GetFllClk                      0x000007dd   Thumb Code    82  fsl_mcg_hal.o(i.CLOCK_HAL_GetFllClk)
    CLOCK_HAL_GetFllRefClk                   0x00000831   Thumb Code    72  fsl_mcg_hal.o(i.CLOCK_HAL_GetFllRefClk)
    CLOCK_HAL_GetInternalRefClk              0x0000088d   Thumb Code    52  fsl_mcg_hal.o(i.CLOCK_HAL_GetInternalRefClk)
    CLOCK_HAL_GetMcgMode                     0x000008f7   Thumb Code   150  fsl_mcg_hal_modes.o(i.CLOCK_HAL_GetMcgMode)
    CLOCK_HAL_GetOutClk                      0x0000098d   Thumb Code    78  fsl_mcg_hal.o(i.CLOCK_HAL_GetOutClk)
    CLOCK_HAL_GetPll0Clk                     0x000009db   Thumb Code    68  fsl_mcg_hal.o(i.CLOCK_HAL_GetPll0Clk)
    CLOCK_HAL_GetPll0RefFreq                 0x00000a1f   Thumb Code    12  fsl_mcg_hal.o(i.CLOCK_HAL_GetPll0RefFreq)
    CLOCK_HAL_SetFbeMode                     0x00000a8b   Thumb Code   228  fsl_mcg_hal_modes.o(i.CLOCK_HAL_SetFbeMode)
    CLOCK_HAL_SetFbiMode                     0x00000b71   Thumb Code   170  fsl_mcg_hal_modes.o(i.CLOCK_HAL_SetFbiMode)
    CLOCK_HAL_SetOsc0Mode                    0x00000c3d   Thumb Code    36  fsl_mcg_hal.o(i.CLOCK_HAL_SetOsc0Mode)
    CLOCK_HAL_SetOutDiv                      0x00000c61   Thumb Code    56  fsl_sim_hal_mk64f12.o(i.CLOCK_HAL_SetOutDiv)
    CLOCK_HAL_SetPbeMode                     0x00000c99   Thumb Code   228  fsl_mcg_hal_modes.o(i.CLOCK_HAL_SetPbeMode)
    CLOCK_HAL_TestFllExternalRefFreq         0x00000d81   Thumb Code    70  fsl_mcg_hal.o(i.CLOCK_HAL_TestFllExternalRefFreq)
    CLOCK_HAL_TestFllFreq                    0x00000dc9   Thumb Code    50  fsl_mcg_hal.o(i.CLOCK_HAL_TestFllFreq)
    CLOCK_HAL_TestOscFreq                    0x00000e01   Thumb Code    38  fsl_mcg_hal.o(i.CLOCK_HAL_TestOscFreq)
    CLOCK_HAL_UpdateFastClkInternalRefDiv    0x00000e35   Thumb Code   104  fsl_mcg_hal.o(i.CLOCK_HAL_UpdateFastClkInternalRefDiv)
    CLOCK_SYS_EnablePortClock                0x00000e9d   Thumb Code    34  fsl_clock_mk64f12.o(i.CLOCK_SYS_EnablePortClock)
    CLOCK_SYS_EnableUartClock                0x00000f09   Thumb Code    34  fsl_clock_mk64f12.o(i.CLOCK_SYS_EnableUartClock)
    CLOCK_SYS_GetBusClockFreq                0x00000f95   Thumb Code    26  fsl_clock_mk64f12.o(i.CLOCK_SYS_GetBusClockFreq)
    CLOCK_SYS_GetCoreClockFreq               0x00000fb9   Thumb Code    24  fsl_clock_mk64f12.o(i.CLOCK_SYS_GetCoreClockFreq)
    CLOCK_SYS_GetSystemClockFreq             0x00000fd9   Thumb Code    24  fsl_clock_mk64f12.o(i.CLOCK_SYS_GetSystemClockFreq)
    CLOCK_SYS_GetUartFreq                    0x00000ff9   Thumb Code    46  fsl_clock_mk64f12.o(i.CLOCK_SYS_GetUartFreq)
    CLOCK_SYS_OscInit                        0x00001029   Thumb Code   160  fsl_clock_manager.o(i.CLOCK_SYS_OscInit)
    CLOCK_SYS_RtcOscInit                     0x000010f9   Thumb Code   204  fsl_clock_manager.o(i.CLOCK_SYS_RtcOscInit)
    CLOCK_SYS_SetConfiguration               0x000011f5   Thumb Code    72  fsl_clock_mk64f12.o(i.CLOCK_SYS_SetConfiguration)
    CLOCK_SYS_SetMcgMode                     0x0000125d   Thumb Code   340  fsl_clock_manager.o(i.CLOCK_SYS_SetMcgMode)
    CLOCK_SYS_SetOscerConfigration           0x000013fd   Thumb Code    32  fsl_clock_manager.o(i.CLOCK_SYS_SetOscerConfigration)
    DMA0_IRQHandler                          0x00001461   Thumb Code    10  fsl_edma_irq.o(i.DMA0_IRQHandler)
    DMA10_IRQHandler                         0x0000146b   Thumb Code    10  fsl_edma_irq.o(i.DMA10_IRQHandler)
    DMA11_IRQHandler                         0x00001475   Thumb Code    10  fsl_edma_irq.o(i.DMA11_IRQHandler)
    DMA12_IRQHandler                         0x0000147f   Thumb Code    10  fsl_edma_irq.o(i.DMA12_IRQHandler)
    DMA13_IRQHandler                         0x00001489   Thumb Code    10  fsl_edma_irq.o(i.DMA13_IRQHandler)
    DMA14_IRQHandler                         0x00001493   Thumb Code    10  fsl_edma_irq.o(i.DMA14_IRQHandler)
    DMA15_IRQHandler                         0x0000149d   Thumb Code    10  fsl_edma_irq.o(i.DMA15_IRQHandler)
    DMA1_IRQHandler                          0x000014a7   Thumb Code    10  fsl_edma_irq.o(i.DMA1_IRQHandler)
    DMA2_IRQHandler                          0x000014b1   Thumb Code    10  fsl_edma_irq.o(i.DMA2_IRQHandler)
    DMA3_IRQHandler                          0x000014bb   Thumb Code    10  fsl_edma_irq.o(i.DMA3_IRQHandler)
    DMA4_IRQHandler                          0x000014c5   Thumb Code    10  fsl_edma_irq.o(i.DMA4_IRQHandler)
    DMA5_IRQHandler                          0x000014cf   Thumb Code    10  fsl_edma_irq.o(i.DMA5_IRQHandler)
    DMA6_IRQHandler                          0x000014d9   Thumb Code    10  fsl_edma_irq.o(i.DMA6_IRQHandler)
    DMA7_IRQHandler                          0x000014e3   Thumb Code    10  fsl_edma_irq.o(i.DMA7_IRQHandler)
    DMA8_IRQHandler                          0x000014ed   Thumb Code    10  fsl_edma_irq.o(i.DMA8_IRQHandler)
    DMA9_IRQHandler                          0x000014f7   Thumb Code    10  fsl_edma_irq.o(i.DMA9_IRQHandler)
    DbgConsole_Init                          0x00001555   Thumb Code   172  fsl_debug_console.o(i.DbgConsole_Init)
    EDMA_DRV_IRQHandler                      0x00001739   Thumb Code    38  fsl_edma_driver.o(i.EDMA_DRV_IRQHandler)
    EDMA_DRV_InstallCallback                 0x00001765   Thumb Code    10  fsl_edma_driver.o(i.EDMA_DRV_InstallCallback)
    EDMA_DRV_PushDescriptorToReg             0x000017a9   Thumb Code    46  fsl_edma_driver.o(i.EDMA_DRV_PushDescriptorToReg)
    EDMA_DRV_RequestChannel                  0x000017dd   Thumb Code   160  fsl_edma_driver.o(i.EDMA_DRV_RequestChannel)
    EDMA_DRV_StartChannel                    0x00001881   Thumb Code    36  fsl_edma_driver.o(i.EDMA_DRV_StartChannel)
    EDMA_HAL_HTCDClearReg                    0x000018a9   Thumb Code   114  fsl_edma_hal.o(i.EDMA_HAL_HTCDClearReg)
    EDMA_HAL_PushSTCDToHTCD                  0x0000191d   Thumb Code   176  fsl_edma_hal.o(i.EDMA_HAL_PushSTCDToHTCD)
    EDMA_HAL_STCDSetAttribute                0x00001a05   Thumb Code    70  fsl_edma_hal.o(i.EDMA_HAL_STCDSetAttribute)
    EDMA_HAL_STCDSetBasicTransfer            0x00001a85   Thumb Code   308  fsl_edma_hal.o(i.EDMA_HAL_STCDSetBasicTransfer)
    EDMA_HAL_STCDSetMajorCount               0x00001c69   Thumb Code    66  fsl_edma_hal.o(i.EDMA_HAL_STCDSetMajorCount)
    EDMA_HAL_STCDSetNbytes                   0x00001cb9   Thumb Code    66  fsl_edma_hal.o(i.EDMA_HAL_STCDSetNbytes)
    EDMA_HAL_STCDSetScatterGatherLink        0x00001d39   Thumb Code    80  fsl_edma_hal.o(i.EDMA_HAL_STCDSetScatterGatherLink)
    EDMA_HAL_SetDmaRequestCmd                0x00001dad   Thumb Code    10  fsl_edma_hal.o(i.EDMA_HAL_SetDmaRequestCmd)
    EDMA_HAL_SetErrorIntCmd                  0x00001db7   Thumb Code    10  fsl_edma_hal.o(i.EDMA_HAL_SetErrorIntCmd)
    GPIO_HAL_SetPinDir                       0x00001e25   Thumb Code    52  fsl_gpio_hal.o(i.GPIO_HAL_SetPinDir)
    I2C0_IRQHandler                          0x00001ed1   Thumb Code    10  i2c_mk64f.o(i.I2C0_IRQHandler)
    I2C1_IRQHandler                          0x00001fc1   Thumb Code    10  i2c_mk64f.o(i.I2C1_IRQHandler)
    I2C2_IRQHandler                          0x000020b1   Thumb Code    10  i2c_mk64f.o(i.I2C2_IRQHandler)
    I2C_HAL_Init                             0x000023b3   Thumb Code    30  fsl_i2c_hal.o(i.I2C_HAL_Init)
    I2C_HAL_SendStart                        0x00002409   Thumb Code    36  fsl_i2c_hal.o(i.I2C_HAL_SendStart)
    I2C_HAL_SendStop                         0x0000242d   Thumb Code    74  fsl_i2c_hal.o(i.I2C_HAL_SendStop)
    I2C_HAL_SetAddress10bit                  0x00002499   Thumb Code    34  fsl_i2c_hal.o(i.I2C_HAL_SetAddress10bit)
    I2C_HAL_SetAddress7bit                   0x000024bb   Thumb Code    20  fsl_i2c_hal.o(i.I2C_HAL_SetAddress7bit)
    I2C_HAL_SetBaudRate                      0x000024d1   Thumb Code   162  fsl_i2c_hal.o(i.I2C_HAL_SetBaudRate)
    OSC_HAL_SetCapacitor                     0x0000303f   Thumb Code    12  fsl_osc_hal.o(i.OSC_HAL_SetCapacitor)
    SystemCoreClockUpdate                    0x000031a9   Thumb Code   426  system_mk64f12.o(i.SystemCoreClockUpdate)
    SystemInit                               0x0000336d   Thumb Code    34  system_mk64f12.o(i.SystemInit)
    UART_HAL_Getchar                         0x00003399   Thumb Code    12  fsl_uart_hal.o(i.UART_HAL_Getchar)
    UART_HAL_Putchar                         0x000033a5   Thumb Code    10  fsl_uart_hal.o(i.UART_HAL_Putchar)
    UART_HAL_ReceiveDataPolling              0x000033af   Thumb Code    86  fsl_uart_hal.o(i.UART_HAL_ReceiveDataPolling)
    UART_HAL_SendDataPolling                 0x00003405   Thumb Code    46  fsl_uart_hal.o(i.UART_HAL_SendDataPolling)
    UART_HAL_SetBaudRate                     0x00003433   Thumb Code    68  fsl_uart_hal.o(i.UART_HAL_SetBaudRate)
    UART_HAL_SetParityMode                   0x00003477   Thumb Code    28  fsl_uart_hal.o(i.UART_HAL_SetParityMode)
    board_init()                             0x00003495   Thumb Code   256  ledtesty.o(i._Z10board_initv)
    clearBuffer()                            0x000035a1   Thumb Code    24  ledtesty.o(i._Z11clearBufferv)
    board_display()                          0x000035c1   Thumb Code    80  ledtesty.o(i._Z13board_displayv)
    i2c_init()                               0x00003625   Thumb Code    48  ledtesty.o(i._Z8i2c_initv)
    configure_uart_pins                      0x00003659   Thumb Code    62  pin_mux.o(i.configure_uart_pins)
    dbg_uart_init                            0x000036a1   Thumb Code    22  board.o(i.dbg_uart_init)
    hardware_init                            0x000036b7   Thumb Code    36  hardware_init.o(i.hardware_init)
    init_data_bss                            0x000036dd   Thumb Code    54  startup.o(i.init_data_bss)
    main                                     0x00003725   Thumb Code    32  ledtesty.o(i.main)
    _fp_init                                 0x00003749   Thumb Code    10  fpinit.o(x$fpl$fpinit)
    __fplib_config_fpu_vfp                   0x00003751   Thumb Code     0  fpinit.o(x$fpl$fpinit)
    __fplib_config_pureend_doubles           0x00003751   Thumb Code     0  fpinit.o(x$fpl$fpinit)
    Driver_I2C0                              0x000037d4   Data          48  i2c_mk64f.o(.constdata)
    Driver_I2C1                              0x00003804   Data          48  i2c_mk64f.o(.constdata)
    Driver_I2C2                              0x00003834   Data          48  i2c_mk64f.o(.constdata)
    g_defaultClockConfigVlpr                 0x00003864   Data          22  board.o(.constdata)
    g_defaultClockConfigRun                  0x0000387a   Data          22  board.o(.constdata)
    g_edmaBase                               0x000038ac   Data           4  fsl_edma_common.o(.constdata)
    g_dmamuxBase                             0x000038b0   Data           4  fsl_edma_common.o(.constdata)
    g_edmaIrqId                              0x000038b4   Data          16  fsl_edma_common.o(.constdata)
    g_edmaErrIrqId                           0x000038c4   Data           1  fsl_edma_common.o(.constdata)
    g_rtcBase                                0x000038c8   Data           4  fsl_rtc_common.o(.constdata)
    g_rtcIrqId                               0x000038cc   Data           1  fsl_rtc_common.o(.constdata)
    g_rtcSecondsIrqId                        0x000038cd   Data           1  fsl_rtc_common.o(.constdata)
    kI2CDividerTable                         0x000038ce   Data         200  fsl_i2c_hal.o(.constdata)
    g_simBase                                0x000039e0   Data           4  fsl_clock_manager_common.o(.constdata)
    g_mcgBase                                0x000039e4   Data           4  fsl_clock_manager_common.o(.constdata)
    g_oscBase                                0x000039e8   Data           4  fsl_clock_manager_common.o(.constdata)
    Region$$Table$$Base                      0x00003d0c   Number         0  anon$$obj.o(Region$$Table)
    Region$$Table$$Limit                     0x00003d2c   Number         0  anon$$obj.o(Region$$Table)
    Image$$RW_m_data$$Base                   0x1fff0000   Number         0  anon$$obj.o ABSOLUTE
    adr                                      0x20000008   Data           4  ledtesty.o(.data)
    g_edma                                   0x2000000c   Data           4  fsl_edma_driver.o(.data)
    g_xtal0ClkFreq                           0x20000010   Data           4  fsl_mcg_hal.o(.data)
    g_xtalRtcClkFreq                         0x20000014   Data           4  fsl_mcg_hal.o(.data)
    g_fastInternalRefClkFreq                 0x20000018   Data           4  fsl_mcg_hal.o(.data)
    g_slowInternalRefClkFreq                 0x2000001c   Data           4  fsl_mcg_hal.o(.data)
    SystemCoreClock                          0x20000020   Data           4  system_mk64f12.o(.data)
    topBuff                                  0x20000024   Data          17  ledtesty.o(.bss)
    botBuff                                  0x20000035   Data          17  ledtesty.o(.bss)
    Image$$ARM_LIB_HEAP$$ZI$$Base            0x200000b8   Number         0  anon$$obj.o ABSOLUTE
    Image$$ARM_LIB_HEAP$$ZI$$Limit           0x200004b8   Number         0  anon$$obj.o ABSOLUTE
    Image$$ARM_LIB_STACK$$ZI$$Limit          0x20030000   Number         0  anon$$obj.o ABSOLUTE



==============================================================================

Memory Map of the image

  Image Entry point : 0x00000411

  Load Region LR_m_text (Base: 0x00000410, Size: 0x00003940, Max: 0x000ffbf0, ABSOLUTE)

    Execution Region ER_m_text (Exec base: 0x00000410, Load base: 0x00000410, Size: 0x0000391c, Max: 0x000ffbf0, ABSOLUTE)

    Exec Addr    Load Addr    Size         Type   Attr      Idx    E Section Name        Object

    0x00000410   0x00000410   0x00000008   Code   RO         3997  * !!!main             c_w.l(__main.o)
    0x00000418   0x00000418   0x00000034   Code   RO         4229    !!!scatter          c_w.l(__scatter.o)
    0x0000044c   0x0000044c   0x0000001a   Code   RO         4231    !!handler_copy      c_w.l(__scatter_copy.o)
    0x00000466   0x00000466   0x00000002   PAD
    0x00000468   0x00000468   0x0000001c   Code   RO         4233    !!handler_zi        c_w.l(__scatter_zi.o)
    0x00000484   0x00000484   0x00000002   Code   RO         4168    .ARM.Collect$$libinit$$00000000  c_w.l(libinit.o)
    0x00000486   0x00000486   0x00000004   Code   RO         4037    .ARM.Collect$$libinit$$00000001  c_w.l(libinit2.o)
    0x0000048a   0x0000048a   0x00000000   Code   RO         4040    .ARM.Collect$$libinit$$00000004  c_w.l(libinit2.o)
    0x0000048a   0x0000048a   0x00000000   Code   RO         4043    .ARM.Collect$$libinit$$0000000A  c_w.l(libinit2.o)
    0x0000048a   0x0000048a   0x00000000   Code   RO         4045    .ARM.Collect$$libinit$$0000000C  c_w.l(libinit2.o)
    0x0000048a   0x0000048a   0x00000000   Code   RO         4047    .ARM.Collect$$libinit$$0000000E  c_w.l(libinit2.o)
    0x0000048a   0x0000048a   0x00000000   Code   RO         4050    .ARM.Collect$$libinit$$00000011  c_w.l(libinit2.o)
    0x0000048a   0x0000048a   0x00000000   Code   RO         4052    .ARM.Collect$$libinit$$00000013  c_w.l(libinit2.o)
    0x0000048a   0x0000048a   0x00000000   Code   RO         4054    .ARM.Collect$$libinit$$00000015  c_w.l(libinit2.o)
    0x0000048a   0x0000048a   0x00000000   Code   RO         4056    .ARM.Collect$$libinit$$00000017  c_w.l(libinit2.o)
    0x0000048a   0x0000048a   0x00000000   Code   RO         4058    .ARM.Collect$$libinit$$00000019  c_w.l(libinit2.o)
    0x0000048a   0x0000048a   0x00000000   Code   RO         4060    .ARM.Collect$$libinit$$0000001B  c_w.l(libinit2.o)
    0x0000048a   0x0000048a   0x00000000   Code   RO         4062    .ARM.Collect$$libinit$$0000001D  c_w.l(libinit2.o)
    0x0000048a   0x0000048a   0x00000000   Code   RO         4064    .ARM.Collect$$libinit$$0000001F  c_w.l(libinit2.o)
    0x0000048a   0x0000048a   0x00000000   Code   RO         4066    .ARM.Collect$$libinit$$00000021  c_w.l(libinit2.o)
    0x0000048a   0x0000048a   0x00000000   Code   RO         4068    .ARM.Collect$$libinit$$00000023  c_w.l(libinit2.o)
    0x0000048a   0x0000048a   0x00000000   Code   RO         4070    .ARM.Collect$$libinit$$00000025  c_w.l(libinit2.o)
    0x0000048a   0x0000048a   0x00000000   Code   RO         4074    .ARM.Collect$$libinit$$0000002C  c_w.l(libinit2.o)
    0x0000048a   0x0000048a   0x00000000   Code   RO         4076    .ARM.Collect$$libinit$$0000002E  c_w.l(libinit2.o)
    0x0000048a   0x0000048a   0x00000000   Code   RO         4078    .ARM.Collect$$libinit$$00000030  c_w.l(libinit2.o)
    0x0000048a   0x0000048a   0x00000000   Code   RO         4080    .ARM.Collect$$libinit$$00000032  c_w.l(libinit2.o)
    0x0000048a   0x0000048a   0x00000002   Code   RO         4081    .ARM.Collect$$libinit$$00000033  c_w.l(libinit2.o)
    0x0000048c   0x0000048c   0x00000002   Code   RO         4226    .ARM.Collect$$libshutdown$$00000000  c_w.l(libshutdown.o)
    0x0000048e   0x0000048e   0x00000000   Code   RO         4188    .ARM.Collect$$libshutdown$$00000002  c_w.l(libshutdown2.o)
    0x0000048e   0x0000048e   0x00000000   Code   RO         4190    .ARM.Collect$$libshutdown$$00000004  c_w.l(libshutdown2.o)
    0x0000048e   0x0000048e   0x00000000   Code   RO         4193    .ARM.Collect$$libshutdown$$00000007  c_w.l(libshutdown2.o)
    0x0000048e   0x0000048e   0x00000000   Code   RO         4196    .ARM.Collect$$libshutdown$$0000000A  c_w.l(libshutdown2.o)
    0x0000048e   0x0000048e   0x00000000   Code   RO         4198    .ARM.Collect$$libshutdown$$0000000C  c_w.l(libshutdown2.o)
    0x0000048e   0x0000048e   0x00000000   Code   RO         4201    .ARM.Collect$$libshutdown$$0000000F  c_w.l(libshutdown2.o)
    0x0000048e   0x0000048e   0x00000002   Code   RO         4202    .ARM.Collect$$libshutdown$$00000010  c_w.l(libshutdown2.o)
    0x00000490   0x00000490   0x00000000   Code   RO         4001    .ARM.Collect$$rtentry$$00000000  c_w.l(__rtentry.o)
    0x00000490   0x00000490   0x00000000   Code   RO         4092    .ARM.Collect$$rtentry$$00000002  c_w.l(__rtentry2.o)
    0x00000490   0x00000490   0x00000004   Code   RO         4106    .ARM.Collect$$rtentry$$00000007  c_w.l(__rtentry7.o)
    0x00000494   0x00000494   0x00000000   Code   RO         4094    .ARM.Collect$$rtentry$$00000009  c_w.l(__rtentry2.o)
    0x00000494   0x00000494   0x00000004   Code   RO         4095    .ARM.Collect$$rtentry$$0000000A  c_w.l(__rtentry2.o)
    0x00000498   0x00000498   0x00000000   Code   RO         4097    .ARM.Collect$$rtentry$$0000000C  c_w.l(__rtentry2.o)
    0x00000498   0x00000498   0x00000008   Code   RO         4098    .ARM.Collect$$rtentry$$0000000D  c_w.l(__rtentry2.o)
    0x000004a0   0x000004a0   0x00000004   Code   RO         4107    .ARM.Collect$$rtentry$$00002718  c_w.l(__rtentry7.o)
    0x000004a4   0x000004a4   0x00000002   Code   RO         4171    .ARM.Collect$$rtexit$$00000000  c_w.l(rtexit.o)
    0x000004a6   0x000004a6   0x00000000   Code   RO         4204    .ARM.Collect$$rtexit$$00000002  c_w.l(rtexit2.o)
    0x000004a6   0x000004a6   0x00000004   Code   RO         4205    .ARM.Collect$$rtexit$$00000003  c_w.l(rtexit2.o)
    0x000004aa   0x000004aa   0x00000006   Code   RO         4206    .ARM.Collect$$rtexit$$00000004  c_w.l(rtexit2.o)
    0x000004b0   0x000004b0   0x00000038   Code   RO         3879    .text               startup_mk64f12.o
    0x000004e8   0x000004e8   0x00000080   Code   RO         3987    .text               c_w.l(assert.o)
    0x00000568   0x00000568   0x00000064   Code   RO         3991    .text               c_w.l(rt_memcpy_w.o)
    0x000005cc   0x000005cc   0x0000004e   Code   RO         3995    .text               c_w.l(rt_memclr_w.o)
    0x0000061a   0x0000061a   0x00000016   Code   RO         4031    .text               c_w.l(abort.o)
    0x00000630   0x00000630   0x00000014   Code   RO         4033    .text               c_w.l(assert_puts.o)
    0x00000644   0x00000644   0x0000000e   Code   RO         4082    .text               c_w.l(sys_wrch.o)
    0x00000652   0x00000652   0x00000002   PAD
    0x00000654   0x00000654   0x0000000c   Code   RO         4086    .text               c_w.l(sys_exit.o)
    0x00000660   0x00000660   0x0000000e   Code   RO         4121    .text               c_w.l(defsig_abrt_outer.o)
    0x0000066e   0x0000066e   0x00000002   Code   RO         4138    .text               c_w.l(use_no_semi.o)
    0x00000670   0x00000670   0x00000000   Code   RO         4140    .text               c_w.l(indicate_semi.o)
    0x00000670   0x00000670   0x00000012   Code   RO         4147    .text               c_w.l(exit.o)
    0x00000682   0x00000682   0x0000000a   Code   RO         4149    .text               c_w.l(defsig_exit.o)
    0x0000068c   0x0000068c   0x00000030   Code   RO         4151    .text               c_w.l(defsig_abrt_inner.o)
    0x000006bc   0x000006bc   0x00000032   Code   RO         4179    .text               c_w.l(defsig_general.o)
    0x000006ee   0x000006ee   0x00000002   PAD
    0x000006f0   0x000006f0   0x00000068   Code   RO          720    i.BOARD_ClockInit   board.o
    0x00000758   0x00000758   0x00000018   Code   RO          721    i.BOARD_InitOsc0    board.o
    0x00000770   0x00000770   0x00000018   Code   RO          722    i.BOARD_InitRtcOsc  board.o
    0x00000788   0x00000788   0x00000040   Code   RO         2113    i.CLOCK_HAL_EnablePll0InFllMode  fsl_mcg_hal.o
    0x000007c8   0x000007c8   0x0000000a   Code   RO         2259    i.CLOCK_HAL_GetClkOutStat  fsl_mcg_hal_modes.o
    0x000007d2   0x000007d2   0x0000000a   Code   RO         3513    i.CLOCK_HAL_GetClkOutStat  fsl_clock_manager.o
    0x000007dc   0x000007dc   0x00000052   Code   RO         2117    i.CLOCK_HAL_GetFllClk  fsl_mcg_hal.o
    0x0000082e   0x0000082e   0x00000002   PAD
    0x00000830   0x00000830   0x0000004c   Code   RO         2118    i.CLOCK_HAL_GetFllRefClk  fsl_mcg_hal.o
    0x0000087c   0x0000087c   0x0000000e   Code   RO         2260    i.CLOCK_HAL_GetFllSrc  fsl_mcg_hal_modes.o
    0x0000088a   0x0000088a   0x00000002   PAD
    0x0000088c   0x0000088c   0x0000003c   Code   RO         2119    i.CLOCK_HAL_GetInternalRefClk  fsl_mcg_hal.o
    0x000008c8   0x000008c8   0x0000000e   Code   RO         2120    i.CLOCK_HAL_GetInternalRefClkMode  fsl_mcg_hal.o
    0x000008d6   0x000008d6   0x0000000e   Code   RO         2261    i.CLOCK_HAL_GetInternalRefClkMode  fsl_mcg_hal_modes.o
    0x000008e4   0x000008e4   0x00000012   Code   RO         2121    i.CLOCK_HAL_GetMcgExternalClkFreq  fsl_mcg_hal.o
    0x000008f6   0x000008f6   0x00000096   Code   RO         2262    i.CLOCK_HAL_GetMcgMode  fsl_mcg_hal_modes.o
    0x0000098c   0x0000098c   0x0000004e   Code   RO         2122    i.CLOCK_HAL_GetOutClk  fsl_mcg_hal.o
    0x000009da   0x000009da   0x00000044   Code   RO         2123    i.CLOCK_HAL_GetPll0Clk  fsl_mcg_hal.o
    0x00000a1e   0x00000a1e   0x0000000c   Code   RO         2124    i.CLOCK_HAL_GetPll0RefFreq  fsl_mcg_hal.o
    0x00000a2a   0x00000a2a   0x00000016   Code   RO         2263    i.CLOCK_HAL_IsOsc0Stable  fsl_mcg_hal_modes.o
    0x00000a40   0x00000a40   0x00000016   Code   RO         2264    i.CLOCK_HAL_IsPllSelected  fsl_mcg_hal_modes.o
    0x00000a56   0x00000a56   0x0000002a   Code   RO         2265    i.CLOCK_HAL_PrepareOsc  fsl_mcg_hal_modes.o
    0x00000a80   0x00000a80   0x0000000a   Code   RO         3514    i.CLOCK_HAL_SetClkOutSrc  fsl_clock_manager.o
    0x00000a8a   0x00000a8a   0x000000e4   Code   RO         2268    i.CLOCK_HAL_SetFbeMode  fsl_mcg_hal_modes.o
    0x00000b6e   0x00000b6e   0x00000002   PAD
    0x00000b70   0x00000b70   0x000000b4   Code   RO         2269    i.CLOCK_HAL_SetFbiMode  fsl_mcg_hal_modes.o
    0x00000c24   0x00000c24   0x0000000c   Code   RO         2125    i.CLOCK_HAL_SetInternalRefClkMode  fsl_mcg_hal.o
    0x00000c30   0x00000c30   0x0000000c   Code   RO         3515    i.CLOCK_HAL_SetLowPowerModeCmd  fsl_clock_manager.o
    0x00000c3c   0x00000c3c   0x00000024   Code   RO         2126    i.CLOCK_HAL_SetOsc0Mode  fsl_mcg_hal.o
    0x00000c60   0x00000c60   0x00000038   Code   RO         2537    i.CLOCK_HAL_SetOutDiv  fsl_sim_hal_mk64f12.o
    0x00000c98   0x00000c98   0x000000e8   Code   RO         2272    i.CLOCK_HAL_SetPbeMode  fsl_mcg_hal_modes.o
    0x00000d80   0x00000d80   0x00000046   Code   RO         2127    i.CLOCK_HAL_TestFllExternalRefFreq  fsl_mcg_hal.o
    0x00000dc6   0x00000dc6   0x00000002   PAD
    0x00000dc8   0x00000dc8   0x00000038   Code   RO         2128    i.CLOCK_HAL_TestFllFreq  fsl_mcg_hal.o
    0x00000e00   0x00000e00   0x00000034   Code   RO         2129    i.CLOCK_HAL_TestOscFreq  fsl_mcg_hal.o
    0x00000e34   0x00000e34   0x00000068   Code   RO         2131    i.CLOCK_HAL_UpdateFastClkInternalRefDiv  fsl_mcg_hal.o
    0x00000e9c   0x00000e9c   0x0000006c   Code   RO         3196    i.CLOCK_SYS_EnablePortClock  fsl_clock_mk64f12.o
    0x00000f08   0x00000f08   0x0000006c   Code   RO         3198    i.CLOCK_SYS_EnableUartClock  fsl_clock_mk64f12.o
    0x00000f74   0x00000f74   0x0000001e   Code   RO         3199    i.CLOCK_SYS_FllStableDelay  fsl_clock_mk64f12.o
    0x00000f92   0x00000f92   0x00000002   PAD
    0x00000f94   0x00000f94   0x00000024   Code   RO         3201    i.CLOCK_SYS_GetBusClockFreq  fsl_clock_mk64f12.o
    0x00000fb8   0x00000fb8   0x00000020   Code   RO         3202    i.CLOCK_SYS_GetCoreClockFreq  fsl_clock_mk64f12.o
    0x00000fd8   0x00000fd8   0x00000020   Code   RO         3223    i.CLOCK_SYS_GetSystemClockFreq  fsl_clock_mk64f12.o
    0x00000ff8   0x00000ff8   0x0000002e   Code   RO         3225    i.CLOCK_SYS_GetUartFreq  fsl_clock_mk64f12.o
    0x00001026   0x00001026   0x00000002   PAD
    0x00001028   0x00001028   0x000000d0   Code   RO         3520    i.CLOCK_SYS_OscInit  fsl_clock_manager.o
    0x000010f8   0x000010f8   0x000000fc   Code   RO         3522    i.CLOCK_SYS_RtcOscInit  fsl_clock_manager.o
    0x000011f4   0x000011f4   0x00000068   Code   RO         3229    i.CLOCK_SYS_SetConfiguration  fsl_clock_mk64f12.o
    0x0000125c   0x0000125c   0x00000158   Code   RO         3523    i.CLOCK_SYS_SetMcgMode  fsl_clock_manager.o
    0x000013b4   0x000013b4   0x00000048   Code   RO         3524    i.CLOCK_SYS_SetMcgPeeToFbe  fsl_clock_manager.o
    0x000013fc   0x000013fc   0x00000024   Code   RO         3525    i.CLOCK_SYS_SetOscerConfigration  fsl_clock_manager.o
    0x00001420   0x00001420   0x00000040   Code   RO         3230    i.CLOCK_SYS_SetSimConfigration  fsl_clock_mk64f12.o
    0x00001460   0x00001460   0x0000000a   Code   RO         1204    i.DMA0_IRQHandler   fsl_edma_irq.o
    0x0000146a   0x0000146a   0x0000000a   Code   RO         1205    i.DMA10_IRQHandler  fsl_edma_irq.o
    0x00001474   0x00001474   0x0000000a   Code   RO         1206    i.DMA11_IRQHandler  fsl_edma_irq.o
    0x0000147e   0x0000147e   0x0000000a   Code   RO         1207    i.DMA12_IRQHandler  fsl_edma_irq.o
    0x00001488   0x00001488   0x0000000a   Code   RO         1208    i.DMA13_IRQHandler  fsl_edma_irq.o
    0x00001492   0x00001492   0x0000000a   Code   RO         1209    i.DMA14_IRQHandler  fsl_edma_irq.o
    0x0000149c   0x0000149c   0x0000000a   Code   RO         1210    i.DMA15_IRQHandler  fsl_edma_irq.o
    0x000014a6   0x000014a6   0x0000000a   Code   RO         1211    i.DMA1_IRQHandler   fsl_edma_irq.o
    0x000014b0   0x000014b0   0x0000000a   Code   RO         1212    i.DMA2_IRQHandler   fsl_edma_irq.o
    0x000014ba   0x000014ba   0x0000000a   Code   RO         1213    i.DMA3_IRQHandler   fsl_edma_irq.o
    0x000014c4   0x000014c4   0x0000000a   Code   RO         1214    i.DMA4_IRQHandler   fsl_edma_irq.o
    0x000014ce   0x000014ce   0x0000000a   Code   RO         1215    i.DMA5_IRQHandler   fsl_edma_irq.o
    0x000014d8   0x000014d8   0x0000000a   Code   RO         1216    i.DMA6_IRQHandler   fsl_edma_irq.o
    0x000014e2   0x000014e2   0x0000000a   Code   RO         1217    i.DMA7_IRQHandler   fsl_edma_irq.o
    0x000014ec   0x000014ec   0x0000000a   Code   RO         1218    i.DMA8_IRQHandler   fsl_edma_irq.o
    0x000014f6   0x000014f6   0x0000000a   Code   RO         1219    i.DMA9_IRQHandler   fsl_edma_irq.o
    0x00001500   0x00001500   0x00000054   Code   RO         1038    i.DMAMUX_HAL_SetChannelCmd  fsl_edma_driver.o
    0x00001554   0x00001554   0x000000bc   Code   RO         3717    i.DbgConsole_Init   fsl_debug_console.o
    0x00001610   0x00001610   0x000000f4   Code   RO         1039    i.EDMA_DRV_ClaimChannel  fsl_edma_driver.o
    0x00001704   0x00001704   0x00000034   Code   RO         1040    i.EDMA_DRV_ClearIntStatus  fsl_edma_driver.o
    0x00001738   0x00001738   0x0000002c   Code   RO         1045    i.EDMA_DRV_IRQHandler  fsl_edma_driver.o
    0x00001764   0x00001764   0x0000000a   Code   RO         1047    i.EDMA_DRV_InstallCallback  fsl_edma_driver.o
    0x0000176e   0x0000176e   0x00000002   PAD
    0x00001770   0x00001770   0x00000038   Code   RO          247    i.EDMA_DRV_PrepareDescriptorTransfer  i2c_mk64f.o
    0x000017a8   0x000017a8   0x00000034   Code   RO         1050    i.EDMA_DRV_PushDescriptorToReg  fsl_edma_driver.o
    0x000017dc   0x000017dc   0x000000a4   Code   RO         1052    i.EDMA_DRV_RequestChannel  fsl_edma_driver.o
    0x00001880   0x00001880   0x00000028   Code   RO         1053    i.EDMA_DRV_StartChannel  fsl_edma_driver.o
    0x000018a8   0x000018a8   0x00000072   Code   RO         1715    i.EDMA_HAL_HTCDClearReg  fsl_edma_hal.o
    0x0000191a   0x0000191a   0x00000002   PAD
    0x0000191c   0x0000191c   0x000000e8   Code   RO         1728    i.EDMA_HAL_PushSTCDToHTCD  fsl_edma_hal.o
    0x00001a04   0x00001a04   0x00000054   Code   RO         1729    i.EDMA_HAL_STCDSetAttribute  fsl_edma_hal.o
    0x00001a58   0x00001a58   0x0000002c   Code   RO          248    i.EDMA_HAL_STCDSetBandwidth  i2c_mk64f.o
    0x00001a84   0x00001a84   0x00000148   Code   RO         1730    i.EDMA_HAL_STCDSetBasicTransfer  fsl_edma_hal.o
    0x00001bcc   0x00001bcc   0x0000003c   Code   RO          249    i.EDMA_HAL_STCDSetChannelMajorLink  i2c_mk64f.o
    0x00001c08   0x00001c08   0x00000030   Code   RO          250    i.EDMA_HAL_STCDSetDisableDmaRequestAfterTCDDoneCmd  i2c_mk64f.o
    0x00001c38   0x00001c38   0x00000030   Code   RO          251    i.EDMA_HAL_STCDSetHalfCompleteIntCmd  i2c_mk64f.o
    0x00001c68   0x00001c68   0x00000050   Code   RO         1732    i.EDMA_HAL_STCDSetMajorCount  fsl_edma_hal.o
    0x00001cb8   0x00001cb8   0x00000050   Code   RO         1734    i.EDMA_HAL_STCDSetNbytes  fsl_edma_hal.o
    0x00001d08   0x00001d08   0x00000030   Code   RO          252    i.EDMA_HAL_STCDSetScatterGatherCmd  i2c_mk64f.o
    0x00001d38   0x00001d38   0x00000074   Code   RO         1735    i.EDMA_HAL_STCDSetScatterGatherLink  fsl_edma_hal.o
    0x00001dac   0x00001dac   0x0000000a   Code   RO         1736    i.EDMA_HAL_SetDmaRequestCmd  fsl_edma_hal.o
    0x00001db6   0x00001db6   0x0000000a   Code   RO         1737    i.EDMA_HAL_SetErrorIntCmd  fsl_edma_hal.o
    0x00001dc0   0x00001dc0   0x00000030   Code   RO          253    i.GPIO_HAL_ClearPinOutput  i2c_mk64f.o
    0x00001df0   0x00001df0   0x00000034   Code   RO          254    i.GPIO_HAL_ReadPinInput  i2c_mk64f.o
    0x00001e24   0x00001e24   0x00000044   Code   RO         1890    i.GPIO_HAL_SetPinDir  fsl_gpio_hal.o
    0x00001e68   0x00001e68   0x00000030   Code   RO          255    i.GPIO_HAL_SetPinOutput  i2c_mk64f.o
    0x00001e98   0x00001e98   0x00000018   Code   RO          256    i.I2C0_Control      i2c_mk64f.o
    0x00001eb0   0x00001eb0   0x00000010   Code   RO          257    i.I2C0_GetDataCount  i2c_mk64f.o
    0x00001ec0   0x00001ec0   0x00000010   Code   RO          258    i.I2C0_GetStatus    i2c_mk64f.o
    0x00001ed0   0x00001ed0   0x00000010   Code   RO          259    i.I2C0_IRQHandler   i2c_mk64f.o
    0x00001ee0   0x00001ee0   0x00000014   Code   RO          260    i.I2C0_Initialize   i2c_mk64f.o
    0x00001ef4   0x00001ef4   0x00000020   Code   RO          261    i.I2C0_MasterReceive  i2c_mk64f.o
    0x00001f14   0x00001f14   0x00000020   Code   RO          262    i.I2C0_MasterTransmit  i2c_mk64f.o
    0x00001f34   0x00001f34   0x00000014   Code   RO          263    i.I2C0_PowerControl  i2c_mk64f.o
    0x00001f48   0x00001f48   0x00000018   Code   RO          264    i.I2C0_SlaveReceive  i2c_mk64f.o
    0x00001f60   0x00001f60   0x00000018   Code   RO          265    i.I2C0_SlaveTransmit  i2c_mk64f.o
    0x00001f78   0x00001f78   0x00000010   Code   RO          266    i.I2C0_Uninitialize  i2c_mk64f.o
    0x00001f88   0x00001f88   0x00000018   Code   RO          267    i.I2C1_Control      i2c_mk64f.o
    0x00001fa0   0x00001fa0   0x00000010   Code   RO          268    i.I2C1_GetDataCount  i2c_mk64f.o
    0x00001fb0   0x00001fb0   0x00000010   Code   RO          269    i.I2C1_GetStatus    i2c_mk64f.o
    0x00001fc0   0x00001fc0   0x00000010   Code   RO          270    i.I2C1_IRQHandler   i2c_mk64f.o
    0x00001fd0   0x00001fd0   0x00000014   Code   RO          271    i.I2C1_Initialize   i2c_mk64f.o
    0x00001fe4   0x00001fe4   0x00000020   Code   RO          272    i.I2C1_MasterReceive  i2c_mk64f.o
    0x00002004   0x00002004   0x00000020   Code   RO          273    i.I2C1_MasterTransmit  i2c_mk64f.o
    0x00002024   0x00002024   0x00000014   Code   RO          274    i.I2C1_PowerControl  i2c_mk64f.o
    0x00002038   0x00002038   0x00000018   Code   RO          275    i.I2C1_SlaveReceive  i2c_mk64f.o
    0x00002050   0x00002050   0x00000018   Code   RO          276    i.I2C1_SlaveTransmit  i2c_mk64f.o
    0x00002068   0x00002068   0x00000010   Code   RO          277    i.I2C1_Uninitialize  i2c_mk64f.o
    0x00002078   0x00002078   0x00000018   Code   RO          278    i.I2C2_Control      i2c_mk64f.o
    0x00002090   0x00002090   0x00000010   Code   RO          279    i.I2C2_GetDataCount  i2c_mk64f.o
    0x000020a0   0x000020a0   0x00000010   Code   RO          280    i.I2C2_GetStatus    i2c_mk64f.o
    0x000020b0   0x000020b0   0x00000010   Code   RO          281    i.I2C2_IRQHandler   i2c_mk64f.o
    0x000020c0   0x000020c0   0x00000014   Code   RO          282    i.I2C2_Initialize   i2c_mk64f.o
    0x000020d4   0x000020d4   0x00000020   Code   RO          283    i.I2C2_MasterReceive  i2c_mk64f.o
    0x000020f4   0x000020f4   0x00000020   Code   RO          284    i.I2C2_MasterTransmit  i2c_mk64f.o
    0x00002114   0x00002114   0x00000014   Code   RO          285    i.I2C2_PowerControl  i2c_mk64f.o
    0x00002128   0x00002128   0x00000018   Code   RO          286    i.I2C2_SlaveReceive  i2c_mk64f.o
    0x00002140   0x00002140   0x00000018   Code   RO          287    i.I2C2_SlaveTransmit  i2c_mk64f.o
    0x00002158   0x00002158   0x00000010   Code   RO          288    i.I2C2_Uninitialize  i2c_mk64f.o
    0x00002168   0x00002168   0x0000000c   Code   RO          289    i.I2CX_GetCapabilities  i2c_mk64f.o
    0x00002174   0x00002174   0x00000010   Code   RO          290    i.I2CX_GetVersion   i2c_mk64f.o
    0x00002184   0x00002184   0x000001f4   Code   RO          291    i.I2C_Control       i2c_mk64f.o
    0x00002378   0x00002378   0x00000014   Code   RO          292    i.I2C_GetDataCount  i2c_mk64f.o
    0x0000238c   0x0000238c   0x00000008   Code   RO          293    i.I2C_GetStatus     i2c_mk64f.o
    0x00002394   0x00002394   0x00000006   Code   RO          294    i.I2C_HAL_ClearInt  i2c_mk64f.o
    0x0000239a   0x0000239a   0x0000000c   Code   RO          295    i.I2C_HAL_GetStatusFlag  i2c_mk64f.o
    0x000023a6   0x000023a6   0x0000000c   Code   RO         1924    i.I2C_HAL_GetStatusFlag  fsl_i2c_hal.o
    0x000023b2   0x000023b2   0x0000001e   Code   RO         1925    i.I2C_HAL_Init      fsl_i2c_hal.o
    0x000023d0   0x000023d0   0x00000016   Code   RO          296    i.I2C_HAL_IsMaster  i2c_mk64f.o
    0x000023e6   0x000023e6   0x00000006   Code   RO          297    i.I2C_HAL_ReadByte  i2c_mk64f.o
    0x000023ec   0x000023ec   0x0000000e   Code   RO          298    i.I2C_HAL_SendAck   i2c_mk64f.o
    0x000023fa   0x000023fa   0x0000000e   Code   RO          299    i.I2C_HAL_SendNak   i2c_mk64f.o
    0x00002408   0x00002408   0x00000024   Code   RO         1933    i.I2C_HAL_SendStart  fsl_i2c_hal.o
    0x0000242c   0x0000242c   0x0000006c   Code   RO         1934    i.I2C_HAL_SendStop  fsl_i2c_hal.o
    0x00002498   0x00002498   0x00000022   Code   RO         1935    i.I2C_HAL_SetAddress10bit  fsl_i2c_hal.o
    0x000024ba   0x000024ba   0x00000014   Code   RO         1936    i.I2C_HAL_SetAddress7bit  fsl_i2c_hal.o
    0x000024ce   0x000024ce   0x00000002   PAD
    0x000024d0   0x000024d0   0x000000a8   Code   RO         1937    i.I2C_HAL_SetBaudRate  fsl_i2c_hal.o
    0x00002578   0x00002578   0x0000000c   Code   RO          300    i.I2C_HAL_SetDirMode  i2c_mk64f.o
    0x00002584   0x00002584   0x0000000c   Code   RO          301    i.I2C_HAL_SetDmaCmd  i2c_mk64f.o
    0x00002590   0x00002590   0x0000000c   Code   RO          302    i.I2C_HAL_SetIntCmd  i2c_mk64f.o
    0x0000259c   0x0000259c   0x00000004   Code   RO          303    i.I2C_HAL_WriteByte  i2c_mk64f.o
    0x000025a0   0x000025a0   0x000000f8   Code   RO          304    i.I2C_Initialize    i2c_mk64f.o
    0x00002698   0x00002698   0x0000013e   Code   RO          305    i.I2C_MasterReceive  i2c_mk64f.o
    0x000027d6   0x000027d6   0x0000013e   Code   RO          306    i.I2C_MasterTransmit  i2c_mk64f.o
    0x00002914   0x00002914   0x0000018c   Code   RO          307    i.I2C_PowerControl  i2c_mk64f.o
    0x00002aa0   0x00002aa0   0x00000050   Code   RO          308    i.I2C_SlaveReceive  i2c_mk64f.o
    0x00002af0   0x00002af0   0x00000050   Code   RO          309    i.I2C_SlaveTransmit  i2c_mk64f.o
    0x00002b40   0x00002b40   0x0000000a   Code   RO          310    i.I2C_Uninitialize  i2c_mk64f.o
    0x00002b4a   0x00002b4a   0x00000002   PAD
    0x00002b4c   0x00002b4c   0x00000060   Code   RO          311    i.I2Cx_DMA_Callback  i2c_mk64f.o
    0x00002bac   0x00002bac   0x00000492   Code   RO          312    i.I2Cx_IRQHandler   i2c_mk64f.o
    0x0000303e   0x0000303e   0x0000000c   Code   RO         2365    i.OSC_HAL_SetCapacitor  fsl_osc_hal.o
    0x0000304a   0x0000304a   0x0000000a   Code   RO         3527    i.OSC_HAL_SetExternalRefClkCmd  fsl_clock_manager.o
    0x00003054   0x00003054   0x0000000a   Code   RO         3528    i.OSC_HAL_SetExternalRefClkInStopModeCmd  fsl_clock_manager.o
    0x0000305e   0x0000305e   0x00000002   PAD
    0x00003060   0x00003060   0x00000044   Code   RO          313    i.PORT_HAL_SetMuxMode  i2c_mk64f.o
    0x000030a4   0x000030a4   0x00000044   Code   RO          849    i.PORT_HAL_SetMuxMode  pin_mux.o
    0x000030e8   0x000030e8   0x00000038   Code   RO          314    i.PORT_HAL_SetOpenDrainCmd  i2c_mk64f.o
    0x00003120   0x00003120   0x00000058   Code   RO          315    i.PTx_Base          i2c_mk64f.o
    0x00003178   0x00003178   0x0000000e   Code   RO         3529    i.RTC_HAL_SetOscillatorCmd  fsl_clock_manager.o
    0x00003186   0x00003186   0x00000022   Code   RO         3232    i.SIM_HAL_EnableClock  fsl_clock_mk64f12.o
    0x000031a8   0x000031a8   0x000001c4   Code   RO         3886    i.SystemCoreClockUpdate  system_mk64f12.o
    0x0000336c   0x0000336c   0x0000002c   Code   RO         3887    i.SystemInit        system_mk64f12.o
    0x00003398   0x00003398   0x0000000c   Code   RO         2701    i.UART_HAL_Getchar  fsl_uart_hal.o
    0x000033a4   0x000033a4   0x0000000a   Code   RO         2705    i.UART_HAL_Putchar  fsl_uart_hal.o
    0x000033ae   0x000033ae   0x00000056   Code   RO         2707    i.UART_HAL_ReceiveDataPolling  fsl_uart_hal.o
    0x00003404   0x00003404   0x0000002e   Code   RO         2711    i.UART_HAL_SendDataPolling  fsl_uart_hal.o
    0x00003432   0x00003432   0x00000044   Code   RO         2712    i.UART_HAL_SetBaudRate  fsl_uart_hal.o
    0x00003476   0x00003476   0x0000001c   Code   RO         2719    i.UART_HAL_SetParityMode  fsl_uart_hal.o
    0x00003492   0x00003492   0x00000002   PAD
    0x00003494   0x00003494   0x0000010c   Code   RO           13    i._Z10board_initv   ledtesty.o
    0x000035a0   0x000035a0   0x00000020   Code   RO           14    i._Z11clearBufferv  ledtesty.o
    0x000035c0   0x000035c0   0x00000064   Code   RO           15    i._Z13board_displayv  ledtesty.o
    0x00003624   0x00003624   0x00000034   Code   RO           16    i._Z8i2c_initv      ledtesty.o
    0x00003658   0x00003658   0x00000048   Code   RO          868    i.configure_uart_pins  pin_mux.o
    0x000036a0   0x000036a0   0x00000016   Code   RO          723    i.dbg_uart_init     board.o
    0x000036b6   0x000036b6   0x00000024   Code   RO         3852    i.hardware_init     hardware_init.o
    0x000036da   0x000036da   0x00000002   PAD
    0x000036dc   0x000036dc   0x00000048   Code   RO          989    i.init_data_bss     startup.o
    0x00003724   0x00003724   0x00000024   Code   RO           17    i.main              ledtesty.o
    0x00003748   0x00003748   0x0000000a   Code   RO         4136    x$fpl$fpinit        fz_wm.l(fpinit.o)
    0x00003752   0x00003752   0x00000002   PAD
    0x00003754   0x00003754   0x00000110   Data   RO          317    .constdata          i2c_mk64f.o
    0x00003864   0x00003864   0x00000048   Data   RO          724    .constdata          board.o
    0x000038ac   0x000038ac   0x00000019   Data   RO         1017    .constdata          fsl_edma_common.o
    0x000038c5   0x000038c5   0x00000003   PAD
    0x000038c8   0x000038c8   0x00000006   Data   RO         1475    .constdata          fsl_rtc_common.o
    0x000038ce   0x000038ce   0x000000c8   Data   RO         1942    .constdata          fsl_i2c_hal.o
    0x00003996   0x00003996   0x00000030   Data   RO         2132    .constdata          fsl_mcg_hal.o
    0x000039c6   0x000039c6   0x00000019   Data   RO         3234    .constdata          fsl_clock_mk64f12.o
    0x000039df   0x000039df   0x00000001   PAD
    0x000039e0   0x000039e0   0x0000000c   Data   RO         3648    .constdata          fsl_clock_manager_common.o
    0x000039ec   0x000039ec   0x00000018   Data   RO         3726    .constdata          fsl_debug_console.o
    0x00003a04   0x00003a04   0x000000ef   Data   RO          318    .conststring        i2c_mk64f.o
    0x00003af3   0x00003af3   0x00000001   PAD
    0x00003af4   0x00003af4   0x00000051   Data   RO         1059    .conststring        fsl_edma_driver.o
    0x00003b45   0x00003b45   0x00000003   PAD
    0x00003b48   0x00003b48   0x00000054   Data   RO         1738    .conststring        fsl_edma_hal.o
    0x00003b9c   0x00003b9c   0x00000054   Data   RO         1892    .conststring        fsl_gpio_hal.o
    0x00003bf0   0x00003bf0   0x00000052   Data   RO         1943    .conststring        fsl_i2c_hal.o
    0x00003c42   0x00003c42   0x00000002   PAD
    0x00003c44   0x00003c44   0x00000065   Data   RO         3235    .conststring        fsl_clock_mk64f12.o
    0x00003ca9   0x00003ca9   0x00000003   PAD
    0x00003cac   0x00003cac   0x0000005d   Data   RO         3531    .conststring        fsl_clock_manager.o
    0x00003d09   0x00003d09   0x00000003   PAD
    0x00003d0c   0x00003d0c   0x00000020   Data   RO         4227    Region$$Table       anon$$obj.o


    Execution Region RW_m_data (Exec base: 0x1fff0000, Load base: 0x00003d2c, Size: 0x00000000, Max: 0x00010000, ABSOLUTE)

    **** No section assigned to this execution region ****


    Execution Region RW_m_data_2 (Exec base: 0x20000000, Load base: 0x00003d2c, Size: 0x000000b8, Max: 0x0002f800, ABSOLUTE)

    Exec Addr    Load Addr    Size         Type   Attr      Idx    E Section Name        Object

    0x20000000   0x00003d2c   0x0000000c   Data   RW           24    .data               ledtesty.o
    0x2000000c   0x00003d38   0x00000004   Data   RW         1060    .data               fsl_edma_driver.o
    0x20000010   0x00003d3c   0x00000010   Data   RW         2133    .data               fsl_mcg_hal.o
    0x20000020   0x00003d4c   0x00000004   Data   RW         3888    .data               system_mk64f12.o
    0x20000024        -       0x00000022   Zero   RW           23    .bss                ledtesty.o
    0x20000046   0x00003d50   0x00000002   PAD
    0x20000048        -       0x00000060   Zero   RW          316    .bss                i2c_mk64f.o
    0x200000a8        -       0x00000010   Zero   RW         3725    .bss                fsl_debug_console.o


    Execution Region ARM_LIB_HEAP (Exec base: 0x200000b8, Load base: 0x00003d50, Size: 0x00000400, Max: 0x00000400, ABSOLUTE)

    Exec Addr    Load Addr    Size         Type   Attr      Idx    E Section Name        Object

    0x200000b8        -       0x00000400   Zero   RW            1    ARM_LIB_HEAP.bss    anon$$obj.o


    Execution Region ARM_LIB_STACK (Exec base: 0x2002fc00, Load base: 0x00003d50, Size: 0x00000400, Max: 0x00000400, ABSOLUTE)

    Exec Addr    Load Addr    Size         Type   Attr      Idx    E Section Name        Object

    0x2002fc00        -       0x00000400   Zero   RW            2    ARM_LIB_STACK.bss   anon$$obj.o



  Load Region LR_m_interrupts (Base: 0x00000000, Size: 0x00000400, Max: 0x00000400, ABSOLUTE)

    Execution Region VECTOR_RAM (Exec base: 0x00000000, Load base: 0x00000000, Size: 0x00000000, Max: 0x00000000, ABSOLUTE)

    Exec Addr    Load Addr    Size         Type   Attr      Idx    E Section Name        Object

    0x00000000        -       0x00000000   Zero   RW            3    VECTOR_RAM.bss      anon$$obj.o


    Execution Region VECTOR_ROM (Exec base: 0x00000000, Load base: 0x00000000, Size: 0x00000400, Max: 0x00000400, ABSOLUTE)

    Exec Addr    Load Addr    Size         Type   Attr      Idx    E Section Name        Object

    0x00000000   0x00000000   0x00000400   Data   RO         3877    RESET               startup_mk64f12.o



  Load Region LR_m_flash_config (Base: 0x00000400, Size: 0x00000010, Max: 0x00000010, ABSOLUTE)

    Execution Region ER_m_flash_config (Exec base: 0x00000400, Load base: 0x00000400, Size: 0x00000010, Max: 0x00000010, ABSOLUTE)

    Exec Addr    Load Addr    Size         Type   Attr      Idx    E Section Name        Object

    0x00000400   0x00000400   0x00000010   Data   RO         3878    FlashConfig         startup_mk64f12.o


==============================================================================

Image component sizes


      Code (inc. data)   RO Data    RW Data    ZI Data      Debug   Object Name

       174         40         72          0          0      30699   board.o
       978        110         93          0          0      30041   fsl_clock_manager.o
         0          0         12          0          0       1028   fsl_clock_manager_common.o
       594        222        126          0          0      29183   fsl_clock_mk64f12.o
       188         16         24          0         16      11881   fsl_debug_console.o
         0          0         25          0          0       1033   fsl_edma_common.o
       690        130         81          4          0      17812   fsl_edma_driver.o
      1054        154         84          0          0      14946   fsl_edma_hal.o
       160          0          0          0          0       9086   fsl_edma_irq.o
        68         16         84          0          0       1253   fsl_gpio_hal.o
       408         40        282          0          0       8754   fsl_i2c_hal.o
       802         40         48         16          0      17038   fsl_mcg_hal.o
       914         14          0          0          0      12724   fsl_mcg_hal_modes.o
         0          0          0          0          0       9164   fsl_os_abstraction_bm.o
        12          0          0          0          0       1135   fsl_osc_hal.o
         0          0          6          0          0        905   fsl_rtc_common.o
        56          0          0          0          0       1582   fsl_sim_hal_mk64f12.o
       250          0          0          0          0      12931   fsl_uart_hal.o
         0          0          0          0          0       7292   fxos8700.o
        36          0          0          0          0        544   hardware_init.o
      4770        412        511          0         96     734678   i2c_mk64f.o
       488         48          0         12         34       7881   ledtesty.o
       140         30          0          0          0       3258   pin_mux.o
        72         18          0          0          0        580   startup.o
        56         18       1040          0          0        856   startup_mk64f12.o
       496         44          0          4          0       1647   system_mk64f12.o
         0          0          0          0          0       3080   test.o

    ----------------------------------------------------------------------
     12432       1352       2536         36       2196     971011   Object Totals
         0          0         32          0       2048          0   (incl. Generated)
        26          0         16          0          2          0   (incl. Padding)

    ----------------------------------------------------------------------

      Code (inc. data)   RO Data    RW Data    ZI Data      Debug   Library Member Name

         8          0          0          0          0         68   __main.o
         0          0          0          0          0          0   __rtentry.o
        12          0          0          0          0          0   __rtentry2.o
         8          4          0          0          0          0   __rtentry7.o
        52          8          0          0          0          0   __scatter.o
        26          0          0          0          0          0   __scatter_copy.o
        28          0          0          0          0          0   __scatter_zi.o
        22          0          0          0          0         80   abort.o
       128         42          0          0          0         76   assert.o
        20          0          0          0          0         76   assert_puts.o
        48         34          0          0          0         76   defsig_abrt_inner.o
        14          0          0          0          0         80   defsig_abrt_outer.o
        10          0          0          0          0         68   defsig_exit.o
        50          0          0          0          0         88   defsig_general.o
        18          0          0          0          0         80   exit.o
         0          0          0          0          0          0   indicate_semi.o
         2          0          0          0          0          0   libinit.o
         6          0          0          0          0          0   libinit2.o
         2          0          0          0          0          0   libshutdown.o
         2          0          0          0          0          0   libshutdown2.o
        78          0          0          0          0         80   rt_memclr_w.o
       100          0          0          0          0         80   rt_memcpy_w.o
         2          0          0          0          0          0   rtexit.o
        10          0          0          0          0          0   rtexit2.o
        12          4          0          0          0         68   sys_exit.o
        14          0          0          0          0         76   sys_wrch.o
         2          0          0          0          0         68   use_no_semi.o
        10          0          0          0          0        116   fpinit.o

    ----------------------------------------------------------------------
       692         92          0          0          0       1180   Library Totals
         8          0          0          0          0          0   (incl. Padding)

    ----------------------------------------------------------------------

      Code (inc. data)   RO Data    RW Data    ZI Data      Debug   Library Name

       674         92          0          0          0       1064   c_w.l
        10          0          0          0          0        116   fz_wm.l

    ----------------------------------------------------------------------
       692         92          0          0          0       1180   Library Totals

    ----------------------------------------------------------------------

==============================================================================


      Code (inc. data)   RO Data    RW Data    ZI Data      Debug   

     13124       1444       2536         36       2196     954071   Grand Totals
     13124       1444       2536         36       2196     954071   ELF Image Totals
     13124       1444       2536         36          0          0   ROM Totals

==============================================================================

    Total RO  Size (Code + RO Data)                15660 (  15.29kB)
    Total RW  Size (RW Data + ZI Data)              2232 (   2.18kB)
    Total ROM Size (Code + RO Data + RW Data)      15696 (  15.33kB)

==============================================================================

