Component: ARM Compiler 5.06 update 6 (build 750) Tool: armlink [4d35ed]

==============================================================================

Section Cross References

    main.o(i._Z10board_initv) refers to main.o(.data) for topDriver
    main.o(i._Z13board_displayP9GameBoard) refers to main.o(.data) for topDriver
    main.o(i._Z5delayv) refers to main.o(.data) for delayTime
    main.o(i._Z8i2c_initv) refers to main.o(.data) for topDriver
    main.o(i.main) refers to hardware_init.o(i.hardware_init) for hardware_init
    main.o(i.main) refers to fxos8700.o(i.Accelerometer_Initialize) for Accelerometer_Initialize
    main.o(i.main) refers to main.o(i._Z8i2c_initv) for i2c_init()
    main.o(i.main) refers to main.o(i._Z10board_initv) for board_init()
    main.o(i.main) refers to new.o(i._Znwj) for operator new(unsigned)
    main.o(i.main) refers to rockfall.o(i._ZN8RockFallC1Ev) for RockFall::RockFall()
    main.o(i.main) refers to main.o(i._Z5delayv) for delay()
    main.o(i.main) refers to rockfall.o(i._ZN8RockFall3runEv) for RockFall::run()
    main.o(i.main) refers to main.o(i._Z13board_displayP9GameBoard) for board_display(GameBoard*)
    main.o(.ARM.exidx) refers to main.o(i._Z8i2c_initv) for i._Z8i2c_initv
    main.o(.ARM.exidx) refers to main.o(i._Z10board_initv) for i._Z10board_initv
    main.o(.ARM.exidx) refers to main.o(i._Z13board_displayP9GameBoard) for i._Z13board_displayP9GameBoard
    main.o(.ARM.exidx) refers to main.o(i._Z5delayv) for i._Z5delayv
    main.o(.ARM.exidx) refers to main.o(i.main) for i.main
    main.o(.data) refers to i2c_mk64f.o(.constdata) for Driver_I2C0
    gameboard.o(i._ZN9GameBoard10drawOrangeEii) refers to gameboard.o(i._ZN9GameBoard7drawRedEii) for GameBoard::drawRed(int, int)
    gameboard.o(i._ZN9GameBoard10drawOrangeEii) refers to gameboard.o(i._ZN9GameBoard9drawGreenEii) for GameBoard::drawGreen(int, int)
    gameboard.o(i._ZN9GameBoard4drawEii5Color) refers to gameboard.o(i._ZN9GameBoard7drawRedEii) for GameBoard::drawRed(int, int)
    gameboard.o(i._ZN9GameBoard4drawEii5Color) refers to gameboard.o(i._ZN9GameBoard10drawOrangeEii) for GameBoard::drawOrange(int, int)
    gameboard.o(i._ZN9GameBoard4drawEii5Color) refers to gameboard.o(i._ZN9GameBoard9drawGreenEii) for GameBoard::drawGreen(int, int)
    gameboard.o(i._ZN9GameBoardC1Ev) refers to array_new.o(i._Znaj) for operator new[] (unsigned)
    gameboard.o(i._ZN9GameBoardC1Ev) refers to gameboard.o(i._ZN9GameBoard10resetBoardEv) for GameBoard::resetBoard()
    gameboard.o(.ARM.exidx) refers to gameboard.o(i._ZN9GameBoard9drawGreenEii) for i._ZN9GameBoard9drawGreenEii
    gameboard.o(.ARM.exidx) refers to gameboard.o(i._ZN9GameBoard7drawRedEii) for i._ZN9GameBoard7drawRedEii
    gameboard.o(.ARM.exidx) refers to gameboard.o(i._ZN9GameBoard10drawOrangeEii) for i._ZN9GameBoard10drawOrangeEii
    gameboard.o(.ARM.exidx) refers to gameboard.o(i._ZN9GameBoard4drawEii5Color) for i._ZN9GameBoard4drawEii5Color
    gameboard.o(.ARM.exidx) refers to gameboard.o(i._ZN9GameBoard10resetBoardEv) for i._ZN9GameBoard10resetBoardEv
    gameboard.o(.ARM.exidx) refers to gameboard.o(i._ZN9GameBoardC1Ev) for i._ZN9GameBoardC1Ev
    gameobject.o(i._ZN6Player4drawER9GameBoard) refers to gameobject.o(i._ZSt5floorf) for std::floor(float)
    gameobject.o(i._ZN6Player4drawER9GameBoard) refers to gameboard.o(i._ZN9GameBoard4drawEii5Color) for GameBoard::draw(int, int, Color)
    gameobject.o(i._ZN6PlayerC1Eff) refers to gameobject.o(.constdata__ZTV8Obstacle) for vtable for Obstacle
    gameobject.o(i._ZN6PlayerC1Eff) refers to gameobject.o(.constdata__ZTV6Player) for vtable for Player
    gameobject.o(.ARM.exidx) refers to gameobject.o(i._ZN6PlayerC1Eff) for i._ZN6PlayerC1Eff
    gameobject.o(.ARM.exidx) refers to gameobject.o(i._ZN6Player7getTypeEv) for i._ZN6Player7getTypeEv
    gameobject.o(.ARM.exidx) refers to gameobject.o(i._ZN6Player4drawER9GameBoard) for i._ZN6Player4drawER9GameBoard
    gameobject.o(.ARM.exidx) refers to gameobject.o(i._ZN6Player6updateEf) for i._ZN6Player6updateEf
    rockfall.o(i._ZN14GameControllerC1ER9GameBoard) refers to gameboard.o(i._ZN9GameBoardC1Ev) for GameBoard::GameBoard()
    rockfall.o(i._ZN14GameControllerC1ER9GameBoard) refers to new.o(i._Znwj) for operator new(unsigned)
    rockfall.o(i._ZN14GameControllerC1ER9GameBoard) refers to gameobject.o(i._ZN6PlayerC1Eff) for Player::Player(float, float)
    rockfall.o(i._ZN14GameControllerC1ER9GameBoard) refers to rockfall.o(.constdata__ZTV10Controller) for vtable for Controller
    rockfall.o(i._ZN14GameControllerC1ER9GameBoard) refers to rockfall.o(.constdata__ZTV14GameController) for vtable for GameController
    rockfall.o(i._ZN8RockFallC1Ev) refers to new.o(i._Znwj) for operator new(unsigned)
    rockfall.o(i._ZN8RockFallC1Ev) refers to gameboard.o(i._ZN9GameBoardC1Ev) for GameBoard::GameBoard()
    rockfall.o(i._ZN8RockFallC1Ev) refers to rockfall.o(i._ZN14GameControllerC1ER9GameBoard) for GameController::GameController(GameBoard&)
[...]
    i._ZN14GameController6renderEv           0x00003ab8   Section        0  rockfall.o(i._ZN14GameController6renderEv)
    i._ZN14GameController6updateEf           0x00003ae4   Section        0  rockfall.o(i._ZN14GameController6updateEf)
    i._ZN14GameController9preUpdateEv        0x00003b0e   Section        0  rockfall.o(i._ZN14GameController9preUpdateEv)
    i._ZN14GameControllerC1ER9GameBoard      0x00003b10   Section        0  rockfall.o(i._ZN14GameControllerC1ER9GameBoard)
    i._ZN6Player4drawER9GameBoard            0x00003b6c   Section        0  gameobject.o(i._ZN6Player4drawER9GameBoard)
    i._ZN6Player6updateEf                    0x00003bac   Section        0  gameobject.o(i._ZN6Player6updateEf)
    i._ZN6PlayerC1Eff                        0x00003bb0   Section        0  gameobject.o(i._ZN6PlayerC1Eff)
    i._ZN8RockFall3runEv                     0x00003bdc   Section        0  rockfall.o(i._ZN8RockFall3runEv)
    i._ZN8RockFallC1Ev                       0x00003bea   Section        0  rockfall.o(i._ZN8RockFallC1Ev)
    i._ZN9GameBoard10drawOrangeEii           0x00003c14   Section        0  gameboard.o(i._ZN9GameBoard10drawOrangeEii)
    i._ZN9GameBoard10resetBoardEv            0x00003c32   Section        0  gameboard.o(i._ZN9GameBoard10resetBoardEv)
    i._ZN9GameBoard4drawEii5Color            0x00003c4c   Section        0  gameboard.o(i._ZN9GameBoard4drawEii5Color)
    i._ZN9GameBoard7drawRedEii               0x00003c8a   Section        0  gameboard.o(i._ZN9GameBoard7drawRedEii)
    i._ZN9GameBoard9drawGreenEii             0x00003cc4   Section        0  gameboard.o(i._ZN9GameBoard9drawGreenEii)
    i._ZN9GameBoardC1Ev                      0x00003d06   Section        0  gameboard.o(i._ZN9GameBoardC1Ev)
    i._ZSt5floorf                            0x00003d24   Section        0  gameobject.o(i._ZSt5floorf)
    i._Znaj                                  0x00003d3c   Section        0  array_new.o(i._Znaj)
    i._Znwj                                  0x00003d44   Section        0  new.o(i._Znwj)
    i.__hardfp_floorf                        0x00003d6c   Section        0  floorf.o(i.__hardfp_floorf)
    i.configure_uart_pins                    0x00003ddc   Section        0  pin_mux.o(i.configure_uart_pins)
    i.dbg_uart_init                          0x00003e24   Section        0  board.o(i.dbg_uart_init)
    i.hardware_init                          0x00003e3a   Section        0  hardware_init.o(i.hardware_init)
    i.init_data_bss                          0x00003e60   Section        0  startup.o(i.init_data_bss)
    i.main                                   0x00003ea8   Section        0  main.o(i.main)
    x$fpl$fpinit                             0x00003eda   Section       10  fpinit.o(x$fpl$fpinit)
    $v0                                      0x00003eda   Number         0  fpinit.o(x$fpl$fpinit)
    .constdata                               0x00003ee4   Section      272  i2c_mk64f.o(.constdata)
    x$fpl$usenofp                            0x00003ee4   Section        0  usenofp.o(x$fpl$usenofp)
    DriverVersion                            0x00003ee4   Data           4  i2c_mk64f.o(.constdata)
    DriverCapabilities                       0x00003ee8   Data           4  i2c_mk64f.o(.constdata)
    I2C0_Resources                           0x00003eec   Data          40  i2c_mk64f.o(.constdata)
    I2C1_Resources                           0x00003f14   Data          40  i2c_mk64f.o(.constdata)
    I2C2_Resources                           0x00003f3c   Data          40  i2c_mk64f.o(.constdata)
    .constdata                               0x00003ff4   Section       72  board.o(.constdata)
    .constdata                               0x0000403c   Section       25  fsl_edma_common.o(.constdata)
    .constdata                               0x00004058   Section        6  fsl_rtc_common.o(.constdata)
    .constdata                               0x0000405e   Section      200  fsl_i2c_hal.o(.constdata)
    .constdata                               0x00004126   Section       48  fsl_mcg_hal.o(.constdata)
    fllFactorTable                           0x00004126   Data          16  fsl_mcg_hal.o(.constdata)
    freq_kHz                                 0x00004136   Data          16  fsl_mcg_hal.o(.constdata)
    freqLow_kHz                              0x00004146   Data          16  fsl_mcg_hal.o(.constdata)
    .constdata                               0x00004156   Section       25  fsl_clock_mk64f12.o(.constdata)
    portGateTable                            0x00004156   Data           5  fsl_clock_mk64f12.o(.constdata)
    adcGateTable                             0x0000415b   Data           2  fsl_clock_mk64f12.o(.constdata)
    dacGateTable                             0x0000415d   Data           2  fsl_clock_mk64f12.o(.constdata)
    ftmGateTable                             0x0000415f   Data           4  fsl_clock_mk64f12.o(.constdata)
    spiGateTable                             0x00004163   Data           3  fsl_clock_mk64f12.o(.constdata)
    i2cGateTable                             0x00004166   Data           3  fsl_clock_mk64f12.o(.constdata)
    uartGateTable                            0x00004169   Data           6  fsl_clock_mk64f12.o(.constdata)
    .constdata                               0x00004170   Section       12  fsl_clock_manager_common.o(.constdata)
    .constdata                               0x0000417c   Section       24  fsl_debug_console.o(.constdata)
    .constdata__ZTV10Controller              0x00004194   Section       24  rockfall.o(.constdata__ZTV10Controller)
    .constdata__ZTV14GameController          0x000041ac   Section       24  rockfall.o(.constdata__ZTV14GameController)
    .constdata__ZTV6Player                   0x000041c4   Section       20  gameobject.o(.constdata__ZTV6Player)
    .constdata__ZTV8Obstacle                 0x000041d8   Section       20  gameobject.o(.constdata__ZTV8Obstacle)
    .conststring                             0x000041ec   Section      239  i2c_mk64f.o(.conststring)
    .conststring                             0x000042dc   Section       81  fsl_edma_driver.o(.conststring)
    .conststring                             0x00004330   Section       84  fsl_edma_hal.o(.conststring)
    .conststring                             0x00004384   Section       84  fsl_gpio_hal.o(.conststring)
    .conststring                             0x000043d8   Section       82  fsl_i2c_hal.o(.conststring)
    .conststring                             0x0000442c   Section      101  fsl_clock_mk64f12.o(.conststring)
    .conststring                             0x00004494   Section       93  fsl_clock_manager.o(.conststring)
    .data                                    0x20000000   Section       16  main.o(.data)
    topDriver                                0x20000000   Data           4  main.o(.data)
    botDriver                                0x20000004   Data           4  main.o(.data)
    .data                                    0x20000010   Section        1  fxos8700.o(.data)
    Status                                   0x20000010   Data           1  fxos8700.o(.data)
    .data                                    0x20000014   Section        4  fsl_edma_driver.o(.data)
    .data                                    0x20000018   Section       16  fsl_mcg_hal.o(.data)
    .data                                    0x20000028   Section        4  system_mk64f12.o(.data)
    .bss                                     0x2000002c   Section       96  i2c_mk64f.o(.bss)
    I2C0_Ctrl                                0x2000002c   Data          32  i2c_mk64f.o(.bss)
    I2C1_Ctrl                                0x2000004c   Data          32  i2c_mk64f.o(.bss)
    I2C2_Ctrl                                0x2000006c   Data          32  i2c_mk64f.o(.bss)
    .bss                                     0x2000008c   Section       16  fsl_debug_console.o(.bss)
    s_debugConsole                           0x2000008c   Data          16  fsl_debug_console.o(.bss)
    .bss                                     0x2000009c   Section       96  libspace.o(.bss)

    Global Symbols

    Symbol Name                              Value     Ov Type        Size  Object(Section)

    BuildAttributes$$THM_ISAv4$E$P$D$K$B$S$7EM$VFPi3$EXTD16$VFPS$VFMA$PE$A:L22UL41UL21$X:L11$S22US41US21$IEEE1$IW$USESV6$~STKCKD$USESV7$~SHL$OTIME$ROPI$IEEEJ$EBA8$UX$STANDARDLIB$REQ8$PRES8$EABIv2 0x00000000   Number         0  anon$$obj.o ABSOLUTE
    Image$$VECTOR_RAM$$Base                  0x00000000   Number         0  anon$$obj.o ABSOLUTE
    Image$$VECTOR_ROM$$Base                  0x00000000   Number         0  anon$$obj.o ABSOLUTE
    __ARM_use_no_argv                        0x00000000   Number         0  main.o ABSOLUTE
    __Vectors                                0x00000000   Data           4  startup_mk64f12.o(RESET)
    Image$$ZI$$Limit                          - Undefined Weak Reference
    SHT$$ARM_EXIDX$$Base                      - Undefined Reference
    SHT$$ARM_EXIDX$$Limit                     - Undefined Reference
    __ARM::default_unexpected_handler()       - Undefined Weak Reference
    __ARM_exceptions_buffer_required          - Undefined Weak Reference
    __ARM_exceptions_init                     - Undefined Weak Reference
    __aeabi_unwind_cpp_pr1                    - Undefined Weak Reference
    __aeabi_unwind_cpp_pr2                    - Undefined Weak Reference
    __alloca_initialize                       - Undefined Weak Reference
    __arm_preinit_                            - Undefined Weak Reference
    __cpp_initialize__aeabi_                  - Undefined Weak Reference
    __cxa_begin_cleanup                       - Undefined Weak Reference
    __cxa_finalize                            - Undefined Weak Reference
    __cxa_type_match                          - Undefined Weak Reference
    __rt_locale                               - Undefined Weak Reference
    __sigvec_lookup                           - Undefined Weak Reference
    __user_heap_extent                        - Undefined Weak Reference
    _atexit_init                              - Undefined Weak Reference
    _call_atexit_fns                          - Undefined Weak Reference
    _clock_init                               - Undefined Weak Reference
    _fp_trap_init                             - Undefined Weak Reference
    _fp_trap_shutdown                         - Undefined Weak Reference
    _get_lc_collate                           - Undefined Weak Reference
    _get_lc_ctype                             - Undefined Weak Reference
    _get_lc_monetary                          - Undefined Weak Reference
    _get_lc_numeric                           - Undefined Weak Reference
    _get_lc_time                              - Undefined Weak Reference
    _getenv_init                              - Undefined Weak Reference
    _handle_redirection                       - Undefined Weak Reference
    _initio                                   - Undefined Weak Reference
    _mutex_acquire                            - Undefined Weak Reference
    _mutex_free                               - Undefined Weak Reference
    _mutex_release                            - Undefined Weak Reference
    _rand_init                                - Undefined Weak Reference
    _signal_finish                            - Undefined Weak Reference
    _signal_init                              - Undefined Weak Reference
    _terminateio                              - Undefined Weak Reference
    __Vectors_End                            0x00000400   Data           0  startup_mk64f12.o(RESET)
    __Vectors_Size                           0x00000400   Number         0  startup_mk64f12.o ABSOLUTE
    __main                                   0x00000411   Thumb Code     8  __main.o(!!!main)
    __scatterload                            0x00000419   Thumb Code     0  __scatter.o(!!!scatter)
    __scatterload_rt2                        0x00000419   Thumb Code    44  __scatter.o(!!!scatter)
    __scatterload_rt2_thumb_only             0x00000419   Thumb Code     0  __scatter.o(!!!scatter)
    __scatterload_null                       0x00000427   Thumb Code     0  __scatter.o(!!!scatter)
    __scatterload_copy                       0x0000044d   Thumb Code    26  __scatter_copy.o(!!handler_copy)
    __scatterload_zeroinit                   0x00000469   Thumb Code    28  __scatter_zi.o(!!handler_zi)
    __rt_lib_init                            0x00000485   Thumb Code     0  libinit.o(.ARM.Collect$$libinit$$00000000)
    __rt_lib_init_fp_1                       0x00000487   Thumb Code     0  libinit2.o(.ARM.Collect$$libinit$$00000001)
    __rt_lib_init_heap_2                     0x0000048b   Thumb Code     0  libinit5.o(.ARM.Collect$$libinit$$00000008)
    __rt_lib_init_preinit_1                  0x0000048b   Thumb Code     0  libinit2.o(.ARM.Collect$$libinit$$00000004)
    __rt_lib_init_alloca_1                   0x00000493   Thumb Code     0  libinit2.o(.ARM.Collect$$libinit$$0000002E)
    __rt_lib_init_argv_1                     0x00000493   Thumb Code     0  libinit2.o(.ARM.Collect$$libinit$$0000002C)
    __rt_lib_init_atexit_1                   0x00000493   Thumb Code     0  libinit2.o(.ARM.Collect$$libinit$$0000001B)
    __rt_lib_init_clock_1                    0x00000493   Thumb Code     0  libinit2.o(.ARM.Collect$$libinit$$00000021)
    __rt_lib_init_cpp_1                      0x00000493   Thumb Code     0  libinit2.o(.ARM.Collect$$libinit$$00000032)
    __rt_lib_init_exceptions_1               0x00000493   Thumb Code     0  libinit2.o(.ARM.Collect$$libinit$$00000030)
    __rt_lib_init_fp_trap_1                  0x00000493   Thumb Code     0  libinit2.o(.ARM.Collect$$libinit$$0000001F)
    __rt_lib_init_getenv_1                   0x00000493   Thumb Code     0  libinit2.o(.ARM.Collect$$libinit$$00000023)
    __rt_lib_init_heap_1                     0x00000493   Thumb Code     0  libinit2.o(.ARM.Collect$$libinit$$0000000A)
    __rt_lib_init_lc_collate_1               0x00000493   Thumb Code     0  libinit2.o(.ARM.Collect$$libinit$$00000011)
    __rt_lib_init_lc_ctype_1                 0x00000493   Thumb Code     0  libinit2.o(.ARM.Collect$$libinit$$00000013)
    __rt_lib_init_lc_monetary_1              0x00000493   Thumb Code     0  libinit2.o(.ARM.Collect$$libinit$$00000015)
    __rt_lib_init_lc_numeric_1               0x00000493   Thumb Code     0  libinit2.o(.ARM.Collect$$libinit$$00000017)
    __rt_lib_init_lc_time_1                  0x00000493   Thumb Code     0  libinit2.o(.ARM.Collect$$libinit$$00000019)
    __rt_lib_init_rand_1                     0x00000493   Thumb Code     0  libinit2.o(.ARM.Collect$$libinit$$0000000E)
    __rt_lib_init_return                     0x00000493   Thumb Code     0  libinit2.o(.ARM.Collect$$libinit$$00000033)
    __rt_lib_init_signal_1                   0x00000493   Thumb Code     0  libinit2.o(.ARM.Collect$$libinit$$0000001D)
    __rt_lib_init_stdio_1                    0x00000493   Thumb Code     0  libinit2.o(.ARM.Collect$$libinit$$00000025)
    __rt_lib_init_user_alloc_1               0x00000493   Thumb Code     0  libinit2.o(.ARM.Collect$$libinit$$0000000C)
    __rt_lib_shutdown                        0x0000049d   Thumb Code     0  libshutdown.o(.ARM.Collect$$libshutdown$$00000000)
    __rt_lib_shutdown_cpp_1                  0x0000049f   Thumb Code     0  libshutdown2.o(.ARM.Collect$$libshutdown$$00000002)
    __rt_lib_shutdown_fp_trap_1              0x0000049f   Thumb Code     0  libshutdown2.o(.ARM.Collect$$libshutdown$$00000007)
    __rt_lib_shutdown_heap_1                 0x0000049f   Thumb Code     0  libshutdown2.o(.ARM.Collect$$libshutdown$$0000000F)
    __rt_lib_shutdown_return                 0x0000049f   Thumb Code     0  libshutdown2.o(.ARM.Collect$$libshutdown$$00000010)
    __rt_lib_shutdown_signal_1               0x0000049f   Thumb Code     0  libshutdown2.o(.ARM.Collect$$libshutdown$$0000000A)
    __rt_lib_shutdown_stdio_1                0x0000049f   Thumb Code     0  libshutdown2.o(.ARM.Collect$$libshutdown$$00000004)
    __rt_lib_shutdown_user_alloc_1           0x0000049f   Thumb Code     0  libshutdown2.o(.ARM.Collect$$libshutdown$$0000000C)
    __rt_entry                               0x000004a1   Thumb Code     0  __rtentry.o(.ARM.Collect$$rtentry$$00000000)
    __rt_entry_presh_1                       0x000004a1   Thumb Code     0  __rtentry2.o(.ARM.Collect$$rtentry$$00000002)
    __rt_entry_sh                            0x000004a1   Thumb Code     0  __rtentry7.o(.ARM.Collect$$rtentry$$00000007)
    __rt_entry_li                            0x000004a5   Thumb Code     0  __rtentry2.o(.ARM.Collect$$rtentry$$0000000A)
    __rt_entry_postsh_1                      0x000004a5   Thumb Code     0  __rtentry2.o(.ARM.Collect$$rtentry$$00000009)
    __rt_entry_main                          0x000004a9   Thumb Code     0  __rtentry2.o(.ARM.Collect$$rtentry$$0000000D)
    __rt_entry_postli_1                      0x000004a9   Thumb Code     0  __rtentry2.o(.ARM.Collect$$rtentry$$0000000C)
    __rt_exit                                0x000004b5   Thumb Code     0  rtexit.o(.ARM.Collect$$rtexit$$00000000)
    __rt_exit_ls                             0x000004b7   Thumb Code     0  rtexit2.o(.ARM.Collect$$rtexit$$00000003)
    __rt_exit_prels_1                        0x000004b7   Thumb Code     0  rtexit2.o(.ARM.Collect$$rtexit$$00000002)
    __rt_exit_exit                           0x000004bb   Thumb Code     0  rtexit2.o(.ARM.Collect$$rtexit$$00000004)
    Reset_Handler                            0x000004c1   Thumb Code    18  startup_mk64f12.o(.text)
    _maybe_terminate_alloc                   0x000004c1   Thumb Code     0  maybetermalloc1.o(.emb_text)
    NMI_Handler                              0x000004d3   Thumb Code     2  startup_mk64f12.o(.text)
    HardFault_Handler                        0x000004d5   Thumb Code     2  startup_mk64f12.o(.text)
    MemManage_Handler                        0x000004d7   Thumb Code     2  startup_mk64f12.o(.text)
    BusFault_Handler                         0x000004d9   Thumb Code     2  startup_mk64f12.o(.text)
    UsageFault_Handler                       0x000004db   Thumb Code     2  startup_mk64f12.o(.text)
    SVC_Handler                              0x000004dd   Thumb Code     2  startup_mk64f12.o(.text)
    DebugMon_Handler                         0x000004df   Thumb Code     2  startup_mk64f12.o(.text)
    PendSV_Handler                           0x000004e1   Thumb Code     2  startup_mk64f12.o(.text)
    SysTick_Handler                          0x000004e3   Thumb Code     2  startup_mk64f12.o(.text)
    ADC0_IRQHandler                          0x000004e5   Thumb Code     0  startup_mk64f12.o(.text)
    ADC1_IRQHandler                          0x000004e5   Thumb Code     0  startup_mk64f12.o(.text)
    CAN0_Bus_Off_IRQHandler                  0x000004e5   Thumb Code     0  startup_mk64f12.o(.text)
    CAN0_Error_IRQHandler                    0x000004e5   Thumb Code     0  startup_mk64f12.o(.text)
    CAN0_ORed_Message_buffer_IRQHandler      0x000004e5   Thumb Code     0  startup_mk64f12.o(.text)
    CAN0_Rx_Warning_IRQHandler               0x000004e5   Thumb Code     0  startup_mk64f12.o(.text)
    CAN0_Tx_Warning_IRQHandler               0x000004e5   Thumb Code     0  startup_mk64f12.o(.text)
    CAN0_Wake_Up_IRQHandler                  0x000004e5   Thumb Code     0  startup_mk64f12.o(.text)
    CMP0_IRQHandler                          0x000004e5   Thumb Code     0  startup_mk64f12.o(.text)
    CMP1_IRQHandler                          0x000004e5   Thumb Code     0  startup_mk64f12.o(.text)
    CMP2_IRQHandler                          0x000004e5   Thumb Code     0  startup_mk64f12.o(.text)
    CMT_IRQHandler                           0x000004e5   Thumb Code     0  startup_mk64f12.o(.text)
    DAC0_IRQHandler                          0x000004e5   Thumb Code     0  startup_mk64f12.o(.text)
    DAC1_IRQHandler                          0x000004e5   Thumb Code     0  startup_mk64f12.o(.text)
    DMA_Error_IRQHandler                     0x000004e5   Thumb Code     0  startup_mk64f12.o(.text)
    DefaultISR                               0x000004e5   Thumb Code     0  startup_mk64f12.o(.text)
    ENET_1588_Timer_IRQHandler               0x000004e5   Thumb Code     0  startup_mk64f12.o(.text)
    ENET_Error_IRQHandler                    0x000004e5   Thumb Code     0  startup_mk64f12.o(.text)
    ENET_Receive_IRQHandler                  0x000004e5   Thumb Code     0  startup_mk64f12.o(.text)
    ENET_Transmit_IRQHandler                 0x000004e5   Thumb Code     0  startup_mk64f12.o(.text)
    FTFE_IRQHandler                          0x000004e5   Thumb Code     0  startup_mk64f12.o(.text)
    FTM0_IRQHandler                          0x000004e5   Thumb Code     0  startup_mk64f12.o(.text)
    FTM1_IRQHandler                          0x000004e5   Thumb Code     0  startup_mk64f12.o(.text)
    FTM2_IRQHandler                          0x000004e5   Thumb Code     0  startup_mk64f12.o(.text)
    FTM3_IRQHandler                          0x000004e5   Thumb Code     0  startup_mk64f12.o(.text)
    I2S0_Rx_IRQHandler                       0x000004e5   Thumb Code     0  startup_mk64f12.o(.text)
    I2S0_Tx_IRQHandler                       0x000004e5   Thumb Code     0  startup_mk64f12.o(.text)
    LLWU_IRQHandler                          0x000004e5   Thumb Code     0  startup_mk64f12.o(.text)
    LPTMR0_IRQHandler                        0x000004e5   Thumb Code     0  startup_mk64f12.o(.text)
    LVD_LVW_IRQHandler                       0x000004e5   Thumb Code     0  startup_mk64f12.o(.text)
    MCG_IRQHandler                           0x000004e5   Thumb Code     0  startup_mk64f12.o(.text)
    MCM_IRQHandler                           0x000004e5   Thumb Code     0  startup_mk64f12.o(.text)
    PDB0_IRQHandler                          0x000004e5   Thumb Code     0  startup_mk64f12.o(.text)
    PIT0_IRQHandler                          0x000004e5   Thumb Code     0  startup_mk64f12.o(.text)
    PIT1_IRQHandler                          0x000004e5   Thumb Code     0  startup_mk64f12.o(.text)
    PIT2_IRQHandler                          0x000004e5   Thumb Code     0  startup_mk64f12.o(.text)
    PIT3_IRQHandler                          0x000004e5   Thumb Code     0  startup_mk64f12.o(.text)
    PORTA_IRQHandler                         0x000004e5   Thumb Code     0  startup_mk64f12.o(.text)
    PORTB_IRQHandler                         0x000004e5   Thumb Code     0  startup_mk64f12.o(.text)
    PORTC_IRQHandler                         0x000004e5   Thumb Code     0  startup_mk64f12.o(.text)
    PORTD_IRQHandler                         0x000004e5   Thumb Code     0  startup_mk64f12.o(.text)
    PORTE_IRQHandler                         0x000004e5   Thumb Code     0  startup_mk64f12.o(.text)
    RNG_IRQHandler                           0x000004e5   Thumb Code     0  startup_mk64f12.o(.text)
    RTC_IRQHandler                           0x000004e5   Thumb Code     0  startup_mk64f12.o(.text)
    RTC_Seconds_IRQHandler                   0x000004e5   Thumb Code     0  startup_mk64f12.o(.text)
    Read_Collision_IRQHandler                0x000004e5   Thumb Code     0  startup_mk64f12.o(.text)
    Reserved71_IRQHandler                    0x000004e5   Thumb Code     0  startup_mk64f12.o(.text)
    SDHC_IRQHandler                          0x000004e5   Thumb Code     0  startup_mk64f12.o(.text)
    SPI0_IRQHandler                          0x000004e5   Thumb Code     0  startup_mk64f12.o(.text)
    SPI1_IRQHandler                          0x000004e5   Thumb Code     0  startup_mk64f12.o(.text)
    SPI2_IRQHandler                          0x000004e5   Thumb Code     0  startup_mk64f12.o(.text)
    SWI_IRQHandler                           0x000004e5   Thumb Code     0  startup_mk64f12.o(.text)
    UART0_ERR_IRQHandler                     0x000004e5   Thumb Code     0  startup_mk64f12.o(.text)
    UART0_LON_IRQHandler                     0x000004e5   Thumb Code     0  startup_mk64f12.o(.text)
    UART0_RX_TX_IRQHandler                   0x000004e5   Thumb Code     0  startup_mk64f12.o(.text)
    UART1_ERR_IRQHandler                     0x000004e5   Thumb Code     0  startup_mk64f12.o(.text)
    UART1_RX_TX_IRQHandler                   0x000004e5   Thumb Code     0  startup_mk64f12.o(.text)
    UART2_ERR_IRQHandler                     0x000004e5   Thumb Code     0  startup_mk64f12.o(.text)
    UART2_RX_TX_IRQHandler                   0x000004e5   Thumb Code     0  startup_mk64f12.o(.text)
    UART3_ERR_IRQHandler                     0x000004e5   Thumb Code     0  startup_mk64f12.o(.text)
    UART3_RX_TX_IRQHandler                   0x000004e5   Thumb Code     0  startup_mk64f12.o(.text)
    UART4_ERR_IRQHandler                     0x000004e5   Thumb Code     0  startup_mk64f12.o(.text)
    UART4_RX_TX_IRQHandler                   0x000004e5   Thumb Code     0  startup_mk64f12.o(.text)
    UART5_ERR_IRQHandler                     0x000004e5   Thumb Code     0  startup_mk64f12.o(.text)
    UART5_RX_TX_IRQHandler                   0x000004e5   Thumb Code     0  startup_mk64f12.o(.text)
    USB0_IRQHandler                          0x000004e5   Thumb Code     0  startup_mk64f12.o(.text)
    USBDCD_IRQHandler                        0x000004e5   Thumb Code     0  startup_mk64f12.o(.text)
    WDOG_EWM_IRQHandler                      0x000004e5   Thumb Code     0  startup_mk64f12.o(.text)
    malloc                                   0x000004f9   Thumb Code    94  h1_alloc.o(.text)
    free                                     0x00000557   Thumb Code    78  h1_free.o(.text)
    __aeabi_assert                           0x000005a5   Thumb Code    86  assert.o(.text)
    __assert                                 0x000005a5   Thumb Code     0  assert.o(.text)
    __aeabi_memcpy4                          0x00000625   Thumb Code     0  rt_memcpy_w.o(.text)
    __aeabi_memcpy8                          0x00000625   Thumb Code     0  rt_memcpy_w.o(.text)
    __rt_memcpy_w                            0x00000625   Thumb Code   100  rt_memcpy_w.o(.text)
    _memcpy_lastbytes_aligned                0x0000066d   Thumb Code     0  rt_memcpy_w.o(.text)
    __aeabi_memclr4                          0x00000689   Thumb Code     0  rt_memclr_w.o(.text)
    __aeabi_memclr8                          0x00000689   Thumb Code     0  rt_memclr_w.o(.text)
    __rt_memclr_w                            0x00000689   Thumb Code    78  rt_memclr_w.o(.text)
    _memset_w                                0x0000068d   Thumb Code     0  rt_memclr_w.o(.text)
    __rt_heap_descriptor                     0x000006d9   Thumb Code     8  rt_heap_descriptor_intlibspace.o(.text)
    __rt_new_handler_addr                    0x000006e1   Thumb Code     8  rt_new_handler_addr_intlibspace.o(.text)
    __use_no_heap                            0x000006e9   Thumb Code     2  hguard.o(.text)
    __heap$guard                             0x000006eb   Thumb Code     2  hguard.o(.text)
    _terminate_user_alloc                    0x000006ed   Thumb Code     2  init_alloc.o(.text)
    _init_user_alloc                         0x000006ef   Thumb Code     2  init_alloc.o(.text)
    __Heap_Full                              0x000006f1   Thumb Code    34  init_alloc.o(.text)
    __Heap_Broken                            0x00000713   Thumb Code     6  init_alloc.o(.text)
    _init_alloc                              0x00000719   Thumb Code    94  init_alloc.o(.text)
    __Heap_Initialize                        0x00000777   Thumb Code    10  h1_init.o(.text)
    __Heap_DescSize                          0x00000781   Thumb Code     4  h1_init.o(.text)
    abort                                    0x00000785   Thumb Code    22  abort.o(.text)
    __assert_puts                            0x0000079b   Thumb Code    20  assert_puts.o(.text)
    __default_new_handler()                  0x000007af   Thumb Code     4  arm_newhandler_noexceptions.o(.text)
    _ttywrch                                 0x000007b3   Thumb Code    14  sys_wrch.o(.text)
    _sys_exit                                0x000007c1   Thumb Code     8  sys_exit.o(.text)
    __Heap_ProvideMemory                     0x000007cd   Thumb Code    52  h1_extend.o(.text)
    __sig_exit                               0x00000801   Thumb Code    10  defsig_exit.o(.text)
    __rt_SIGABRT                             0x0000080b   Thumb Code    14  defsig_abrt_outer.o(.text)
    __rt_SIGRTMEM                            0x00000819   Thumb Code    14  defsig_rtmem_outer.o(.text)
    std::terminate()                         0x00000827   Thumb Code    26  arm_exceptions_terminate.o(.text)
    __cxa_get_globals                        0x00000847   Thumb Code    62  arm_exceptions_globs.o(.text)
    __I$use$semihosting                      0x00000891   Thumb Code     0  use_no_semi.o(.text)
    __use_no_semihosting_swi                 0x00000891   Thumb Code     2  use_no_semi.o(.text)
    __semihosting_library_function           0x00000893   Thumb Code     0  indicate_semi.o(.text)
    __rt_eh_globals_addr                     0x00000895   Thumb Code     8  rt_eh_globals_addr_intlibspace.o(.text)
    exit                                     0x0000089d   Thumb Code    18  exit.o(.text)
    __default_signal_display                 0x000008af   Thumb Code    50  defsig_general.o(.text)
    __rt_SIGABRT_inner                       0x000008e1   Thumb Code    14  defsig_abrt_inner.o(.text)
    __rt_SIGRTMEM_inner                      0x00000911   Thumb Code    22  defsig_rtmem_inner.o(.text)
    __ARM_exceptions_buffer_init             0x00000961   Thumb Code    18  arm_exceptions_mem.o(.text)
    __ARM_exceptions_buffer_allocate         0x00000973   Thumb Code    22  arm_exceptions_mem.o(.text)
    __ARM_exceptions_buffer_free             0x00000989   Thumb Code    20  arm_exceptions_mem.o(.text)
    Accelerometer_Initialize                 0x0000099d   Thumb Code    32  fxos8700.o(i.Accelerometer_Initialize)
    BOARD_ClockInit                          0x000009c1   Thumb Code    72  board.o(i.BOARD_ClockInit)
    BOARD_InitOsc0                           0x00000a29   Thumb Code    20  board.o(i.BOARD_InitOsc0)
    BOARD_InitRtcOsc                         0x00000a41   Thumb Code    20  board.o(i.BOARD_InitRtcOsc)
    CLOCK_HAL_EnablePll0InFllMode            0x00000a59   Thumb Code    64  fsl_mcg_hal.o(i.CLOCK_HAL_EnablePll0InFllMode)
    CLOCK_HAL_GetFllClk                      0x00000aad   Thumb Code    82  fsl_mcg_hal.o(i.CLOCK_HAL_GetFllClk)
    CLOCK_HAL_GetFllRefClk                   0x00000b01   Thumb Code    72  fsl_mcg_hal.o(i.CLOCK_HAL_GetFllRefClk)
    CLOCK_HAL_GetInternalRefClk              0x00000b5d   Thumb Code    52  fsl_mcg_hal.o(i.CLOCK_HAL_GetInternalRefClk)
    CLOCK_HAL_GetMcgMode                     0x00000bc7   Thumb Code   150  fsl_mcg_hal_modes.o(i.CLOCK_HAL_GetMcgMode)
    CLOCK_HAL_GetOutClk                      0x00000c5d   Thumb Code    78  fsl_mcg_hal.o(i.CLOCK_HAL_GetOutClk)
    CLOCK_HAL_GetPll0Clk                     0x00000cab   Thumb Code    68  fsl_mcg_hal.o(i.CLOCK_HAL_GetPll0Clk)
    CLOCK_HAL_GetPll0RefFreq                 0x00000cef   Thumb Code    12  fsl_mcg_hal.o(i.CLOCK_HAL_GetPll0RefFreq)
    CLOCK_HAL_SetFbeMode                     0x00000d5b   Thumb Code   228  fsl_mcg_hal_modes.o(i.CLOCK_HAL_SetFbeMode)
    CLOCK_HAL_SetFbiMode                     0x00000e41   Thumb Code   170  fsl_mcg_hal_modes.o(i.CLOCK_HAL_SetFbiMode)
    CLOCK_HAL_SetOsc0Mode                    0x00000f0d   Thumb Code    36  fsl_mcg_hal.o(i.CLOCK_HAL_SetOsc0Mode)
    CLOCK_HAL_SetOutDiv                      0x00000f31   Thumb Code    56  fsl_sim_hal_mk64f12.o(i.CLOCK_HAL_SetOutDiv)
    CLOCK_HAL_SetPbeMode                     0x00000f69   Thumb Code   228  fsl_mcg_hal_modes.o(i.CLOCK_HAL_SetPbeMode)
    CLOCK_HAL_TestFllExternalRefFreq         0x00001051   Thumb Code    70  fsl_mcg_hal.o(i.CLOCK_HAL_TestFllExternalRefFreq)
    CLOCK_HAL_TestFllFreq                    0x00001099   Thumb Code    50  fsl_mcg_hal.o(i.CLOCK_HAL_TestFllFreq)
    CLOCK_HAL_TestOscFreq                    0x000010d1   Thumb Code    38  fsl_mcg_hal.o(i.CLOCK_HAL_TestOscFreq)
    CLOCK_HAL_UpdateFastClkInternalRefDiv    0x00001105   Thumb Code   104  fsl_mcg_hal.o(i.CLOCK_HAL_UpdateFastClkInternalRefDiv)
    CLOCK_SYS_EnablePortClock                0x0000116d   Thumb Code    34  fsl_clock_mk64f12.o(i.CLOCK_SYS_EnablePortClock)
    CLOCK_SYS_EnableUartClock                0x000011d9   Thumb Code    34  fsl_clock_mk64f12.o(i.CLOCK_SYS_EnableUartClock)
    CLOCK_SYS_GetBusClockFreq                0x00001265   Thumb Code    26  fsl_clock_mk64f12.o(i.CLOCK_SYS_GetBusClockFreq)
    CLOCK_SYS_GetCoreClockFreq               0x00001289   Thumb Code    24  fsl_clock_mk64f12.o(i.CLOCK_SYS_GetCoreClockFreq)
    CLOCK_SYS_GetSystemClockFreq             0x000012a9   Thumb Code    24  fsl_clock_mk64f12.o(i.CLOCK_SYS_GetSystemClockFreq)
    CLOCK_SYS_GetUartFreq                    0x000012c9   Thumb Code    46  fsl_clock_mk64f12.o(i.CLOCK_SYS_GetUartFreq)
    CLOCK_SYS_OscInit                        0x000012f9   Thumb Code   160  fsl_clock_manager.o(i.CLOCK_SYS_OscInit)
    CLOCK_SYS_RtcOscInit                     0x000013c9   Thumb Code   204  fsl_clock_manager.o(i.CLOCK_SYS_RtcOscInit)
    CLOCK_SYS_SetConfiguration               0x000014c5   Thumb Code    72  fsl_clock_mk64f12.o(i.CLOCK_SYS_SetConfiguration)
    CLOCK_SYS_SetMcgMode                     0x0000152d   Thumb Code   340  fsl_clock_manager.o(i.CLOCK_SYS_SetMcgMode)
    CLOCK_SYS_SetOscerConfigration           0x000016cd   Thumb Code    32  fsl_clock_manager.o(i.CLOCK_SYS_SetOscerConfigration)
    DMA0_IRQHandler                          0x00001731   Thumb Code    10  fsl_edma_irq.o(i.DMA0_IRQHandler)
    DMA10_IRQHandler                         0x0000173b   Thumb Code    10  fsl_edma_irq.o(i.DMA10_IRQHandler)
    DMA11_IRQHandler                         0x00001745   Thumb Code    10  fsl_edma_irq.o(i.DMA11_IRQHandler)
    DMA12_IRQHandler                         0x0000174f   Thumb Code    10  fsl_edma_irq.o(i.DMA12_IRQHandler)
    DMA13_IRQHandler                         0x00001759   Thumb Code    10  fsl_edma_irq.o(i.DMA13_IRQHandler)
    DMA14_IRQHandler                         0x00001763   Thumb Code    10  fsl_edma_irq.o(i.DMA14_IRQHandler)
    DMA15_IRQHandler                         0x0000176d   Thumb Code    10  fsl_edma_irq.o(i.DMA15_IRQHandler)
    DMA1_IRQHandler                          0x00001777   Thumb Code    10  fsl_edma_irq.o(i.DMA1_IRQHandler)
    DMA2_IRQHandler                          0x00001781   Thumb Code    10  fsl_edma_irq.o(i.DMA2_IRQHandler)
    DMA3_IRQHandler                          0x0000178b   Thumb Code    10  fsl_edma_irq.o(i.DMA3_IRQHandler)
    DMA4_IRQHandler                          0x00001795   Thumb Code    10  fsl_edma_irq.o(i.DMA4_IRQHandler)
    DMA5_IRQHandler                          0x0000179f   Thumb Code    10  fsl_edma_irq.o(i.DMA5_IRQHandler)
    DMA6_IRQHandler                          0x000017a9   Thumb Code    10  fsl_edma_irq.o(i.DMA6_IRQHandler)
    DMA7_IRQHandler                          0x000017b3   Thumb Code    10  fsl_edma_irq.o(i.DMA7_IRQHandler)
    DMA8_IRQHandler                          0x000017bd   Thumb Code    10  fsl_edma_irq.o(i.DMA8_IRQHandler)
    DMA9_IRQHandler                          0x000017c7   Thumb Code    10  fsl_edma_irq.o(i.DMA9_IRQHandler)
    DbgConsole_Init                          0x00001825   Thumb Code   172  fsl_debug_console.o(i.DbgConsole_Init)
    EDMA_DRV_IRQHandler                      0x00001a09   Thumb Code    38  fsl_edma_driver.o(i.EDMA_DRV_IRQHandler)
    EDMA_DRV_InstallCallback                 0x00001a35   Thumb Code    10  fsl_edma_driver.o(i.EDMA_DRV_InstallCallback)
    EDMA_DRV_PushDescriptorToReg             0x00001a79   Thumb Code    46  fsl_edma_driver.o(i.EDMA_DRV_PushDescriptorToReg)
    EDMA_DRV_RequestChannel                  0x00001aad   Thumb Code   160  fsl_edma_driver.o(i.EDMA_DRV_RequestChannel)
    EDMA_DRV_StartChannel                    0x00001b51   Thumb Code    36  fsl_edma_driver.o(i.EDMA_DRV_StartChannel)
    EDMA_HAL_HTCDClearReg                    0x00001b79   Thumb Code   114  fsl_edma_hal.o(i.EDMA_HAL_HTCDClearReg)
    EDMA_HAL_PushSTCDToHTCD                  0x00001bed   Thumb Code   176  fsl_edma_hal.o(i.EDMA_HAL_PushSTCDToHTCD)
    EDMA_HAL_STCDSetAttribute                0x00001cd5   Thumb Code    70  fsl_edma_hal.o(i.EDMA_HAL_STCDSetAttribute)
    EDMA_HAL_STCDSetBasicTransfer            0x00001d55   Thumb Code   308  fsl_edma_hal.o(i.EDMA_HAL_STCDSetBasicTransfer)
    EDMA_HAL_STCDSetMajorCount               0x00001f39   Thumb Code    66  fsl_edma_hal.o(i.EDMA_HAL_STCDSetMajorCount)
    EDMA_HAL_STCDSetNbytes                   0x00001f89   Thumb Code    66  fsl_edma_hal.o(i.EDMA_HAL_STCDSetNbytes)
    EDMA_HAL_STCDSetScatterGatherLink        0x00002009   Thumb Code    80  fsl_edma_hal.o(i.EDMA_HAL_STCDSetScatterGatherLink)
    EDMA_HAL_SetDmaRequestCmd                0x0000207d   Thumb Code    10  fsl_edma_hal.o(i.EDMA_HAL_SetDmaRequestCmd)
    EDMA_HAL_SetErrorIntCmd                  0x00002087   Thumb Code    10  fsl_edma_hal.o(i.EDMA_HAL_SetErrorIntCmd)
    GPIO_HAL_SetPinDir                       0x000020f5   Thumb Code    52  fsl_gpio_hal.o(i.GPIO_HAL_SetPinDir)
    I2C0_IRQHandler                          0x000021a1   Thumb Code    10  i2c_mk64f.o(i.I2C0_IRQHandler)
    I2C1_IRQHandler                          0x00002291   Thumb Code    10  i2c_mk64f.o(i.I2C1_IRQHandler)
    I2C2_IRQHandler                          0x00002381   Thumb Code    10  i2c_mk64f.o(i.I2C2_IRQHandler)
    I2C_HAL_Init                             0x00002683   Thumb Code    30  fsl_i2c_hal.o(i.I2C_HAL_Init)
    I2C_HAL_SendStart                        0x000026d9   Thumb Code    36  fsl_i2c_hal.o(i.I2C_HAL_SendStart)
    I2C_HAL_SendStop                         0x000026fd   Thumb Code    74  fsl_i2c_hal.o(i.I2C_HAL_SendStop)
    I2C_HAL_SetAddress10bit                  0x00002769   Thumb Code    34  fsl_i2c_hal.o(i.I2C_HAL_SetAddress10bit)
    I2C_HAL_SetAddress7bit                   0x0000278b   Thumb Code    20  fsl_i2c_hal.o(i.I2C_HAL_SetAddress7bit)
    I2C_HAL_SetBaudRate                      0x000027a1   Thumb Code   162  fsl_i2c_hal.o(i.I2C_HAL_SetBaudRate)
    Initialize                               0x00003311   Thumb Code   140  fxos8700.o(i.Initialize)
    OSC_HAL_SetCapacitor                     0x000033a5   Thumb Code    12  fsl_osc_hal.o(i.OSC_HAL_SetCapacitor)
    SystemCoreClockUpdate                    0x000035c9   Thumb Code   426  system_mk64f12.o(i.SystemCoreClockUpdate)
    SystemInit                               0x0000378d   Thumb Code    34  system_mk64f12.o(i.SystemInit)
    UART_HAL_Getchar                         0x000037b9   Thumb Code    12  fsl_uart_hal.o(i.UART_HAL_Getchar)
    UART_HAL_Putchar                         0x000037c5   Thumb Code    10  fsl_uart_hal.o(i.UART_HAL_Putchar)
    UART_HAL_ReceiveDataPolling              0x000037cf   Thumb Code    86  fsl_uart_hal.o(i.UART_HAL_ReceiveDataPolling)
    UART_HAL_SendDataPolling                 0x00003825   Thumb Code    46  fsl_uart_hal.o(i.UART_HAL_SendDataPolling)
    UART_HAL_SetBaudRate                     0x00003853   Thumb Code    68  fsl_uart_hal.o(i.UART_HAL_SetBaudRate)
    UART_HAL_SetParityMode                   0x00003897   Thumb Code    28  fsl_uart_hal.o(i.UART_HAL_SetParityMode)
    board_init()                             0x000038b5   Thumb Code   256  main.o(i._Z10board_initv)
    board_display(GameBoard*)                0x000039c1   Thumb Code    82  main.o(i._Z13board_displayP9GameBoard)
    delay()                                  0x00003a21   Thumb Code    16  main.o(i._Z5delayv)
    i2c_init()                               0x00003a35   Thumb Code    92  main.o(i._Z8i2c_initv)
    GameController::draw(GameBoard&)         0x00003a99   Thumb Code    30  rockfall.o(i._ZN14GameController4drawER9GameBoard)
    GameController::render()                 0x00003ab9   Thumb Code    38  rockfall.o(i._ZN14GameController6renderEv)
    GameController::update(float)            0x00003ae5   Thumb Code    42  rockfall.o(i._ZN14GameController6updateEf)
    GameController::preUpdate()              0x00003b0f   Thumb Code     2  rockfall.o(i._ZN14GameController9preUpdateEv)
    GameController::GameController(GameBoard&) 0x00003b11   Thumb Code    84  rockfall.o(i._ZN14GameControllerC1ER9GameBoard)
    GameController::GameController__sub_object(GameBoard&) 0x00003b11   Thumb Code     0  rockfall.o(i._ZN14GameControllerC1ER9GameBoard)
    Player::draw(GameBoard&)                 0x00003b6d   Thumb Code    64  gameobject.o(i._ZN6Player4drawER9GameBoard)
    Player::update(float)                    0x00003bad   Thumb Code     2  gameobject.o(i._ZN6Player6updateEf)
    Player::Player(float, float)             0x00003bb1   Thumb Code    32  gameobject.o(i._ZN6PlayerC1Eff)
    Player::Player__sub_object(float, float) 0x00003bb1   Thumb Code     0  gameobject.o(i._ZN6PlayerC1Eff)
    RockFall::run()                          0x00003bdd   Thumb Code    14  rockfall.o(i._ZN8RockFall3runEv)
    RockFall::RockFall()                     0x00003beb   Thumb Code    42  rockfall.o(i._ZN8RockFallC1Ev)
    RockFall::RockFall__sub_object()         0x00003beb   Thumb Code     0  rockfall.o(i._ZN8RockFallC1Ev)
    GameBoard::drawOrange(int, int)          0x00003c15   Thumb Code    30  gameboard.o(i._ZN9GameBoard10drawOrangeEii)
    GameBoard::resetBoard()                  0x00003c33   Thumb Code    26  gameboard.o(i._ZN9GameBoard10resetBoardEv)
    GameBoard::draw(int, int, Color)         0x00003c4d   Thumb Code    62  gameboard.o(i._ZN9GameBoard4drawEii5Color)
    GameBoard::drawRed(int, int)             0x00003c8b   Thumb Code    58  gameboard.o(i._ZN9GameBoard7drawRedEii)
    GameBoard::drawGreen(int, int)           0x00003cc5   Thumb Code    66  gameboard.o(i._ZN9GameBoard9drawGreenEii)
    GameBoard::GameBoard()                   0x00003d07   Thumb Code    30  gameboard.o(i._ZN9GameBoardC1Ev)
    GameBoard::GameBoard__sub_object()       0x00003d07   Thumb Code     0  gameboard.o(i._ZN9GameBoardC1Ev)
    std::floor(float)                        0x00003d25   Thumb Code    24  gameobject.o(i._ZSt5floorf)
    operator new[] (unsigned)                0x00003d3d   Thumb Code     8  array_new.o(i._Znaj)
    operator new(unsigned)                   0x00003d45   Thumb Code    34  new.o(i._Znwj)
    __hardfp_floorf                          0x00003d6d   Thumb Code    98  floorf.o(i.__hardfp_floorf)
    configure_uart_pins                      0x00003ddd   Thumb Code    62  pin_mux.o(i.configure_uart_pins)
    dbg_uart_init                            0x00003e25   Thumb Code    22  board.o(i.dbg_uart_init)
    hardware_init                            0x00003e3b   Thumb Code    36  hardware_init.o(i.hardware_init)
    init_data_bss                            0x00003e61   Thumb Code    54  startup.o(i.init_data_bss)
    main                                     0x00003ea9   Thumb Code    50  main.o(i.main)
    _fp_init                                 0x00003edb   Thumb Code    10  fpinit.o(x$fpl$fpinit)
    __fplib_config_fpu_vfp                   0x00003ee3   Thumb Code     0  fpinit.o(x$fpl$fpinit)
    __fplib_config_pureend_doubles           0x00003ee3   Thumb Code     0  fpinit.o(x$fpl$fpinit)
    __I$use$fp                               0x00003ee4   Number         0  usenofp.o(x$fpl$usenofp)
    Driver_I2C0                              0x00003f64   Data          48  i2c_mk64f.o(.constdata)
    Driver_I2C1                              0x00003f94   Data          48  i2c_mk64f.o(.constdata)
    Driver_I2C2                              0x00003fc4   Data          48  i2c_mk64f.o(.constdata)
    g_defaultClockConfigVlpr                 0x00003ff4   Data          22  board.o(.constdata)
    g_defaultClockConfigRun                  0x0000400a   Data          22  board.o(.constdata)
    g_edmaBase                               0x0000403c   Data           4  fsl_edma_common.o(.constdata)
    g_dmamuxBase                             0x00004040   Data           4  fsl_edma_common.o(.constdata)
    g_edmaIrqId                              0x00004044   Data          16  fsl_edma_common.o(.constdata)
    g_edmaErrIrqId                           0x00004054   Data           1  fsl_edma_common.o(.constdata)
    g_rtcBase                                0x00004058   Data           4  fsl_rtc_common.o(.constdata)
    g_rtcIrqId                               0x0000405c   Data           1  fsl_rtc_common.o(.constdata)
    g_rtcSecondsIrqId                        0x0000405d   Data           1  fsl_rtc_common.o(.constdata)
    kI2CDividerTable                         0x0000405e   Data         200  fsl_i2c_hal.o(.constdata)
    g_simBase                                0x00004170   Data           4  fsl_clock_manager_common.o(.constdata)
    g_mcgBase                                0x00004174   Data           4  fsl_clock_manager_common.o(.constdata)
    g_oscBase                                0x00004178   Data           4  fsl_clock_manager_common.o(.constdata)
    vtable for Controller                    0x00004194   Data          24  rockfall.o(.constdata__ZTV10Controller)
    vtable for GameController                0x000041ac   Data          24  rockfall.o(.constdata__ZTV14GameController)
    vtable for Player                        0x000041c4   Data          20  gameobject.o(.constdata__ZTV6Player)
    vtable for Obstacle                      0x000041d8   Data          20  gameobject.o(.constdata__ZTV8Obstacle)
    Region$$Table$$Base                      0x000044f4   Number         0  anon$$obj.o(Region$$Table)
    Region$$Table$$Limit                     0x00004514   Number         0  anon$$obj.o(Region$$Table)
    Image$$RW_m_data$$Base                   0x1fff0000   Number         0  anon$$obj.o ABSOLUTE
    adr                                      0x20000008   Data           4  main.o(.data)
    delayTime                                0x2000000c   Data           4  main.o(.data)
    g_edma                                   0x20000014   Data           4  fsl_edma_driver.o(.data)
    g_xtal0ClkFreq                           0x20000018   Data           4  fsl_mcg_hal.o(.data)
    g_xtalRtcClkFreq                         0x2000001c   Data           4  fsl_mcg_hal.o(.data)
    g_fastInternalRefClkFreq                 0x20000020   Data           4  fsl_mcg_hal.o(.data)
    g_slowInternalRefClkFreq                 0x20000024   Data           4  fsl_mcg_hal.o(.data)
    SystemCoreClock                          0x20000028   Data           4  system_mk64f12.o(.data)
    __libspace_start                         0x2000009c   Data          96  libspace.o(.bss)
    Image$$ARM_LIB_HEAP$$ZI$$Base            0x200000fc   Number         0  anon$$obj.o ABSOLUTE
    __temporary_stack_top$libspace           0x200000fc   Data           0  libspace.o(.bss)
    Image$$ARM_LIB_HEAP$$ZI$$Limit           0x200004fc   Number         0  anon$$obj.o ABSOLUTE
    Image$$ARM_LIB_STACK$$ZI$$Limit          0x20030000   Number         0  anon$$obj.o ABSOLUTE



==============================================================================

Memory Map of the image

  Image Entry point : 0x00000411

  Load Region LR_m_text (Base: 0x00000410, Size: 0x00004130, Max: 0x000ffbf0, ABSOLUTE)

    Execution Region ER_m_text (Exec base: 0x00000410, Load base: 0x00000410, Size: 0x00004104, Max: 0x000ffbf0, ABSOLUTE)

    Exec Addr    Load Addr    Size         Type   Attr      Idx    E Section Name        Object

    0x00000410   0x00000410   0x00000008   Code   RO         4171  * !!!main             c_w.l(__main.o)
    0x00000418   0x00000418   0x00000034   Code   RO         4620    !!!scatter          c_w.l(__scatter.o)
    0x0000044c   0x0000044c   0x0000001a   Code   RO         4622    !!handler_copy      c_w.l(__scatter_copy.o)
    0x00000466   0x00000466   0x00000002   PAD
    0x00000468   0x00000468   0x0000001c   Code   RO         4624    !!handler_zi        c_w.l(__scatter_zi.o)
    0x00000484   0x00000484   0x00000002   Code   RO         4550    .ARM.Collect$$libinit$$00000000  c_w.l(libinit.o)
    0x00000486   0x00000486   0x00000004   Code   RO         4343    .ARM.Collect$$libinit$$00000001  c_w.l(libinit2.o)
    0x0000048a   0x0000048a   0x00000000   Code   RO         4346    .ARM.Collect$$libinit$$00000004  c_w.l(libinit2.o)
    0x0000048a   0x0000048a   0x00000008   Code   RO         4578    .ARM.Collect$$libinit$$00000008  c_w.l(libinit5.o)
    0x00000492   0x00000492   0x00000000   Code   RO         4349    .ARM.Collect$$libinit$$0000000A  c_w.l(libinit2.o)
    0x00000492   0x00000492   0x00000000   Code   RO         4351    .ARM.Collect$$libinit$$0000000C  c_w.l(libinit2.o)
    0x00000492   0x00000492   0x00000000   Code   RO         4353    .ARM.Collect$$libinit$$0000000E  c_w.l(libinit2.o)
    0x00000492   0x00000492   0x00000000   Code   RO         4356    .ARM.Collect$$libinit$$00000011  c_w.l(libinit2.o)
    0x00000492   0x00000492   0x00000000   Code   RO         4358    .ARM.Collect$$libinit$$00000013  c_w.l(libinit2.o)
    0x00000492   0x00000492   0x00000000   Code   RO         4360    .ARM.Collect$$libinit$$00000015  c_w.l(libinit2.o)
    0x00000492   0x00000492   0x00000000   Code   RO         4362    .ARM.Collect$$libinit$$00000017  c_w.l(libinit2.o)
    0x00000492   0x00000492   0x00000000   Code   RO         4364    .ARM.Collect$$libinit$$00000019  c_w.l(libinit2.o)
    0x00000492   0x00000492   0x00000000   Code   RO         4366    .ARM.Collect$$libinit$$0000001B  c_w.l(libinit2.o)
    0x00000492   0x00000492   0x00000000   Code   RO         4368    .ARM.Collect$$libinit$$0000001D  c_w.l(libinit2.o)
    0x00000492   0x00000492   0x00000000   Code   RO         4370    .ARM.Collect$$libinit$$0000001F  c_w.l(libinit2.o)
    0x00000492   0x00000492   0x00000000   Code   RO         4372    .ARM.Collect$$libinit$$00000021  c_w.l(libinit2.o)
    0x00000492   0x00000492   0x00000000   Code   RO         4374    .ARM.Collect$$libinit$$00000023  c_w.l(libinit2.o)
    0x00000492   0x00000492   0x00000000   Code   RO         4376    .ARM.Collect$$libinit$$00000025  c_w.l(libinit2.o)
    0x00000492   0x00000492   0x00000000   Code   RO         4380    .ARM.Collect$$libinit$$0000002C  c_w.l(libinit2.o)
    0x00000492   0x00000492   0x00000000   Code   RO         4382    .ARM.Collect$$libinit$$0000002E  c_w.l(libinit2.o)
    0x00000492   0x00000492   0x00000000   Code   RO         4384    .ARM.Collect$$libinit$$00000030  c_w.l(libinit2.o)
    0x00000492   0x00000492   0x00000000   Code   RO         4386    .ARM.Collect$$libinit$$00000032  c_w.l(libinit2.o)
    0x00000492   0x00000492   0x00000002   Code   RO         4387    .ARM.Collect$$libinit$$00000033  c_w.l(libinit2.o)
    0x00000494   0x00000494   0x00000008   Code   RO         4579    .ARM.Collect$$libinit$$00002719  c_w.l(libinit5.o)
    0x0000049c   0x0000049c   0x00000002   Code   RO         4617    .ARM.Collect$$libshutdown$$00000000  c_w.l(libshutdown.o)
    0x0000049e   0x0000049e   0x00000000   Code   RO         4583    .ARM.Collect$$libshutdown$$00000002  c_w.l(libshutdown2.o)
    0x0000049e   0x0000049e   0x00000000   Code   RO         4585    .ARM.Collect$$libshutdown$$00000004  c_w.l(libshutdown2.o)
    0x0000049e   0x0000049e   0x00000000   Code   RO         4588    .ARM.Collect$$libshutdown$$00000007  c_w.l(libshutdown2.o)
    0x0000049e   0x0000049e   0x00000000   Code   RO         4591    .ARM.Collect$$libshutdown$$0000000A  c_w.l(libshutdown2.o)
    0x0000049e   0x0000049e   0x00000000   Code   RO         4593    .ARM.Collect$$libshutdown$$0000000C  c_w.l(libshutdown2.o)
    0x0000049e   0x0000049e   0x00000000   Code   RO         4596    .ARM.Collect$$libshutdown$$0000000F  c_w.l(libshutdown2.o)
    0x0000049e   0x0000049e   0x00000002   Code   RO         4597    .ARM.Collect$$libshutdown$$00000010  c_w.l(libshutdown2.o)
    0x000004a0   0x000004a0   0x00000000   Code   RO         4298    .ARM.Collect$$rtentry$$00000000  c_w.l(__rtentry.o)
    0x000004a0   0x000004a0   0x00000000   Code   RO         4431    .ARM.Collect$$rtentry$$00000002  c_w.l(__rtentry2.o)
    0x000004a0   0x000004a0   0x00000004   Code   RO         4445    .ARM.Collect$$rtentry$$00000007  c_w.l(__rtentry7.o)
    0x000004a4   0x000004a4   0x00000000   Code   RO         4433    .ARM.Collect$$rtentry$$00000009  c_w.l(__rtentry2.o)
    0x000004a4   0x000004a4   0x00000004   Code   RO         4434    .ARM.Collect$$rtentry$$0000000A  c_w.l(__rtentry2.o)
    0x000004a8   0x000004a8   0x00000000   Code   RO         4436    .ARM.Collect$$rtentry$$0000000C  c_w.l(__rtentry2.o)
    0x000004a8   0x000004a8   0x00000008   Code   RO         4437    .ARM.Collect$$rtentry$$0000000D  c_w.l(__rtentry2.o)
    0x000004b0   0x000004b0   0x00000004   Code   RO         4446    .ARM.Collect$$rtentry$$00002718  c_w.l(__rtentry7.o)
    0x000004b4   0x000004b4   0x00000002   Code   RO         4566    .ARM.Collect$$rtexit$$00000000  c_w.l(rtexit.o)
    0x000004b6   0x000004b6   0x00000000   Code   RO         4599    .ARM.Collect$$rtexit$$00000002  c_w.l(rtexit2.o)
    0x000004b6   0x000004b6   0x00000004   Code   RO         4600    .ARM.Collect$$rtexit$$00000003  c_w.l(rtexit2.o)
    0x000004ba   0x000004ba   0x00000006   Code   RO         4601    .ARM.Collect$$rtexit$$00000004  c_w.l(rtexit2.o)
    0x000004c0   0x000004c0   0x00000000   Code   RO         4456    .emb_text           c_w.l(maybetermalloc1.o)
    0x000004c0   0x000004c0   0x00000038   Code   RO         4053    .text               startup_mk64f12.o
    0x000004f8   0x000004f8   0x0000005e   Code   RO         4101    .text               c_w.l(h1_alloc.o)
    0x00000556   0x00000556   0x0000004e   Code   RO         4103    .text               c_w.l(h1_free.o)
    0x000005a4   0x000005a4   0x00000080   Code   RO         4161    .text               c_w.l(assert.o)
    0x00000624   0x00000624   0x00000064   Code   RO         4165    .text               c_w.l(rt_memcpy_w.o)
    0x00000688   0x00000688   0x0000004e   Code   RO         4169    .text               c_w.l(rt_memclr_w.o)
    0x000006d6   0x000006d6   0x00000002   PAD
    0x000006d8   0x000006d8   0x00000008   Code   RO         4306    .text               c_w.l(rt_heap_descriptor_intlibspace.o)
    0x000006e0   0x000006e0   0x00000008   Code   RO         4311    .text               c_w.l(rt_new_handler_addr_intlibspace.o)
    0x000006e8   0x000006e8   0x00000004   Code   RO         4313    .text               c_w.l(hguard.o)
    0x000006ec   0x000006ec   0x0000008a   Code   RO         4315    .text               c_w.l(init_alloc.o)
    0x00000776   0x00000776   0x0000000e   Code   RO         4319    .text               c_w.l(h1_init.o)
    0x00000784   0x00000784   0x00000016   Code   RO         4333    .text               c_w.l(abort.o)
    0x0000079a   0x0000079a   0x00000014   Code   RO         4339    .text               c_w.l(assert_puts.o)
    0x000007ae   0x000007ae   0x00000004   Code   RO         4391    .text               cpprt_w.l(arm_newhandler_noexceptions.o)
    0x000007b2   0x000007b2   0x0000000e   Code   RO         4421    .text               c_w.l(sys_wrch.o)
    0x000007c0   0x000007c0   0x0000000c   Code   RO         4425    .text               c_w.l(sys_exit.o)
    0x000007cc   0x000007cc   0x00000034   Code   RO         4458    .text               c_w.l(h1_extend.o)
    0x00000800   0x00000800   0x0000000a   Code   RO         4462    .text               c_w.l(defsig_exit.o)
    0x0000080a   0x0000080a   0x0000000e   Code   RO         4464    .text               c_w.l(defsig_abrt_outer.o)
    0x00000818   0x00000818   0x0000000e   Code   RO         4468    .text               c_w.l(defsig_rtmem_outer.o)
    0x00000826   0x00000826   0x0000001a   Code   RO         4500    .text               cpprt_w.l(arm_exceptions_terminate.o)
    0x00000840   0x00000840   0x00000050   Code   RO         4507    .text               cpprt_w.l(arm_exceptions_globs.o)
    0x00000890   0x00000890   0x00000002   Code   RO         4515    .text               c_w.l(use_no_semi.o)
    0x00000892   0x00000892   0x00000000   Code   RO         4517    .text               c_w.l(indicate_semi.o)
    0x00000892   0x00000892   0x00000002   PAD
    0x00000894   0x00000894   0x00000008   Code   RO         4523    .text               c_w.l(rt_eh_globals_addr_intlibspace.o)
    0x0000089c   0x0000089c   0x00000012   Code   RO         4527    .text               c_w.l(exit.o)
    0x000008ae   0x000008ae   0x00000032   Code   RO         4531    .text               c_w.l(defsig_general.o)
    0x000008e0   0x000008e0   0x00000030   Code   RO         4533    .text               c_w.l(defsig_abrt_inner.o)
    0x00000910   0x00000910   0x00000050   Code   RO         4539    .text               c_w.l(defsig_rtmem_inner.o)
    0x00000960   0x00000960   0x0000003c   Code   RO         4554    .text               cpprt_w.l(arm_exceptions_mem.o)
    0x0000099c   0x0000099c   0x00000024   Code   RO          329    i.Accelerometer_Initialize  fxos8700.o
    0x000009c0   0x000009c0   0x00000068   Code   RO          890    i.BOARD_ClockInit   board.o
    0x00000a28   0x00000a28   0x00000018   Code   RO          891    i.BOARD_InitOsc0    board.o
    0x00000a40   0x00000a40   0x00000018   Code   RO          892    i.BOARD_InitRtcOsc  board.o
    0x00000a58   0x00000a58   0x00000040   Code   RO         2283    i.CLOCK_HAL_EnablePll0InFllMode  fsl_mcg_hal.o
    0x00000a98   0x00000a98   0x0000000a   Code   RO         2429    i.CLOCK_HAL_GetClkOutStat  fsl_mcg_hal_modes.o
    0x00000aa2   0x00000aa2   0x0000000a   Code   RO         3683    i.CLOCK_HAL_GetClkOutStat  fsl_clock_manager.o
    0x00000aac   0x00000aac   0x00000052   Code   RO         2287    i.CLOCK_HAL_GetFllClk  fsl_mcg_hal.o
    0x00000afe   0x00000afe   0x00000002   PAD
    0x00000b00   0x00000b00   0x0000004c   Code   RO         2288    i.CLOCK_HAL_GetFllRefClk  fsl_mcg_hal.o
    0x00000b4c   0x00000b4c   0x0000000e   Code   RO         2430    i.CLOCK_HAL_GetFllSrc  fsl_mcg_hal_modes.o
    0x00000b5a   0x00000b5a   0x00000002   PAD
    0x00000b5c   0x00000b5c   0x0000003c   Code   RO         2289    i.CLOCK_HAL_GetInternalRefClk  fsl_mcg_hal.o
    0x00000b98   0x00000b98   0x0000000e   Code   RO         2290    i.CLOCK_HAL_GetInternalRefClkMode  fsl_mcg_hal.o
    0x00000ba6   0x00000ba6   0x0000000e   Code   RO         2431    i.CLOCK_HAL_GetInternalRefClkMode  fsl_mcg_hal_modes.o
    0x00000bb4   0x00000bb4   0x00000012   Code   RO         2291    i.CLOCK_HAL_GetMcgExternalClkFreq  fsl_mcg_hal.o
    0x00000bc6   0x00000bc6   0x00000096   Code   RO         2432    i.CLOCK_HAL_GetMcgMode  fsl_mcg_hal_modes.o
    0x00000c5c   0x00000c5c   0x0000004e   Code   RO         2292    i.CLOCK_HAL_GetOutClk  fsl_mcg_hal.o
    0x00000caa   0x00000caa   0x00000044   Code   RO         2293    i.CLOCK_HAL_GetPll0Clk  fsl_mcg_hal.o
    0x00000cee   0x00000cee   0x0000000c   Code   RO         2294    i.CLOCK_HAL_GetPll0RefFreq  fsl_mcg_hal.o
    0x00000cfa   0x00000cfa   0x00000016   Code   RO         2433    i.CLOCK_HAL_IsOsc0Stable  fsl_mcg_hal_modes.o
    0x00000d10   0x00000d10   0x00000016   Code   RO         2434    i.CLOCK_HAL_IsPllSelected  fsl_mcg_hal_modes.o
    0x00000d26   0x00000d26   0x0000002a   Code   RO         2435    i.CLOCK_HAL_PrepareOsc  fsl_mcg_hal_modes.o
    0x00000d50   0x00000d50   0x0000000a   Code   RO         3684    i.CLOCK_HAL_SetClkOutSrc  fsl_clock_manager.o
    0x00000d5a   0x00000d5a   0x000000e4   Code   RO         2438    i.CLOCK_HAL_SetFbeMode  fsl_mcg_hal_modes.o
    0x00000e3e   0x00000e3e   0x00000002   PAD
    0x00000e40   0x00000e40   0x000000b4   Code   RO         2439    i.CLOCK_HAL_SetFbiMode  fsl_mcg_hal_modes.o
    0x00000ef4   0x00000ef4   0x0000000c   Code   RO         2295    i.CLOCK_HAL_SetInternalRefClkMode  fsl_mcg_hal.o
    0x00000f00   0x00000f00   0x0000000c   Code   RO         3685    i.CLOCK_HAL_SetLowPowerModeCmd  fsl_clock_manager.o
    0x00000f0c   0x00000f0c   0x00000024   Code   RO         2296    i.CLOCK_HAL_SetOsc0Mode  fsl_mcg_hal.o
    0x00000f30   0x00000f30   0x00000038   Code   RO         2707    i.CLOCK_HAL_SetOutDiv  fsl_sim_hal_mk64f12.o
    0x00000f68   0x00000f68   0x000000e8   Code   RO         2442    i.CLOCK_HAL_SetPbeMode  fsl_mcg_hal_modes.o
    0x00001050   0x00001050   0x00000046   Code   RO         2297    i.CLOCK_HAL_TestFllExternalRefFreq  fsl_mcg_hal.o
    0x00001096   0x00001096   0x00000002   PAD
    0x00001098   0x00001098   0x00000038   Code   RO         2298    i.CLOCK_HAL_TestFllFreq  fsl_mcg_hal.o
    0x000010d0   0x000010d0   0x00000034   Code   RO         2299    i.CLOCK_HAL_TestOscFreq  fsl_mcg_hal.o
    0x00001104   0x00001104   0x00000068   Code   RO         2301    i.CLOCK_HAL_UpdateFastClkInternalRefDiv  fsl_mcg_hal.o
    0x0000116c   0x0000116c   0x0000006c   Code   RO         3366    i.CLOCK_SYS_EnablePortClock  fsl_clock_mk64f12.o
    0x000011d8   0x000011d8   0x0000006c   Code   RO         3368    i.CLOCK_SYS_EnableUartClock  fsl_clock_mk64f12.o
    0x00001244   0x00001244   0x0000001e   Code   RO         3369    i.CLOCK_SYS_FllStableDelay  fsl_clock_mk64f12.o
    0x00001262   0x00001262   0x00000002   PAD
    0x00001264   0x00001264   0x00000024   Code   RO         3371    i.CLOCK_SYS_GetBusClockFreq  fsl_clock_mk64f12.o
    0x00001288   0x00001288   0x00000020   Code   RO         3372    i.CLOCK_SYS_GetCoreClockFreq  fsl_clock_mk64f12.o
    0x000012a8   0x000012a8   0x00000020   Code   RO         3393    i.CLOCK_SYS_GetSystemClockFreq  fsl_clock_mk64f12.o
    0x000012c8   0x000012c8   0x0000002e   Code   RO         3395    i.CLOCK_SYS_GetUartFreq  fsl_clock_mk64f12.o
    0x000012f6   0x000012f6   0x00000002   PAD
    0x000012f8   0x000012f8   0x000000d0   Code   RO         3690    i.CLOCK_SYS_OscInit  fsl_clock_manager.o
    0x000013c8   0x000013c8   0x000000fc   Code   RO         3692    i.CLOCK_SYS_RtcOscInit  fsl_clock_manager.o
    0x000014c4   0x000014c4   0x00000068   Code   RO         3399    i.CLOCK_SYS_SetConfiguration  fsl_clock_mk64f12.o
    0x0000152c   0x0000152c   0x00000158   Code   RO         3693    i.CLOCK_SYS_SetMcgMode  fsl_clock_manager.o
    0x00001684   0x00001684   0x00000048   Code   RO         3694    i.CLOCK_SYS_SetMcgPeeToFbe  fsl_clock_manager.o
    0x000016cc   0x000016cc   0x00000024   Code   RO         3695    i.CLOCK_SYS_SetOscerConfigration  fsl_clock_manager.o
    0x000016f0   0x000016f0   0x00000040   Code   RO         3400    i.CLOCK_SYS_SetSimConfigration  fsl_clock_mk64f12.o
    0x00001730   0x00001730   0x0000000a   Code   RO         1374    i.DMA0_IRQHandler   fsl_edma_irq.o
    0x0000173a   0x0000173a   0x0000000a   Code   RO         1375    i.DMA10_IRQHandler  fsl_edma_irq.o
    0x00001744   0x00001744   0x0000000a   Code   RO         1376    i.DMA11_IRQHandler  fsl_edma_irq.o
    0x0000174e   0x0000174e   0x0000000a   Code   RO         1377    i.DMA12_IRQHandler  fsl_edma_irq.o
    0x00001758   0x00001758   0x0000000a   Code   RO         1378    i.DMA13_IRQHandler  fsl_edma_irq.o
    0x00001762   0x00001762   0x0000000a   Code   RO         1379    i.DMA14_IRQHandler  fsl_edma_irq.o
    0x0000176c   0x0000176c   0x0000000a   Code   RO         1380    i.DMA15_IRQHandler  fsl_edma_irq.o
    0x00001776   0x00001776   0x0000000a   Code   RO         1381    i.DMA1_IRQHandler   fsl_edma_irq.o
    0x00001780   0x00001780   0x0000000a   Code   RO         1382    i.DMA2_IRQHandler   fsl_edma_irq.o
    0x0000178a   0x0000178a   0x0000000a   Code   RO         1383    i.DMA3_IRQHandler   fsl_edma_irq.o
    0x00001794   0x00001794   0x0000000a   Code   RO         1384    i.DMA4_IRQHandler   fsl_edma_irq.o
    0x0000179e   0x0000179e   0x0000000a   Code   RO         1385    i.DMA5_IRQHandler   fsl_edma_irq.o
    0x000017a8   0x000017a8   0x0000000a   Code   RO         1386    i.DMA6_IRQHandler   fsl_edma_irq.o
    0x000017b2   0x000017b2   0x0000000a   Code   RO         1387    i.DMA7_IRQHandler   fsl_edma_irq.o
    0x000017bc   0x000017bc   0x0000000a   Code   RO         1388    i.DMA8_IRQHandler   fsl_edma_irq.o
    0x000017c6   0x000017c6   0x0000000a   Code   RO         1389    i.DMA9_IRQHandler   fsl_edma_irq.o
    0x000017d0   0x000017d0   0x00000054   Code   RO         1208    i.DMAMUX_HAL_SetChannelCmd  fsl_edma_driver.o
    0x00001824   0x00001824   0x000000bc   Code   RO         3887    i.DbgConsole_Init   fsl_debug_console.o
    0x000018e0   0x000018e0   0x000000f4   Code   RO         1209    i.EDMA_DRV_ClaimChannel  fsl_edma_driver.o
    0x000019d4   0x000019d4   0x00000034   Code   RO         1210    i.EDMA_DRV_ClearIntStatus  fsl_edma_driver.o
    0x00001a08   0x00001a08   0x0000002c   Code   RO         1215    i.EDMA_DRV_IRQHandler  fsl_edma_driver.o
    0x00001a34   0x00001a34   0x0000000a   Code   RO         1217    i.EDMA_DRV_InstallCallback  fsl_edma_driver.o
    0x00001a3e   0x00001a3e   0x00000002   PAD
    0x00001a40   0x00001a40   0x00000038   Code   RO          417    i.EDMA_DRV_PrepareDescriptorTransfer  i2c_mk64f.o
    0x00001a78   0x00001a78   0x00000034   Code   RO         1220    i.EDMA_DRV_PushDescriptorToReg  fsl_edma_driver.o
    0x00001aac   0x00001aac   0x000000a4   Code   RO         1222    i.EDMA_DRV_RequestChannel  fsl_edma_driver.o
    0x00001b50   0x00001b50   0x00000028   Code   RO         1223    i.EDMA_DRV_StartChannel  fsl_edma_driver.o
    0x00001b78   0x00001b78   0x00000072   Code   RO         1885    i.EDMA_HAL_HTCDClearReg  fsl_edma_hal.o
    0x00001bea   0x00001bea   0x00000002   PAD
    0x00001bec   0x00001bec   0x000000e8   Code   RO         1898    i.EDMA_HAL_PushSTCDToHTCD  fsl_edma_hal.o
    0x00001cd4   0x00001cd4   0x00000054   Code   RO         1899    i.EDMA_HAL_STCDSetAttribute  fsl_edma_hal.o
    0x00001d28   0x00001d28   0x0000002c   Code   RO          418    i.EDMA_HAL_STCDSetBandwidth  i2c_mk64f.o
    0x00001d54   0x00001d54   0x00000148   Code   RO         1900    i.EDMA_HAL_STCDSetBasicTransfer  fsl_edma_hal.o
    0x00001e9c   0x00001e9c   0x0000003c   Code   RO          419    i.EDMA_HAL_STCDSetChannelMajorLink  i2c_mk64f.o
    0x00001ed8   0x00001ed8   0x00000030   Code   RO          420    i.EDMA_HAL_STCDSetDisableDmaRequestAfterTCDDoneCmd  i2c_mk64f.o
    0x00001f08   0x00001f08   0x00000030   Code   RO          421    i.EDMA_HAL_STCDSetHalfCompleteIntCmd  i2c_mk64f.o
    0x00001f38   0x00001f38   0x00000050   Code   RO         1902    i.EDMA_HAL_STCDSetMajorCount  fsl_edma_hal.o
    0x00001f88   0x00001f88   0x00000050   Code   RO         1904    i.EDMA_HAL_STCDSetNbytes  fsl_edma_hal.o
    0x00001fd8   0x00001fd8   0x00000030   Code   RO          422    i.EDMA_HAL_STCDSetScatterGatherCmd  i2c_mk64f.o
    0x00002008   0x00002008   0x00000074   Code   RO         1905    i.EDMA_HAL_STCDSetScatterGatherLink  fsl_edma_hal.o
    0x0000207c   0x0000207c   0x0000000a   Code   RO         1906    i.EDMA_HAL_SetDmaRequestCmd  fsl_edma_hal.o
    0x00002086   0x00002086   0x0000000a   Code   RO         1907    i.EDMA_HAL_SetErrorIntCmd  fsl_edma_hal.o
    0x00002090   0x00002090   0x00000030   Code   RO          423    i.GPIO_HAL_ClearPinOutput  i2c_mk64f.o
    0x000020c0   0x000020c0   0x00000034   Code   RO          424    i.GPIO_HAL_ReadPinInput  i2c_mk64f.o
    0x000020f4   0x000020f4   0x00000044   Code   RO         2060    i.GPIO_HAL_SetPinDir  fsl_gpio_hal.o
    0x00002138   0x00002138   0x00000030   Code   RO          425    i.GPIO_HAL_SetPinOutput  i2c_mk64f.o
    0x00002168   0x00002168   0x00000018   Code   RO          426    i.I2C0_Control      i2c_mk64f.o
    0x00002180   0x00002180   0x00000010   Code   RO          427    i.I2C0_GetDataCount  i2c_mk64f.o
    0x00002190   0x00002190   0x00000010   Code   RO          428    i.I2C0_GetStatus    i2c_mk64f.o
    0x000021a0   0x000021a0   0x00000010   Code   RO          429    i.I2C0_IRQHandler   i2c_mk64f.o
    0x000021b0   0x000021b0   0x00000014   Code   RO          430    i.I2C0_Initialize   i2c_mk64f.o
    0x000021c4   0x000021c4   0x00000020   Code   RO          431    i.I2C0_MasterReceive  i2c_mk64f.o
    0x000021e4   0x000021e4   0x00000020   Code   RO          432    i.I2C0_MasterTransmit  i2c_mk64f.o
    0x00002204   0x00002204   0x00000014   Code   RO          433    i.I2C0_PowerControl  i2c_mk64f.o
    0x00002218   0x00002218   0x00000018   Code   RO          434    i.I2C0_SlaveReceive  i2c_mk64f.o
    0x00002230   0x00002230   0x00000018   Code   RO          435    i.I2C0_SlaveTransmit  i2c_mk64f.o
    0x00002248   0x00002248   0x00000010   Code   RO          436    i.I2C0_Uninitialize  i2c_mk64f.o
    0x00002258   0x00002258   0x00000018   Code   RO          437    i.I2C1_Control      i2c_mk64f.o
    0x00002270   0x00002270   0x00000010   Code   RO          438    i.I2C1_GetDataCount  i2c_mk64f.o
    0x00002280   0x00002280   0x00000010   Code   RO          439    i.I2C1_GetStatus    i2c_mk64f.o
    0x00002290   0x00002290   0x00000010   Code   RO          440    i.I2C1_IRQHandler   i2c_mk64f.o
    0x000022a0   0x000022a0   0x00000014   Code   RO          441    i.I2C1_Initialize   i2c_mk64f.o
    0x000022b4   0x000022b4   0x00000020   Code   RO          442    i.I2C1_MasterReceive  i2c_mk64f.o
    0x000022d4   0x000022d4   0x00000020   Code   RO          443    i.I2C1_MasterTransmit  i2c_mk64f.o
    0x000022f4   0x000022f4   0x00000014   Code   RO          444    i.I2C1_PowerControl  i2c_mk64f.o
    0x00002308   0x00002308   0x00000018   Code   RO          445    i.I2C1_SlaveReceive  i2c_mk64f.o
    0x00002320   0x00002320   0x00000018   Code   RO          446    i.I2C1_SlaveTransmit  i2c_mk64f.o
    0x00002338   0x00002338   0x00000010   Code   RO          447    i.I2C1_Uninitialize  i2c_mk64f.o
    0x00002348   0x00002348   0x00000018   Code   RO          448    i.I2C2_Control      i2c_mk64f.o
    0x00002360   0x00002360   0x00000010   Code   RO          449    i.I2C2_GetDataCount  i2c_mk64f.o
    0x00002370   0x00002370   0x00000010   Code   RO          450    i.I2C2_GetStatus    i2c_mk64f.o
    0x00002380   0x00002380   0x00000010   Code   RO          451    i.I2C2_IRQHandler   i2c_mk64f.o
    0x00002390   0x00002390   0x00000014   Code   RO          452    i.I2C2_Initialize   i2c_mk64f.o
    0x000023a4   0x000023a4   0x00000020   Code   RO          453    i.I2C2_MasterReceive  i2c_mk64f.o
    0x000023c4   0x000023c4   0x00000020   Code   RO          454    i.I2C2_MasterTransmit  i2c_mk64f.o
    0x000023e4   0x000023e4   0x00000014   Code   RO          455    i.I2C2_PowerControl  i2c_mk64f.o
    0x000023f8   0x000023f8   0x00000018   Code   RO          456    i.I2C2_SlaveReceive  i2c_mk64f.o
    0x00002410   0x00002410   0x00000018   Code   RO          457    i.I2C2_SlaveTransmit  i2c_mk64f.o
    0x00002428   0x00002428   0x00000010   Code   RO          458    i.I2C2_Uninitialize  i2c_mk64f.o
    0x00002438   0x00002438   0x0000000c   Code   RO          459    i.I2CX_GetCapabilities  i2c_mk64f.o
    0x00002444   0x00002444   0x00000010   Code   RO          460    i.I2CX_GetVersion   i2c_mk64f.o
    0x00002454   0x00002454   0x000001f4   Code   RO          461    i.I2C_Control       i2c_mk64f.o
    0x00002648   0x00002648   0x00000014   Code   RO          462    i.I2C_GetDataCount  i2c_mk64f.o
    0x0000265c   0x0000265c   0x00000008   Code   RO          463    i.I2C_GetStatus     i2c_mk64f.o
    0x00002664   0x00002664   0x00000006   Code   RO          464    i.I2C_HAL_ClearInt  i2c_mk64f.o
    0x0000266a   0x0000266a   0x0000000c   Code   RO          465    i.I2C_HAL_GetStatusFlag  i2c_mk64f.o
    0x00002676   0x00002676   0x0000000c   Code   RO         2094    i.I2C_HAL_GetStatusFlag  fsl_i2c_hal.o
    0x00002682   0x00002682   0x0000001e   Code   RO         2095    i.I2C_HAL_Init      fsl_i2c_hal.o
    0x000026a0   0x000026a0   0x00000016   Code   RO          466    i.I2C_HAL_IsMaster  i2c_mk64f.o
    0x000026b6   0x000026b6   0x00000006   Code   RO          467    i.I2C_HAL_ReadByte  i2c_mk64f.o
    0x000026bc   0x000026bc   0x0000000e   Code   RO          468    i.I2C_HAL_SendAck   i2c_mk64f.o
    0x000026ca   0x000026ca   0x0000000e   Code   RO          469    i.I2C_HAL_SendNak   i2c_mk64f.o
    0x000026d8   0x000026d8   0x00000024   Code   RO         2103    i.I2C_HAL_SendStart  fsl_i2c_hal.o
    0x000026fc   0x000026fc   0x0000006c   Code   RO         2104    i.I2C_HAL_SendStop  fsl_i2c_hal.o
    0x00002768   0x00002768   0x00000022   Code   RO         2105    i.I2C_HAL_SetAddress10bit  fsl_i2c_hal.o
    0x0000278a   0x0000278a   0x00000014   Code   RO         2106    i.I2C_HAL_SetAddress7bit  fsl_i2c_hal.o
    0x0000279e   0x0000279e   0x00000002   PAD
    0x000027a0   0x000027a0   0x000000a8   Code   RO         2107    i.I2C_HAL_SetBaudRate  fsl_i2c_hal.o
    0x00002848   0x00002848   0x0000000c   Code   RO          470    i.I2C_HAL_SetDirMode  i2c_mk64f.o
    0x00002854   0x00002854   0x0000000c   Code   RO          471    i.I2C_HAL_SetDmaCmd  i2c_mk64f.o
    0x00002860   0x00002860   0x0000000c   Code   RO          472    i.I2C_HAL_SetIntCmd  i2c_mk64f.o
    0x0000286c   0x0000286c   0x00000004   Code   RO          473    i.I2C_HAL_WriteByte  i2c_mk64f.o
    0x00002870   0x00002870   0x000000f8   Code   RO          474    i.I2C_Initialize    i2c_mk64f.o
    0x00002968   0x00002968   0x0000013e   Code   RO          475    i.I2C_MasterReceive  i2c_mk64f.o
    0x00002aa6   0x00002aa6   0x0000013e   Code   RO          476    i.I2C_MasterTransmit  i2c_mk64f.o
    0x00002be4   0x00002be4   0x0000018c   Code   RO          477    i.I2C_PowerControl  i2c_mk64f.o
    0x00002d70   0x00002d70   0x00000050   Code   RO          478    i.I2C_SlaveReceive  i2c_mk64f.o
    0x00002dc0   0x00002dc0   0x00000050   Code   RO          479    i.I2C_SlaveTransmit  i2c_mk64f.o
    0x00002e10   0x00002e10   0x0000000a   Code   RO          480    i.I2C_Uninitialize  i2c_mk64f.o
    0x00002e1a   0x00002e1a   0x00000002   PAD
    0x00002e1c   0x00002e1c   0x00000060   Code   RO          481    i.I2Cx_DMA_Callback  i2c_mk64f.o
    0x00002e7c   0x00002e7c   0x00000492   Code   RO          482    i.I2Cx_IRQHandler   i2c_mk64f.o
    0x0000330e   0x0000330e   0x00000002   PAD
    0x00003310   0x00003310   0x00000094   Code   RO          331    i.Initialize        fxos8700.o
    0x000033a4   0x000033a4   0x0000000c   Code   RO         2535    i.OSC_HAL_SetCapacitor  fsl_osc_hal.o
    0x000033b0   0x000033b0   0x0000000a   Code   RO         3697    i.OSC_HAL_SetExternalRefClkCmd  fsl_clock_manager.o
    0x000033ba   0x000033ba   0x0000000a   Code   RO         3698    i.OSC_HAL_SetExternalRefClkInStopModeCmd  fsl_clock_manager.o
    0x000033c4   0x000033c4   0x00000044   Code   RO          483    i.PORT_HAL_SetMuxMode  i2c_mk64f.o
    0x00003408   0x00003408   0x00000044   Code   RO         1019    i.PORT_HAL_SetMuxMode  pin_mux.o
    0x0000344c   0x0000344c   0x00000038   Code   RO          484    i.PORT_HAL_SetOpenDrainCmd  i2c_mk64f.o
    0x00003484   0x00003484   0x00000058   Code   RO          485    i.PTx_Base          i2c_mk64f.o
    0x000034dc   0x000034dc   0x0000000e   Code   RO         3699    i.RTC_HAL_SetOscillatorCmd  fsl_clock_manager.o
    0x000034ea   0x000034ea   0x00000002   PAD
    0x000034ec   0x000034ec   0x00000070   Code   RO          335    i.Register_Read     fxos8700.o
    0x0000355c   0x0000355c   0x00000048   Code   RO          336    i.Register_Write    fxos8700.o
    0x000035a4   0x000035a4   0x00000022   Code   RO         3402    i.SIM_HAL_EnableClock  fsl_clock_mk64f12.o
    0x000035c6   0x000035c6   0x00000002   PAD
    0x000035c8   0x000035c8   0x000001c4   Code   RO         4060    i.SystemCoreClockUpdate  system_mk64f12.o
    0x0000378c   0x0000378c   0x0000002c   Code   RO         4061    i.SystemInit        system_mk64f12.o
    0x000037b8   0x000037b8   0x0000000c   Code   RO         2871    i.UART_HAL_Getchar  fsl_uart_hal.o
    0x000037c4   0x000037c4   0x0000000a   Code   RO         2875    i.UART_HAL_Putchar  fsl_uart_hal.o
    0x000037ce   0x000037ce   0x00000056   Code   RO         2877    i.UART_HAL_ReceiveDataPolling  fsl_uart_hal.o
    0x00003824   0x00003824   0x0000002e   Code   RO         2881    i.UART_HAL_SendDataPolling  fsl_uart_hal.o
    0x00003852   0x00003852   0x00000044   Code   RO         2882    i.UART_HAL_SetBaudRate  fsl_uart_hal.o
    0x00003896   0x00003896   0x0000001c   Code   RO         2889    i.UART_HAL_SetParityMode  fsl_uart_hal.o
    0x000038b2   0x000038b2   0x00000002   PAD
    0x000038b4   0x000038b4   0x0000010c   Code   RO            7    i._Z10board_initv   main.o
    0x000039c0   0x000039c0   0x00000060   Code   RO            8    i._Z13board_displayP9GameBoard  main.o
    0x00003a20   0x00003a20   0x00000014   Code   RO            9    i._Z5delayv         main.o
    0x00003a34   0x00003a34   0x00000064   Code   RO           10    i._Z8i2c_initv      main.o
    0x00003a98   0x00003a98   0x0000001e   Code   RO          265    i._ZN14GameController4drawER9GameBoard  rockfall.o
    0x00003ab6   0x00003ab6   0x00000002   PAD
    0x00003ab8   0x00003ab8   0x0000002c   Code   RO          266    i._ZN14GameController6renderEv  rockfall.o
    0x00003ae4   0x00003ae4   0x0000002a   Code   RO          267    i._ZN14GameController6updateEf  rockfall.o
    0x00003b0e   0x00003b0e   0x00000002   Code   RO          268    i._ZN14GameController9preUpdateEv  rockfall.o
    0x00003b10   0x00003b10   0x0000005c   Code   RO          269    i._ZN14GameControllerC1ER9GameBoard  rockfall.o
    0x00003b6c   0x00003b6c   0x00000040   Code   RO          211    i._ZN6Player4drawER9GameBoard  gameobject.o
    0x00003bac   0x00003bac   0x00000002   Code   RO          212    i._ZN6Player6updateEf  gameobject.o
    0x00003bae   0x00003bae   0x00000002   PAD
    0x00003bb0   0x00003bb0   0x0000002c   Code   RO          214    i._ZN6PlayerC1Eff   gameobject.o
    0x00003bdc   0x00003bdc   0x0000000e   Code   RO          270    i._ZN8RockFall3runEv  rockfall.o
    0x00003bea   0x00003bea   0x0000002a   Code   RO          271    i._ZN8RockFallC1Ev  rockfall.o
    0x00003c14   0x00003c14   0x0000001e   Code   RO          163    i._ZN9GameBoard10drawOrangeEii  gameboard.o
    0x00003c32   0x00003c32   0x0000001a   Code   RO          164    i._ZN9GameBoard10resetBoardEv  gameboard.o
    0x00003c4c   0x00003c4c   0x0000003e   Code   RO          165    i._ZN9GameBoard4drawEii5Color  gameboard.o
    0x00003c8a   0x00003c8a   0x0000003a   Code   RO          166    i._ZN9GameBoard7drawRedEii  gameboard.o
    0x00003cc4   0x00003cc4   0x00000042   Code   RO          167    i._ZN9GameBoard9drawGreenEii  gameboard.o
    0x00003d06   0x00003d06   0x0000001e   Code   RO          168    i._ZN9GameBoardC1Ev  gameboard.o
    0x00003d24   0x00003d24   0x00000018   Code   RO          240    i._ZSt5floorf       gameobject.o
    0x00003d3c   0x00003d3c   0x00000008   Code   RO         4173    i._Znaj             cpprt_w.l(array_new.o)
    0x00003d44   0x00003d44   0x00000028   Code   RO         4177    i._Znwj             cpprt_w.l(new.o)
    0x00003d6c   0x00003d6c   0x00000070   Code   RO         4290    i.__hardfp_floorf   m_wm.l(floorf.o)
    0x00003ddc   0x00003ddc   0x00000048   Code   RO         1038    i.configure_uart_pins  pin_mux.o
    0x00003e24   0x00003e24   0x00000016   Code   RO          893    i.dbg_uart_init     board.o
    0x00003e3a   0x00003e3a   0x00000024   Code   RO         4022    i.hardware_init     hardware_init.o
    0x00003e5e   0x00003e5e   0x00000002   PAD
    0x00003e60   0x00003e60   0x00000048   Code   RO         1159    i.init_data_bss     startup.o
    0x00003ea8   0x00003ea8   0x00000032   Code   RO           11    i.main              main.o
    0x00003eda   0x00003eda   0x0000000a   Code   RO         4513    x$fpl$fpinit        fz_wm.l(fpinit.o)
    0x00003ee4   0x00003ee4   0x00000000   Code   RO         4420    x$fpl$usenofp       fz_wm.l(usenofp.o)
    0x00003ee4   0x00003ee4   0x00000110   Data   RO          487    .constdata          i2c_mk64f.o
    0x00003ff4   0x00003ff4   0x00000048   Data   RO          894    .constdata          board.o
    0x0000403c   0x0000403c   0x00000019   Data   RO         1187    .constdata          fsl_edma_common.o
    0x00004055   0x00004055   0x00000003   PAD
    0x00004058   0x00004058   0x00000006   Data   RO         1645    .constdata          fsl_rtc_common.o
    0x0000405e   0x0000405e   0x000000c8   Data   RO         2112    .constdata          fsl_i2c_hal.o
    0x00004126   0x00004126   0x00000030   Data   RO         2302    .constdata          fsl_mcg_hal.o
    0x00004156   0x00004156   0x00000019   Data   RO         3404    .constdata          fsl_clock_mk64f12.o
    0x0000416f   0x0000416f   0x00000001   PAD
    0x00004170   0x00004170   0x0000000c   Data   RO         3818    .constdata          fsl_clock_manager_common.o
    0x0000417c   0x0000417c   0x00000018   Data   RO         3896    .constdata          fsl_debug_console.o
    0x00004194   0x00004194   0x00000018   Data   RO          317    .constdata__ZTV10Controller  rockfall.o
    0x000041ac   0x000041ac   0x00000018   Data   RO          315    .constdata__ZTV14GameController  rockfall.o
    0x000041c4   0x000041c4   0x00000014   Data   RO          239    .constdata__ZTV6Player  gameobject.o
    0x000041d8   0x000041d8   0x00000014   Data   RO          247    .constdata__ZTV8Obstacle  gameobject.o
    0x000041ec   0x000041ec   0x000000ef   Data   RO          488    .conststring        i2c_mk64f.o
    0x000042db   0x000042db   0x00000001   PAD
    0x000042dc   0x000042dc   0x00000051   Data   RO         1229    .conststring        fsl_edma_driver.o
    0x0000432d   0x0000432d   0x00000003   PAD
    0x00004330   0x00004330   0x00000054   Data   RO         1908    .conststring        fsl_edma_hal.o
    0x00004384   0x00004384   0x00000054   Data   RO         2062    .conststring        fsl_gpio_hal.o
    0x000043d8   0x000043d8   0x00000052   Data   RO         2113    .conststring        fsl_i2c_hal.o
    0x0000442a   0x0000442a   0x00000002   PAD
    0x0000442c   0x0000442c   0x00000065   Data   RO         3405    .conststring        fsl_clock_mk64f12.o
    0x00004491   0x00004491   0x00000003   PAD
    0x00004494   0x00004494   0x0000005d   Data   RO         3701    .conststring        fsl_clock_manager.o
    0x000044f1   0x000044f1   0x00000003   PAD
    0x000044f4   0x000044f4   0x00000020   Data   RO         4618    Region$$Table       anon$$obj.o


    Execution Region RW_m_data (Exec base: 0x1fff0000, Load base: 0x00004514, Size: 0x00000000, Max: 0x00010000, ABSOLUTE)

    **** No section assigned to this execution region ****


    Execution Region RW_m_data_2 (Exec base: 0x20000000, Load base: 0x00004514, Size: 0x000000fc, Max: 0x0002f800, ABSOLUTE)

    Exec Addr    Load Addr    Size         Type   Attr      Idx    E Section Name        Object

    0x20000000   0x00004514   0x00000010   Data   RW           18    .data               main.o
    0x20000010   0x00004524   0x00000001   Data   RW          337    .data               fxos8700.o
    0x20000011   0x00004525   0x00000003   PAD
    0x20000014   0x00004528   0x00000004   Data   RW         1230    .data               fsl_edma_driver.o
    0x20000018   0x0000452c   0x00000010   Data   RW         2303    .data               fsl_mcg_hal.o
    0x20000028   0x0000453c   0x00000004   Data   RW         4062    .data               system_mk64f12.o
    0x2000002c        -       0x00000060   Zero   RW          486    .bss                i2c_mk64f.o
    0x2000008c        -       0x00000010   Zero   RW         3895    .bss                fsl_debug_console.o
    0x2000009c        -       0x00000060   Zero   RW         4428    .bss                c_w.l(libspace.o)


    Execution Region ARM_LIB_HEAP (Exec base: 0x200000fc, Load base: 0x00004540, Size: 0x00000400, Max: 0x00000400, ABSOLUTE)

    Exec Addr    Load Addr    Size         Type   Attr      Idx    E Section Name        Object

    0x200000fc        -       0x00000400   Zero   RW            1    ARM_LIB_HEAP.bss    anon$$obj.o


    Execution Region ARM_LIB_STACK (Exec base: 0x2002fc00, Load base: 0x00004540, Size: 0x00000400, Max: 0x00000400, ABSOLUTE)

    Exec Addr    Load Addr    Size         Type   Attr      Idx    E Section Name        Object

    0x2002fc00        -       0x00000400   Zero   RW            2    ARM_LIB_STACK.bss   anon$$obj.o



  Load Region LR_m_interrupts (Base: 0x00000000, Size: 0x00000400, Max: 0x00000400, ABSOLUTE)

    Execution Region VECTOR_RAM (Exec base: 0x00000000, Load base: 0x00000000, Size: 0x00000000, Max: 0x00000000, ABSOLUTE)

    Exec Addr    Load Addr    Size         Type   Attr      Idx    E Section Name        Object

    0x00000000        -       0x00000000   Zero   RW            3    VECTOR_RAM.bss      anon$$obj.o


    Execution Region VECTOR_ROM (Exec base: 0x00000000, Load base: 0x00000000, Size: 0x00000400, Max: 0x00000400, ABSOLUTE)

    Exec Addr    Load Addr    Size         Type   Attr      Idx    E Section Name        Object

    0x00000000   0x00000000   0x00000400   Data   RO         4051    RESET               startup_mk64f12.o



  Load Region LR_m_flash_config (Base: 0x00000400, Size: 0x00000010, Max: 0x00000010, ABSOLUTE)

    Execution Region ER_m_flash_config (Exec base: 0x00000400, Load base: 0x00000400, Size: 0x00000010, Max: 0x00000010, ABSOLUTE)

    Exec Addr    Load Addr    Size         Type   Attr      Idx    E Section Name        Object

    0x00000400   0x00000400   0x00000010   Data   RO         4052    FlashConfig         startup_mk64f12.o


==============================================================================

Image component sizes


      Code (inc. data)   RO Data    RW Data    ZI Data      Debug   Object Name

       174         40         72          0          0      30699   board.o
       978        110         93          0          0      30041   fsl_clock_manager.o
         0          0         12          0          0       1028   fsl_clock_manager_common.o
       594        222        126          0          0      29183   fsl_clock_mk64f12.o
       188         16         24          0         16      11881   fsl_debug_console.o
         0          0         25          0          0       1033   fsl_edma_common.o
       690        130         81          4          0      17812   fsl_edma_driver.o
      1054        154         84          0          0      14946   fsl_edma_hal.o
       160          0          0          0          0       9086   fsl_edma_irq.o
        68         16         84          0          0       1253   fsl_gpio_hal.o
       408         40        282          0          0       8754   fsl_i2c_hal.o
       802         40         48         16          0      17038   fsl_mcg_hal.o
       914         14          0          0          0      12724   fsl_mcg_hal_modes.o
         0          0          0          0          0       9164   fsl_os_abstraction_bm.o
        12          0          0          0          0       1135   fsl_osc_hal.o
         0          0          6          0          0        905   fsl_rtc_common.o
        56          0          0          0          0       1582   fsl_sim_hal_mk64f12.o
       250          0          0          0          0      12931   fsl_uart_hal.o
       368         22          0          1          0      12658   fxos8700.o
       272          0          0          0          0       5120   gameboard.o
       134         12         40          0          0       4168   gameobject.o
        36          0          0          0          0        544   hardware_init.o
      4770        412        511          0         96     734678   i2c_mk64f.o
       534         38          0         16          0      14216   main.o
       140         30          0          0          0       3258   pin_mux.o
       266         14         48          0          0       5420   rockfall.o
        72         18          0          0          0        580   startup.o
        56         18       1040          0          0        860   startup_mk64f12.o
       496         44          0          4          0       1651   system_mk64f12.o

    ----------------------------------------------------------------------
     13526       1390       2624         44       2160     994348   Object Totals
         0          0         32          0       2048          0   (incl. Generated)
        34          0         16          3          0          0   (incl. Padding)

    ----------------------------------------------------------------------

      Code (inc. data)   RO Data    RW Data    ZI Data      Debug   Library Member Name

         8          0          0          0          0         68   __main.o
         0          0          0          0          0          0   __rtentry.o
        12          0          0          0          0          0   __rtentry2.o
         8          4          0          0          0          0   __rtentry7.o
        52          8          0          0          0          0   __scatter.o
        26          0          0          0          0          0   __scatter_copy.o
        28          0          0          0          0          0   __scatter_zi.o
        22          0          0          0          0         80   abort.o
       128         42          0          0          0         76   assert.o
        20          0          0          0          0         76   assert_puts.o
        48         34          0          0          0         76   defsig_abrt_inner.o
        14          0          0          0          0         80   defsig_abrt_outer.o
        10          0          0          0          0         68   defsig_exit.o
        50          0          0          0          0         88   defsig_general.o
        80         58          0          0          0         76   defsig_rtmem_inner.o
        14          0          0          0          0         80   defsig_rtmem_outer.o
        18          0          0          0          0         80   exit.o
        94          0          0          0          0         80   h1_alloc.o
        52          0          0          0          0         68   h1_extend.o
        78          0          0          0          0         80   h1_free.o
        14          0          0          0          0         84   h1_init.o
         4          0          0          0          0        136   hguard.o
         0          0          0          0          0          0   indicate_semi.o
       138          0          0          0          0        168   init_alloc.o
         2          0          0          0          0          0   libinit.o
         6          0          0          0          0          0   libinit2.o
        16          8          0          0          0          0   libinit5.o
         2          0          0          0          0          0   libshutdown.o
         2          0          0          0          0          0   libshutdown2.o
         0          0          0          0         96          0   libspace.o
         0          0          0          0          0          0   maybetermalloc1.o
         8          4          0          0          0         68   rt_eh_globals_addr_intlibspace.o
         8          4          0          0          0         68   rt_heap_descriptor_intlibspace.o
        78          0          0          0          0         80   rt_memclr_w.o
       100          0          0          0          0         80   rt_memcpy_w.o
         8          4          0          0          0         68   rt_new_handler_addr_intlibspace.o
         2          0          0          0          0          0   rtexit.o
        10          0          0          0          0          0   rtexit2.o
        12          4          0          0          0         68   sys_exit.o
        14          0          0          0          0         76   sys_wrch.o
         2          0          0          0          0         68   use_no_semi.o
        80         12          0          0          0        104   arm_exceptions_globs.o
        60          0          0          0          0        108   arm_exceptions_mem.o
        26          0          0          0          0         76   arm_exceptions_terminate.o
         4          0          0          0          0         68   arm_newhandler_noexceptions.o
         8          0          0          0          0         76   array_new.o
        40          6          0          0          0         76   new.o
        10          0          0          0          0        116   fpinit.o
         0          0          0          0          0          0   usenofp.o
       112         14          0          0          0        116   floorf.o

    ----------------------------------------------------------------------
      1534        202          0          0         96       2780   Library Totals
         6          0          0          0          0          0   (incl. Padding)

    ----------------------------------------------------------------------

      Code (inc. data)   RO Data    RW Data    ZI Data      Debug   Library Name

      1188        170          0          0         96       2040   c_w.l
       218         18          0          0          0        508   cpprt_w.l
        10          0          0          0          0        116   fz_wm.l
       112         14          0          0          0        116   m_wm.l

    ----------------------------------------------------------------------
      1534        202          0          0         96       2780   Library Totals

    ----------------------------------------------------------------------

==============================================================================


      Code (inc. data)   RO Data    RW Data    ZI Data      Debug   

     15060       1592       2624         44       2256     976224   Grand Totals
     15060       1592       2624         44       2256     976224   ELF Image Totals
     15060       1592       2624         44          0          0   ROM Totals

==============================================================================

    Total RO  Size (Code + RO Data)                17684 (  17.27kB)
    Total RW  Size (RW Data + ZI Data)              2300 (   2.25kB)
    Total ROM Size (Code + RO Data + RW Data)      17728 (  17.31kB)

==============================================================================

